Archive member included because of file (symbol)

C:\code_red\ws_examples_to_committ\RDB1768_LCDlib\Release\libRDB1768_LCDlib.a(lcd_bitmap.o)
                              ./src/audiometer_main.o (LCD_PlotBitmap)
C:\code_red\ws_examples_to_committ\RDB1768_LCDlib\Release\libRDB1768_LCDlib.a(lcd_driver.o)
                              C:\code_red\ws_examples_to_committ\RDB1768_LCDlib\Release\libRDB1768_LCDlib.a(lcd_bitmap.o) (LCDdriver_WriteData)
C:\code_red\ws_examples_to_committ\RDB1768_LCDlib\Release\libRDB1768_LCDlib.a(lcd_shapes.o)
                              ./src/audiometer_main.o (LCD_FilledRect)
C:\code_red\ws_examples_to_committ\RDB1768_LCDlib\Release\libRDB1768_LCDlib.a(lcd_text.o)
                              ./src/audiometer_main.o (LCD_PrintString)
C:\code_red\ws_examples_to_committ\RDB1768_LCDlib\Release\libRDB1768_LCDlib.a(system_fixed_be_8_15.o)
                              C:\code_red\ws_examples_to_committ\RDB1768_LCDlib\Release\libRDB1768_LCDlib.a(lcd_text.o) (font_data_table)
c:/code_red/red_suite/tools/bin/../lib/gcc/arm-none-eabi/4.3.2/thumb2\libgcc.a(_arm_addsubdf3.o)
                              ./src/audiometer_main.o (__aeabi_dadd)
c:/code_red/red_suite/tools/bin/../lib/gcc/arm-none-eabi/4.3.2/thumb2\libgcc.a(_arm_muldivdf3.o)
                              ./src/audiometer_main.o (__aeabi_dmul)
c:/code_red/red_suite/tools/bin/../lib/gcc/arm-none-eabi/4.3.2/thumb2\libgcc.a(_arm_truncdfsf2.o)
                              ./src/audiometer_main.o (__aeabi_d2f)
c:/code_red/red_suite/tools/bin/../lib/gcc/arm-none-eabi/4.3.2/thumb2\libgcc.a(_arm_addsubsf3.o)
                              ./src/audiometer_main.o (__aeabi_i2f)
c:/code_red/red_suite/tools/bin/../lib/gcc/arm-none-eabi/4.3.2/thumb2\libgcc.a(_arm_muldivsf3.o)
                              ./src/audiometer_main.o (__aeabi_fdiv)
c:/code_red/red_suite/tools/bin/../lib/gcc/arm-none-eabi/4.3.2/thumb2\libgcc.a(_arm_cmpsf2.o)
                              ./src/audiometer_main.o (__aeabi_fcmpeq)
c:/code_red/red_suite/tools/bin/../lib/gcc/arm-none-eabi/4.3.2/thumb2\libgcc.a(_arm_fixsfsi.o)
                              ./src/audiometer_main.o (__aeabi_f2iz)
c:/code_red/red_suite/tools/bin/../lib/gcc/arm-none-eabi/4.3.2/../../../../arm-none-eabi/lib/thumb2\libc.a(lib_a-abs.o)
                              ./src/RDB1768_AUDIO.o (abs)
c:/code_red/red_suite/tools/bin/../lib/gcc/arm-none-eabi/4.3.2/../../../../arm-none-eabi/lib/thumb2\libc.a(lib_a-strlen.o)
                              C:\code_red\ws_examples_to_committ\RDB1768_LCDlib\Release\libRDB1768_LCDlib.a(lcd_text.o) (strlen)
c:/code_red/red_suite/tools/bin/../lib/gcc/arm-none-eabi/4.3.2/../../../../arm-none-eabi/lib/thumb2\libm.a(lib_a-w_log10.o)
                              ./src/audiometer_main.o (log10)
c:/code_red/red_suite/tools/bin/../lib/gcc/arm-none-eabi/4.3.2/../../../../arm-none-eabi/lib/thumb2\libm.a(lib_a-e_log10.o)
                              c:/code_red/red_suite/tools/bin/../lib/gcc/arm-none-eabi/4.3.2/../../../../arm-none-eabi/lib/thumb2\libm.a(lib_a-w_log10.o) (__ieee754_log10)
c:/code_red/red_suite/tools/bin/../lib/gcc/arm-none-eabi/4.3.2/../../../../arm-none-eabi/lib/thumb2\libm.a(lib_a-s_isnand.o)
                              c:/code_red/red_suite/tools/bin/../lib/gcc/arm-none-eabi/4.3.2/../../../../arm-none-eabi/lib/thumb2\libm.a(lib_a-w_log10.o) (__isnand)
c:/code_red/red_suite/tools/bin/../lib/gcc/arm-none-eabi/4.3.2/../../../../arm-none-eabi/lib/thumb2\libm.a(lib_a-s_lib_ver.o)
                              c:/code_red/red_suite/tools/bin/../lib/gcc/arm-none-eabi/4.3.2/../../../../arm-none-eabi/lib/thumb2\libm.a(lib_a-w_log10.o) (__fdlib_version)
c:/code_red/red_suite/tools/bin/../lib/gcc/arm-none-eabi/4.3.2/../../../../arm-none-eabi/lib/thumb2\libm.a(lib_a-s_matherr.o)
                              c:/code_red/red_suite/tools/bin/../lib/gcc/arm-none-eabi/4.3.2/../../../../arm-none-eabi/lib/thumb2\libm.a(lib_a-w_log10.o) (matherr)
c:/code_red/red_suite/tools/bin/../lib/gcc/arm-none-eabi/4.3.2/../../../../arm-none-eabi/lib/thumb2\libm.a(lib_a-s_nan.o)
                              c:/code_red/red_suite/tools/bin/../lib/gcc/arm-none-eabi/4.3.2/../../../../arm-none-eabi/lib/thumb2\libm.a(lib_a-w_log10.o) (nan)
c:/code_red/red_suite/tools/bin/../lib/gcc/arm-none-eabi/4.3.2/../../../../arm-none-eabi/lib/thumb2\libm.a(lib_a-e_log.o)
                              c:/code_red/red_suite/tools/bin/../lib/gcc/arm-none-eabi/4.3.2/../../../../arm-none-eabi/lib/thumb2\libm.a(lib_a-e_log10.o) (__ieee754_log)
c:/code_red/red_suite/tools/bin/../lib/gcc/arm-none-eabi/4.3.2/thumb2\libgcc.a(_arm_cmpdf2.o)
                              c:/code_red/red_suite/tools/bin/../lib/gcc/arm-none-eabi/4.3.2/../../../../arm-none-eabi/lib/thumb2\libm.a(lib_a-w_log10.o) (__aeabi_dcmpeq)
c:/code_red/red_suite/tools/bin/../lib/gcc/arm-none-eabi/4.3.2/../../../../arm-none-eabi/lib/thumb2\libc.a(lib_a-errno.o)
                              c:/code_red/red_suite/tools/bin/../lib/gcc/arm-none-eabi/4.3.2/../../../../arm-none-eabi/lib/thumb2\libm.a(lib_a-w_log10.o) (__errno)
c:/code_red/red_suite/tools/bin/../lib/gcc/arm-none-eabi/4.3.2/../../../../arm-none-eabi/lib/thumb2\libc.a(lib_a-impure.o)
                              c:/code_red/red_suite/tools/bin/../lib/gcc/arm-none-eabi/4.3.2/../../../../arm-none-eabi/lib/thumb2\libc.a(lib_a-errno.o) (_impure_ptr)

Allocating common symbols
Common symbol       size              file

I2CReadLength       0x4               ./src/i2c.o
I2CSlaveBuffer      0x30              ./src/i2c.o
gQ31_Peak_R         0x4               ./src/RDB1768_AUDIO.o
gQ31_Peak_L         0x4               ./src/RDB1768_AUDIO.o
I2CMode             0x4               ./src/i2c.o
I2CMasterBuffer     0x30              ./src/i2c.o
I2CCmd              0x4               ./src/i2c.o
I2CWriteLength      0x4               ./src/i2c.o
gQ31_Peak           0x8               ./src/RDB1768_AUDIO.o

Discarded input sections

 .text          0x00000000        0x0 ./src/RDB1768_AUDIO.o
 .data          0x00000000        0x0 ./src/RDB1768_AUDIO.o
 .bss           0x00000000        0x0 ./src/RDB1768_AUDIO.o
 .text          0x00000000        0x0 ./src/audiometer_main.o
 .bss           0x00000000        0x0 ./src/audiometer_main.o
 .text          0x00000000        0x0 ./src/cr_startup_lpc17.o
 .data          0x00000000        0x0 ./src/cr_startup_lpc17.o
 .bss           0x00000000        0x0 ./src/cr_startup_lpc17.o
 .text          0x00000000        0x0 ./src/delay.o
 .data          0x00000000        0x0 ./src/delay.o
 .bss           0x00000000        0x0 ./src/delay.o
 .text          0x00000000        0x0 ./src/i2c.o
 .data          0x00000000        0x0 ./src/i2c.o
 .text.I2C0MasterHandler
                0x00000000        0x0 ./src/i2c.o
 .text.I2CStart
                0x00000000        0x0 ./src/i2c.o
 .text.I2CStop  0x00000000        0x0 ./src/i2c.o
 .text          0x00000000        0x0 ./src/target.o
 .data          0x00000000        0x0 ./src/target.o
 .bss           0x00000000        0x0 ./src/target.o
 .text.TargetInit
                0x00000000        0x0 ./src/target.o
 .text.GPIOResetInit
                0x00000000        0x0 ./src/target.o
 .text.ConfigurePLL
                0x00000000        0x0 ./src/target.o
 .text          0x00000000        0x0 ./bitmaps/codered128x37.o
 .bss           0x00000000        0x0 ./bitmaps/codered128x37.o
 .text          0x00000000        0x0 C:\code_red\ws_examples_to_committ\RDB1768_LCDlib\Release\libRDB1768_LCDlib.a(lcd_bitmap.o)
 .data          0x00000000        0x0 C:\code_red\ws_examples_to_committ\RDB1768_LCDlib\Release\libRDB1768_LCDlib.a(lcd_bitmap.o)
 .bss           0x00000000        0x0 C:\code_red\ws_examples_to_committ\RDB1768_LCDlib\Release\libRDB1768_LCDlib.a(lcd_bitmap.o)
 .text.LCD_PlotBitmap24
                0x00000000        0x0 C:\code_red\ws_examples_to_committ\RDB1768_LCDlib\Release\libRDB1768_LCDlib.a(lcd_bitmap.o)
 .text          0x00000000        0x0 C:\code_red\ws_examples_to_committ\RDB1768_LCDlib\Release\libRDB1768_LCDlib.a(lcd_driver.o)
 .data          0x00000000        0x0 C:\code_red\ws_examples_to_committ\RDB1768_LCDlib\Release\libRDB1768_LCDlib.a(lcd_driver.o)
 .bss           0x00000000        0x0 C:\code_red\ws_examples_to_committ\RDB1768_LCDlib\Release\libRDB1768_LCDlib.a(lcd_driver.o)
 .text.LCDdriver_ConfigGPIOtoLCD
                0x00000000        0x0 C:\code_red\ws_examples_to_committ\RDB1768_LCDlib\Release\libRDB1768_LCDlib.a(lcd_driver.o)
 .text          0x00000000        0x0 C:\code_red\ws_examples_to_committ\RDB1768_LCDlib\Release\libRDB1768_LCDlib.a(lcd_shapes.o)
 .data          0x00000000        0x0 C:\code_red\ws_examples_to_committ\RDB1768_LCDlib\Release\libRDB1768_LCDlib.a(lcd_shapes.o)
 .bss           0x00000000        0x0 C:\code_red\ws_examples_to_committ\RDB1768_LCDlib\Release\libRDB1768_LCDlib.a(lcd_shapes.o)
 .text.LCD_PlotPoint
                0x00000000        0x0 C:\code_red\ws_examples_to_committ\RDB1768_LCDlib\Release\libRDB1768_LCDlib.a(lcd_shapes.o)
 .text.LCD_Line
                0x00000000        0x0 C:\code_red\ws_examples_to_committ\RDB1768_LCDlib\Release\libRDB1768_LCDlib.a(lcd_shapes.o)
 .text.LCD_Circle
                0x00000000        0x0 C:\code_red\ws_examples_to_committ\RDB1768_LCDlib\Release\libRDB1768_LCDlib.a(lcd_shapes.o)
 .text.LCD_FilledCircle
                0x00000000        0x0 C:\code_red\ws_examples_to_committ\RDB1768_LCDlib\Release\libRDB1768_LCDlib.a(lcd_shapes.o)
 .text          0x00000000        0x0 C:\code_red\ws_examples_to_committ\RDB1768_LCDlib\Release\libRDB1768_LCDlib.a(lcd_text.o)
 .data          0x00000000        0x0 C:\code_red\ws_examples_to_committ\RDB1768_LCDlib\Release\libRDB1768_LCDlib.a(lcd_text.o)
 .bss           0x00000000        0x0 C:\code_red\ws_examples_to_committ\RDB1768_LCDlib\Release\libRDB1768_LCDlib.a(lcd_text.o)
 .text.LCD_PrintChar
                0x00000000        0x0 C:\code_red\ws_examples_to_committ\RDB1768_LCDlib\Release\libRDB1768_LCDlib.a(lcd_text.o)
 .text          0x00000000        0x0 C:\code_red\ws_examples_to_committ\RDB1768_LCDlib\Release\libRDB1768_LCDlib.a(system_fixed_be_8_15.o)
 .data          0x00000000        0x0 C:\code_red\ws_examples_to_committ\RDB1768_LCDlib\Release\libRDB1768_LCDlib.a(system_fixed_be_8_15.o)
 .bss           0x00000000        0x0 C:\code_red\ws_examples_to_committ\RDB1768_LCDlib\Release\libRDB1768_LCDlib.a(system_fixed_be_8_15.o)
 .data          0x00000000        0x0 c:/code_red/red_suite/tools/bin/../lib/gcc/arm-none-eabi/4.3.2/thumb2\libgcc.a(_arm_addsubdf3.o)
 .bss           0x00000000        0x0 c:/code_red/red_suite/tools/bin/../lib/gcc/arm-none-eabi/4.3.2/thumb2\libgcc.a(_arm_addsubdf3.o)
 .data          0x00000000        0x0 c:/code_red/red_suite/tools/bin/../lib/gcc/arm-none-eabi/4.3.2/thumb2\libgcc.a(_arm_muldivdf3.o)
 .bss           0x00000000        0x0 c:/code_red/red_suite/tools/bin/../lib/gcc/arm-none-eabi/4.3.2/thumb2\libgcc.a(_arm_muldivdf3.o)
 .data          0x00000000        0x0 c:/code_red/red_suite/tools/bin/../lib/gcc/arm-none-eabi/4.3.2/thumb2\libgcc.a(_arm_truncdfsf2.o)
 .bss           0x00000000        0x0 c:/code_red/red_suite/tools/bin/../lib/gcc/arm-none-eabi/4.3.2/thumb2\libgcc.a(_arm_truncdfsf2.o)
 .data          0x00000000        0x0 c:/code_red/red_suite/tools/bin/../lib/gcc/arm-none-eabi/4.3.2/thumb2\libgcc.a(_arm_addsubsf3.o)
 .bss           0x00000000        0x0 c:/code_red/red_suite/tools/bin/../lib/gcc/arm-none-eabi/4.3.2/thumb2\libgcc.a(_arm_addsubsf3.o)
 .data          0x00000000        0x0 c:/code_red/red_suite/tools/bin/../lib/gcc/arm-none-eabi/4.3.2/thumb2\libgcc.a(_arm_muldivsf3.o)
 .bss           0x00000000        0x0 c:/code_red/red_suite/tools/bin/../lib/gcc/arm-none-eabi/4.3.2/thumb2\libgcc.a(_arm_muldivsf3.o)
 .data          0x00000000        0x0 c:/code_red/red_suite/tools/bin/../lib/gcc/arm-none-eabi/4.3.2/thumb2\libgcc.a(_arm_cmpsf2.o)
 .bss           0x00000000        0x0 c:/code_red/red_suite/tools/bin/../lib/gcc/arm-none-eabi/4.3.2/thumb2\libgcc.a(_arm_cmpsf2.o)
 .data          0x00000000        0x0 c:/code_red/red_suite/tools/bin/../lib/gcc/arm-none-eabi/4.3.2/thumb2\libgcc.a(_arm_fixsfsi.o)
 .bss           0x00000000        0x0 c:/code_red/red_suite/tools/bin/../lib/gcc/arm-none-eabi/4.3.2/thumb2\libgcc.a(_arm_fixsfsi.o)
 .data          0x00000000        0x0 c:/code_red/red_suite/tools/bin/../lib/gcc/arm-none-eabi/4.3.2/../../../../arm-none-eabi/lib/thumb2\libc.a(lib_a-abs.o)
 .bss           0x00000000        0x0 c:/code_red/red_suite/tools/bin/../lib/gcc/arm-none-eabi/4.3.2/../../../../arm-none-eabi/lib/thumb2\libc.a(lib_a-abs.o)
 .data          0x00000000        0x0 c:/code_red/red_suite/tools/bin/../lib/gcc/arm-none-eabi/4.3.2/../../../../arm-none-eabi/lib/thumb2\libc.a(lib_a-strlen.o)
 .bss           0x00000000        0x0 c:/code_red/red_suite/tools/bin/../lib/gcc/arm-none-eabi/4.3.2/../../../../arm-none-eabi/lib/thumb2\libc.a(lib_a-strlen.o)
 .data          0x00000000        0x0 c:/code_red/red_suite/tools/bin/../lib/gcc/arm-none-eabi/4.3.2/../../../../arm-none-eabi/lib/thumb2\libm.a(lib_a-w_log10.o)
 .bss           0x00000000        0x0 c:/code_red/red_suite/tools/bin/../lib/gcc/arm-none-eabi/4.3.2/../../../../arm-none-eabi/lib/thumb2\libm.a(lib_a-w_log10.o)
 .data          0x00000000        0x0 c:/code_red/red_suite/tools/bin/../lib/gcc/arm-none-eabi/4.3.2/../../../../arm-none-eabi/lib/thumb2\libm.a(lib_a-e_log10.o)
 .bss           0x00000000        0x0 c:/code_red/red_suite/tools/bin/../lib/gcc/arm-none-eabi/4.3.2/../../../../arm-none-eabi/lib/thumb2\libm.a(lib_a-e_log10.o)
 .data          0x00000000        0x0 c:/code_red/red_suite/tools/bin/../lib/gcc/arm-none-eabi/4.3.2/../../../../arm-none-eabi/lib/thumb2\libm.a(lib_a-s_isnand.o)
 .bss           0x00000000        0x0 c:/code_red/red_suite/tools/bin/../lib/gcc/arm-none-eabi/4.3.2/../../../../arm-none-eabi/lib/thumb2\libm.a(lib_a-s_isnand.o)
 .text          0x00000000        0x0 c:/code_red/red_suite/tools/bin/../lib/gcc/arm-none-eabi/4.3.2/../../../../arm-none-eabi/lib/thumb2\libm.a(lib_a-s_lib_ver.o)
 .bss           0x00000000        0x0 c:/code_red/red_suite/tools/bin/../lib/gcc/arm-none-eabi/4.3.2/../../../../arm-none-eabi/lib/thumb2\libm.a(lib_a-s_lib_ver.o)
 .data          0x00000000        0x0 c:/code_red/red_suite/tools/bin/../lib/gcc/arm-none-eabi/4.3.2/../../../../arm-none-eabi/lib/thumb2\libm.a(lib_a-s_matherr.o)
 .bss           0x00000000        0x0 c:/code_red/red_suite/tools/bin/../lib/gcc/arm-none-eabi/4.3.2/../../../../arm-none-eabi/lib/thumb2\libm.a(lib_a-s_matherr.o)
 .data          0x00000000        0x0 c:/code_red/red_suite/tools/bin/../lib/gcc/arm-none-eabi/4.3.2/../../../../arm-none-eabi/lib/thumb2\libm.a(lib_a-s_nan.o)
 .bss           0x00000000        0x0 c:/code_red/red_suite/tools/bin/../lib/gcc/arm-none-eabi/4.3.2/../../../../arm-none-eabi/lib/thumb2\libm.a(lib_a-s_nan.o)
 .data          0x00000000        0x0 c:/code_red/red_suite/tools/bin/../lib/gcc/arm-none-eabi/4.3.2/../../../../arm-none-eabi/lib/thumb2\libm.a(lib_a-e_log.o)
 .bss           0x00000000        0x0 c:/code_red/red_suite/tools/bin/../lib/gcc/arm-none-eabi/4.3.2/../../../../arm-none-eabi/lib/thumb2\libm.a(lib_a-e_log.o)
 .data          0x00000000        0x0 c:/code_red/red_suite/tools/bin/../lib/gcc/arm-none-eabi/4.3.2/thumb2\libgcc.a(_arm_cmpdf2.o)
 .bss           0x00000000        0x0 c:/code_red/red_suite/tools/bin/../lib/gcc/arm-none-eabi/4.3.2/thumb2\libgcc.a(_arm_cmpdf2.o)
 .data          0x00000000        0x0 c:/code_red/red_suite/tools/bin/../lib/gcc/arm-none-eabi/4.3.2/../../../../arm-none-eabi/lib/thumb2\libc.a(lib_a-errno.o)
 .bss           0x00000000        0x0 c:/code_red/red_suite/tools/bin/../lib/gcc/arm-none-eabi/4.3.2/../../../../arm-none-eabi/lib/thumb2\libc.a(lib_a-errno.o)
 .text          0x00000000        0x0 c:/code_red/red_suite/tools/bin/../lib/gcc/arm-none-eabi/4.3.2/../../../../arm-none-eabi/lib/thumb2\libc.a(lib_a-impure.o)
 .bss           0x00000000        0x0 c:/code_red/red_suite/tools/bin/../lib/gcc/arm-none-eabi/4.3.2/../../../../arm-none-eabi/lib/thumb2\libc.a(lib_a-impure.o)
 .rodata        0x00000000        0x0 c:/code_red/red_suite/tools/bin/../lib/gcc/arm-none-eabi/4.3.2/../../../../arm-none-eabi/lib/thumb2\libc.a(lib_a-impure.o)

Memory Configuration

Name             Origin             Length             Attributes
MFlash512        0x00000000         0x00080000         xr
RamLoc32         0x10000000         0x00008000         xrw
RamAHB32         0x2007c000         0x00008000         xrw
*default*        0x00000000         0xffffffff

Linker script and memory map

LOAD ./src/RDB1768_AUDIO.o
LOAD ./src/audiometer_main.o
LOAD ./src/cr_startup_lpc17.o
LOAD ./src/delay.o
LOAD ./src/i2c.o
LOAD ./src/target.o
LOAD ./bitmaps/codered128x37.o
LOAD C:\code_red\ws_examples_to_committ\RDB1768_LCDlib\Release\libRDB1768_LCDlib.a
START GROUP
LOAD c:/code_red/red_suite/tools/bin/../lib/gcc/arm-none-eabi/4.3.2/thumb2\libgcc.a
LOAD c:/code_red/red_suite/tools/bin/../lib/gcc/arm-none-eabi/4.3.2/../../../../arm-none-eabi/lib/thumb2\libc.a
LOAD c:/code_red/red_suite/tools/bin/../lib/gcc/arm-none-eabi/4.3.2/../../../../arm-none-eabi/lib/thumb2\libm.a
END GROUP
                0x00080000                __top_MFlash512 = 0x80000
                0x10008000                __top_RamLoc32 = 0x10008000
                0x20084000                __top_RamAHB32 = 0x20084000

.text           0x00000000     0x5278
 *(.isr_vector)
 .isr_vector    0x00000000       0xc4 ./src/cr_startup_lpc17.o
                0x00000000                g_pfnVectors
 *(.text*)
 .text.I2S_IRQHandler
                0x000000c4       0x50 ./src/RDB1768_AUDIO.o
                0x000000c4                I2S_IRQHandler
 .text.vF_WriteCodecReg
                0x00000114       0x90 ./src/RDB1768_AUDIO.o
 .text.vfAudioInit
                0x000001a4      0x158 ./src/RDB1768_AUDIO.o
                0x000001a4                vfAudioInit
 *fill*         0x000002fc        0x4 00
 .text.main     0x00000300      0x2f0 ./src/audiometer_main.o
                0x00000300                main
 .text.NMI_Handler
                0x000005f0        0x4 ./src/cr_startup_lpc17.o
 .text.HardFault_Handler
                0x000005f4        0x4 ./src/cr_startup_lpc17.o
 .text.MemManage_Handler
                0x000005f8        0x4 ./src/cr_startup_lpc17.o
 .text.BusFault_Handler
                0x000005fc        0x4 ./src/cr_startup_lpc17.o
 .text.UsageFault_Handler
                0x00000600        0x4 ./src/cr_startup_lpc17.o
 .text.SVCall_Handler
                0x00000604        0x4 ./src/cr_startup_lpc17.o
 .text.DebugMon_Handler
                0x00000608        0x4 ./src/cr_startup_lpc17.o
 .text.PendSV_Handler
                0x0000060c        0x4 ./src/cr_startup_lpc17.o
 .text.SysTick_Handler
                0x00000610        0x4 ./src/cr_startup_lpc17.o
 .text.IntDefaultHandler
                0x00000614        0x4 ./src/cr_startup_lpc17.o
                0x00000614                TIMER2_IRQHandler
                0x00000614                RIT_IRQHandler
                0x00000614                PWM1_IRQHandler
                0x00000614                I2C1_IRQHandler
                0x00000614                EINT2_IRQHandler
                0x00000614                UART1_IRQHandler
                0x00000614                EINT3_IRQHandler
                0x00000614                TIMER3_IRQHandler
                0x00000614                UART0_IRQHandler
                0x00000614                PLL0_IRQHandler
                0x00000614                CAN_IRQHandler
                0x00000614                PLL1_IRQHandler
                0x00000614                SSP0_IRQHandler
                0x00000614                I2C2_IRQHandler
                0x00000614                RTC_IRQHandler
                0x00000614                TIMER0_IRQHandler
                0x00000614                SPI_IRQHandler
                0x00000614                EINT1_IRQHandler
                0x00000614                TIMER1_IRQHandler
                0x00000614                UART2_IRQHandler
                0x00000614                ADC_IRQHandler
                0x00000614                SSP1_IRQHandler
                0x00000614                USB_IRQHandler
                0x00000614                BOD_IRQHandler
                0x00000614                WDT_IRQHandler
                0x00000614                QEI_IRQHandler
                0x00000614                EINT0_IRQHandler
                0x00000614                DMA_IRQHandler
                0x00000614                UART3_IRQHandler
                0x00000614                MCPWM_IRQHandler
                0x00000614                ENET_IRQHandler
 .text.Reset_Handler
                0x00000618       0x70 ./src/cr_startup_lpc17.o
                0x00000618                Reset_Handler
                0x00000618                ResetISR
 .text.delay    0x00000688       0x24 ./src/delay.o
                0x00000688                delay
 .text.I2CInit  0x000006ac       0x68 ./src/i2c.o
                0x000006ac                I2CInit
 .text.I2CEngine
                0x00000714       0x88 ./src/i2c.o
                0x00000714                I2CEngine
 .text.I2C0_IRQHandler
                0x0000079c      0x268 ./src/i2c.o
                0x0000079c                I2C0_IRQHandler
 .text.TargetResetInit
                0x00000a04      0x2bc ./src/target.o
                0x00000a04                TargetResetInit
 .text.LCD_PlotBitmap
                0x00000cc0       0x68 C:\code_red\ws_examples_to_committ\RDB1768_LCDlib\Release\libRDB1768_LCDlib.a(lcd_bitmap.o)
                0x00000cc0                LCD_PlotBitmap
 .text.ms_delay
                0x00000d28       0x24 C:\code_red\ws_examples_to_committ\RDB1768_LCDlib\Release\libRDB1768_LCDlib.a(lcd_driver.o)
                0x00000d28                ms_delay
 .text.LCDdriver_WriteData
                0x00000d4c       0x28 C:\code_red\ws_examples_to_committ\RDB1768_LCDlib\Release\libRDB1768_LCDlib.a(lcd_driver.o)
                0x00000d4c                LCDdriver_WriteData
 .text.LCDdriver_WriteCom
                0x00000d74       0x28 C:\code_red\ws_examples_to_committ\RDB1768_LCDlib\Release\libRDB1768_LCDlib.a(lcd_driver.o)
                0x00000d74                LCDdriver_WriteCom
 .text.LCD_ClearScreen
                0x00000d9c       0x4c C:\code_red\ws_examples_to_committ\RDB1768_LCDlib\Release\libRDB1768_LCDlib.a(lcd_driver.o)
                0x00000d9c                LCD_ClearScreen
 .text.LCDdriver_initialisation
                0x00000de8      0x110 C:\code_red\ws_examples_to_committ\RDB1768_LCDlib\Release\libRDB1768_LCDlib.a(lcd_driver.o)
                0x00000de8                LCDdriver_initialisation
 .text.LCD_FilledRect
                0x00000ef8       0x6c C:\code_red\ws_examples_to_committ\RDB1768_LCDlib\Release\libRDB1768_LCDlib.a(lcd_shapes.o)
                0x00000ef8                LCD_FilledRect
 .text.LCD_Rect
                0x00000f64       0x48 C:\code_red\ws_examples_to_committ\RDB1768_LCDlib\Release\libRDB1768_LCDlib.a(lcd_shapes.o)
                0x00000f64                LCD_Rect
 .text.LCD_WriteBitMap8x15
                0x00000fac       0xb4 C:\code_red\ws_examples_to_committ\RDB1768_LCDlib\Release\libRDB1768_LCDlib.a(lcd_text.o)
                0x00000fac                LCD_WriteBitMap8x15
 .text.LCD_PrintString
                0x00001060       0x68 C:\code_red\ws_examples_to_committ\RDB1768_LCDlib\Release\libRDB1768_LCDlib.a(lcd_text.o)
                0x00001060                LCD_PrintString
 .text          0x000010c8      0x370 c:/code_red/red_suite/tools/bin/../lib/gcc/arm-none-eabi/4.3.2/thumb2\libgcc.a(_arm_addsubdf3.o)
                0x000013dc                __floatdidf
                0x0000136c                __floatsidf
                0x0000134c                __aeabi_ui2d
                0x000010c8                __aeabi_drsub
                0x00001390                __extendsfdf2
                0x000010d4                __adddf3
                0x0000134c                __floatunsidf
                0x000010d4                __aeabi_dadd
                0x000013cc                __aeabi_ul2d
                0x000010d0                __aeabi_dsub
                0x000013cc                __floatundidf
                0x0000136c                __aeabi_i2d
                0x000013dc                __aeabi_l2d
                0x00001390                __aeabi_f2d
                0x000010d0                __subdf3
 .text          0x00001438      0x424 c:/code_red/red_suite/tools/bin/../lib/gcc/arm-none-eabi/4.3.2/thumb2\libgcc.a(_arm_muldivdf3.o)
                0x0000168c                __aeabi_ddiv
                0x00001438                __aeabi_dmul
                0x0000168c                __divdf3
                0x00001438                __muldf3
 .text          0x0000185c       0xa0 c:/code_red/red_suite/tools/bin/../lib/gcc/arm-none-eabi/4.3.2/thumb2\libgcc.a(_arm_truncdfsf2.o)
                0x0000185c                __aeabi_d2f
                0x0000185c                __truncdfsf2
 .text          0x000018fc      0x21c c:/code_red/red_suite/tools/bin/../lib/gcc/arm-none-eabi/4.3.2/thumb2\libgcc.a(_arm_addsubsf3.o)
                0x00001908                __aeabi_fadd
                0x00001904                __subsf3
                0x00001a70                __aeabi_i2f
                0x00001904                __aeabi_fsub
                0x00001a9c                __floatdisf
                0x00001a70                __floatsisf
                0x00001a8c                __floatundisf
                0x00001a68                __aeabi_ui2f
                0x00001a9c                __aeabi_l2f
                0x00001a8c                __aeabi_ul2f
                0x000018fc                __aeabi_frsub
                0x00001a68                __floatunsisf
                0x00001908                __addsf3
 .text          0x00001b18      0x2a0 c:/code_red/red_suite/tools/bin/../lib/gcc/arm-none-eabi/4.3.2/thumb2\libgcc.a(_arm_muldivsf3.o)
                0x00001c80                __divsf3
                0x00001c80                __aeabi_fdiv
                0x00001b18                __mulsf3
                0x00001b18                __aeabi_fmul
 .text          0x00001db8       0xe8 c:/code_red/red_suite/tools/bin/../lib/gcc/arm-none-eabi/4.3.2/thumb2\libgcc.a(_arm_cmpsf2.o)
                0x00001e8c                __aeabi_fcmpgt
                0x00001dc0                __lesf2
                0x00001dc8                __nesf2
                0x00001e78                __aeabi_fcmpge
                0x00001db8                __gtsf2
                0x00001e64                __aeabi_fcmple
                0x00001dc8                __eqsf2
                0x00001dc8                __cmpsf2
                0x00001dc0                __ltsf2
                0x00001e2c                __aeabi_cfcmple
                0x00001db8                __gesf2
                0x00001e3c                __aeabi_fcmpeq
                0x00001e24                __aeabi_cfrcmple
                0x00001e50                __aeabi_fcmplt
                0x00001e2c                __aeabi_cfcmpeq
 .text          0x00001ea0       0x4c c:/code_red/red_suite/tools/bin/../lib/gcc/arm-none-eabi/4.3.2/thumb2\libgcc.a(_arm_fixsfsi.o)
                0x00001ea0                __fixsfsi
                0x00001ea0                __aeabi_f2iz
 .text          0x00001eec        0x8 c:/code_red/red_suite/tools/bin/../lib/gcc/arm-none-eabi/4.3.2/../../../../arm-none-eabi/lib/thumb2\libc.a(lib_a-abs.o)
                0x00001eec                abs
 .text          0x00001ef4       0x34 c:/code_red/red_suite/tools/bin/../lib/gcc/arm-none-eabi/4.3.2/../../../../arm-none-eabi/lib/thumb2\libc.a(lib_a-strlen.o)
                0x00001ef4                strlen
 .text          0x00001f28       0xe8 c:/code_red/red_suite/tools/bin/../lib/gcc/arm-none-eabi/4.3.2/../../../../arm-none-eabi/lib/thumb2\libm.a(lib_a-w_log10.o)
                0x00001f28                log10
 .text          0x00002010      0x120 c:/code_red/red_suite/tools/bin/../lib/gcc/arm-none-eabi/4.3.2/../../../../arm-none-eabi/lib/thumb2\libm.a(lib_a-e_log10.o)
                0x00002010                __ieee754_log10
 .text          0x00002130       0x20 c:/code_red/red_suite/tools/bin/../lib/gcc/arm-none-eabi/4.3.2/../../../../arm-none-eabi/lib/thumb2\libm.a(lib_a-s_isnand.o)
                0x00002130                __isnand
 .text          0x00002150        0x4 c:/code_red/red_suite/tools/bin/../lib/gcc/arm-none-eabi/4.3.2/../../../../arm-none-eabi/lib/thumb2\libm.a(lib_a-s_matherr.o)
                0x00002150                matherr
 .text          0x00002154       0x10 c:/code_red/red_suite/tools/bin/../lib/gcc/arm-none-eabi/4.3.2/../../../../arm-none-eabi/lib/thumb2\libm.a(lib_a-s_nan.o)
                0x00002154                nan
 *fill*         0x00002164        0x4 00
 .text          0x00002168      0x428 c:/code_red/red_suite/tools/bin/../lib/gcc/arm-none-eabi/4.3.2/../../../../arm-none-eabi/lib/thumb2\libm.a(lib_a-e_log.o)
                0x00002168                __ieee754_log
 .text          0x00002590      0x10c c:/code_red/red_suite/tools/bin/../lib/gcc/arm-none-eabi/4.3.2/thumb2\libgcc.a(_arm_cmpdf2.o)
                0x00002660                __aeabi_dcmple
                0x000025a0                __cmpdf2
                0x000025a0                __eqdf2
                0x00002590                __gtdf2
                0x00002628                __aeabi_cdcmple
                0x00002618                __aeabi_cdrcmple
                0x00002598                __ltdf2
                0x0000264c                __aeabi_dcmplt
                0x00002598                __ledf2
                0x00002688                __aeabi_dcmpgt
                0x00002674                __aeabi_dcmpge
                0x000025a0                __nedf2
                0x00002638                __aeabi_dcmpeq
                0x00002628                __aeabi_cdcmpeq
                0x00002590                __gedf2
 .text          0x0000269c        0xc c:/code_red/red_suite/tools/bin/../lib/gcc/arm-none-eabi/4.3.2/../../../../arm-none-eabi/lib/thumb2\libc.a(lib_a-errno.o)
                0x0000269c                __errno
 *(.rodata*)
 .rodata.str1.4
                0x000026a8       0x1e ./src/audiometer_main.o
                                 0x20 (size before relaxing)
 *fill*         0x000026c6        0x2 00
 .rodata        0x000026c8     0x2500 ./bitmaps/codered128x37.o
                0x000026c8                codered128x37_pixel_data
 .rodata        0x00004bc8      0x6a0 C:\code_red\ws_examples_to_committ\RDB1768_LCDlib\Release\libRDB1768_LCDlib.a(system_fixed_be_8_15.o)
                0x00005168                font_index_table
                0x00004bc8                font_data_table
 .rodata.str1.4
                0x00005268        0x9 c:/code_red/red_suite/tools/bin/../lib/gcc/arm-none-eabi/4.3.2/../../../../arm-none-eabi/lib/thumb2\libm.a(lib_a-w_log10.o)
                                  0xc (size before relaxing)
 *fill*         0x00005271        0x3 00
 .rodata.str1.4
                0x00005274        0x4 c:/code_red/red_suite/tools/bin/../lib/gcc/arm-none-eabi/4.3.2/../../../../arm-none-eabi/lib/thumb2\libc.a(lib_a-impure.o)

.glue_7         0x00005278        0x0
 .glue_7        0x00005278        0x0 ./src/RDB1768_AUDIO.o
 .glue_7        0x00005278        0x0 ./src/audiometer_main.o
 .glue_7        0x00005278        0x0 ./src/cr_startup_lpc17.o
 .glue_7        0x00005278        0x0 ./src/delay.o
 .glue_7        0x00005278        0x0 ./src/i2c.o
 .glue_7        0x00005278        0x0 ./src/target.o
 .glue_7        0x00005278        0x0 ./bitmaps/codered128x37.o
 .glue_7        0x00005278        0x0 C:\code_red\ws_examples_to_committ\RDB1768_LCDlib\Release\libRDB1768_LCDlib.a(lcd_bitmap.o)
 .glue_7        0x00005278        0x0 C:\code_red\ws_examples_to_committ\RDB1768_LCDlib\Release\libRDB1768_LCDlib.a(lcd_driver.o)
 .glue_7        0x00005278        0x0 C:\code_red\ws_examples_to_committ\RDB1768_LCDlib\Release\libRDB1768_LCDlib.a(lcd_shapes.o)
 .glue_7        0x00005278        0x0 C:\code_red\ws_examples_to_committ\RDB1768_LCDlib\Release\libRDB1768_LCDlib.a(lcd_text.o)
 .glue_7        0x00005278        0x0 C:\code_red\ws_examples_to_committ\RDB1768_LCDlib\Release\libRDB1768_LCDlib.a(system_fixed_be_8_15.o)
 .glue_7        0x00005278        0x0 c:/code_red/red_suite/tools/bin/../lib/gcc/arm-none-eabi/4.3.2/thumb2\libgcc.a(_arm_addsubdf3.o)
 .glue_7        0x00005278        0x0 c:/code_red/red_suite/tools/bin/../lib/gcc/arm-none-eabi/4.3.2/thumb2\libgcc.a(_arm_muldivdf3.o)
 .glue_7        0x00005278        0x0 c:/code_red/red_suite/tools/bin/../lib/gcc/arm-none-eabi/4.3.2/thumb2\libgcc.a(_arm_truncdfsf2.o)
 .glue_7        0x00005278        0x0 c:/code_red/red_suite/tools/bin/../lib/gcc/arm-none-eabi/4.3.2/thumb2\libgcc.a(_arm_addsubsf3.o)
 .glue_7        0x00005278        0x0 c:/code_red/red_suite/tools/bin/../lib/gcc/arm-none-eabi/4.3.2/thumb2\libgcc.a(_arm_muldivsf3.o)
 .glue_7        0x00005278        0x0 c:/code_red/red_suite/tools/bin/../lib/gcc/arm-none-eabi/4.3.2/thumb2\libgcc.a(_arm_cmpsf2.o)
 .glue_7        0x00005278        0x0 c:/code_red/red_suite/tools/bin/../lib/gcc/arm-none-eabi/4.3.2/thumb2\libgcc.a(_arm_fixsfsi.o)
 .glue_7        0x00005278        0x0 c:/code_red/red_suite/tools/bin/../lib/gcc/arm-none-eabi/4.3.2/../../../../arm-none-eabi/lib/thumb2\libc.a(lib_a-abs.o)
 .glue_7        0x00005278        0x0 c:/code_red/red_suite/tools/bin/../lib/gcc/arm-none-eabi/4.3.2/../../../../arm-none-eabi/lib/thumb2\libc.a(lib_a-strlen.o)
 .glue_7        0x00005278        0x0 c:/code_red/red_suite/tools/bin/../lib/gcc/arm-none-eabi/4.3.2/../../../../arm-none-eabi/lib/thumb2\libm.a(lib_a-w_log10.o)
 .glue_7        0x00005278        0x0 c:/code_red/red_suite/tools/bin/../lib/gcc/arm-none-eabi/4.3.2/../../../../arm-none-eabi/lib/thumb2\libm.a(lib_a-e_log10.o)
 .glue_7        0x00005278        0x0 c:/code_red/red_suite/tools/bin/../lib/gcc/arm-none-eabi/4.3.2/../../../../arm-none-eabi/lib/thumb2\libm.a(lib_a-s_isnand.o)
 .glue_7        0x00005278        0x0 c:/code_red/red_suite/tools/bin/../lib/gcc/arm-none-eabi/4.3.2/../../../../arm-none-eabi/lib/thumb2\libm.a(lib_a-s_lib_ver.o)
 .glue_7        0x00005278        0x0 c:/code_red/red_suite/tools/bin/../lib/gcc/arm-none-eabi/4.3.2/../../../../arm-none-eabi/lib/thumb2\libm.a(lib_a-s_matherr.o)
 .glue_7        0x00005278        0x0 c:/code_red/red_suite/tools/bin/../lib/gcc/arm-none-eabi/4.3.2/../../../../arm-none-eabi/lib/thumb2\libm.a(lib_a-s_nan.o)
 .glue_7        0x00005278        0x0 c:/code_red/red_suite/tools/bin/../lib/gcc/arm-none-eabi/4.3.2/../../../../arm-none-eabi/lib/thumb2\libm.a(lib_a-e_log.o)
 .glue_7        0x00005278        0x0 c:/code_red/red_suite/tools/bin/../lib/gcc/arm-none-eabi/4.3.2/thumb2\libgcc.a(_arm_cmpdf2.o)
 .glue_7        0x00005278        0x0 c:/code_red/red_suite/tools/bin/../lib/gcc/arm-none-eabi/4.3.2/../../../../arm-none-eabi/lib/thumb2\libc.a(lib_a-errno.o)
 .glue_7        0x00005278        0x0 c:/code_red/red_suite/tools/bin/../lib/gcc/arm-none-eabi/4.3.2/../../../../arm-none-eabi/lib/thumb2\libc.a(lib_a-impure.o)

.glue_7t        0x00005278        0x0
 .glue_7t       0x00005278        0x0 ./src/RDB1768_AUDIO.o
 .glue_7t       0x00005278        0x0 ./src/audiometer_main.o
 .glue_7t       0x00005278        0x0 ./src/cr_startup_lpc17.o
 .glue_7t       0x00005278        0x0 ./src/delay.o
 .glue_7t       0x00005278        0x0 ./src/i2c.o
 .glue_7t       0x00005278        0x0 ./src/target.o
 .glue_7t       0x00005278        0x0 ./bitmaps/codered128x37.o
 .glue_7t       0x00005278        0x0 C:\code_red\ws_examples_to_committ\RDB1768_LCDlib\Release\libRDB1768_LCDlib.a(lcd_bitmap.o)
 .glue_7t       0x00005278        0x0 C:\code_red\ws_examples_to_committ\RDB1768_LCDlib\Release\libRDB1768_LCDlib.a(lcd_driver.o)
 .glue_7t       0x00005278        0x0 C:\code_red\ws_examples_to_committ\RDB1768_LCDlib\Release\libRDB1768_LCDlib.a(lcd_shapes.o)
 .glue_7t       0x00005278        0x0 C:\code_red\ws_examples_to_committ\RDB1768_LCDlib\Release\libRDB1768_LCDlib.a(lcd_text.o)
 .glue_7t       0x00005278        0x0 C:\code_red\ws_examples_to_committ\RDB1768_LCDlib\Release\libRDB1768_LCDlib.a(system_fixed_be_8_15.o)
 .glue_7t       0x00005278        0x0 c:/code_red/red_suite/tools/bin/../lib/gcc/arm-none-eabi/4.3.2/thumb2\libgcc.a(_arm_addsubdf3.o)
 .glue_7t       0x00005278        0x0 c:/code_red/red_suite/tools/bin/../lib/gcc/arm-none-eabi/4.3.2/thumb2\libgcc.a(_arm_muldivdf3.o)
 .glue_7t       0x00005278        0x0 c:/code_red/red_suite/tools/bin/../lib/gcc/arm-none-eabi/4.3.2/thumb2\libgcc.a(_arm_truncdfsf2.o)
 .glue_7t       0x00005278        0x0 c:/code_red/red_suite/tools/bin/../lib/gcc/arm-none-eabi/4.3.2/thumb2\libgcc.a(_arm_addsubsf3.o)
 .glue_7t       0x00005278        0x0 c:/code_red/red_suite/tools/bin/../lib/gcc/arm-none-eabi/4.3.2/thumb2\libgcc.a(_arm_muldivsf3.o)
 .glue_7t       0x00005278        0x0 c:/code_red/red_suite/tools/bin/../lib/gcc/arm-none-eabi/4.3.2/thumb2\libgcc.a(_arm_cmpsf2.o)
 .glue_7t       0x00005278        0x0 c:/code_red/red_suite/tools/bin/../lib/gcc/arm-none-eabi/4.3.2/thumb2\libgcc.a(_arm_fixsfsi.o)
 .glue_7t       0x00005278        0x0 c:/code_red/red_suite/tools/bin/../lib/gcc/arm-none-eabi/4.3.2/../../../../arm-none-eabi/lib/thumb2\libc.a(lib_a-abs.o)
 .glue_7t       0x00005278        0x0 c:/code_red/red_suite/tools/bin/../lib/gcc/arm-none-eabi/4.3.2/../../../../arm-none-eabi/lib/thumb2\libc.a(lib_a-strlen.o)
 .glue_7t       0x00005278        0x0 c:/code_red/red_suite/tools/bin/../lib/gcc/arm-none-eabi/4.3.2/../../../../arm-none-eabi/lib/thumb2\libm.a(lib_a-w_log10.o)
 .glue_7t       0x00005278        0x0 c:/code_red/red_suite/tools/bin/../lib/gcc/arm-none-eabi/4.3.2/../../../../arm-none-eabi/lib/thumb2\libm.a(lib_a-e_log10.o)
 .glue_7t       0x00005278        0x0 c:/code_red/red_suite/tools/bin/../lib/gcc/arm-none-eabi/4.3.2/../../../../arm-none-eabi/lib/thumb2\libm.a(lib_a-s_isnand.o)
 .glue_7t       0x00005278        0x0 c:/code_red/red_suite/tools/bin/../lib/gcc/arm-none-eabi/4.3.2/../../../../arm-none-eabi/lib/thumb2\libm.a(lib_a-s_lib_ver.o)
 .glue_7t       0x00005278        0x0 c:/code_red/red_suite/tools/bin/../lib/gcc/arm-none-eabi/4.3.2/../../../../arm-none-eabi/lib/thumb2\libm.a(lib_a-s_matherr.o)
 .glue_7t       0x00005278        0x0 c:/code_red/red_suite/tools/bin/../lib/gcc/arm-none-eabi/4.3.2/../../../../arm-none-eabi/lib/thumb2\libm.a(lib_a-s_nan.o)
 .glue_7t       0x00005278        0x0 c:/code_red/red_suite/tools/bin/../lib/gcc/arm-none-eabi/4.3.2/../../../../arm-none-eabi/lib/thumb2\libm.a(lib_a-e_log.o)
 .glue_7t       0x00005278        0x0 c:/code_red/red_suite/tools/bin/../lib/gcc/arm-none-eabi/4.3.2/thumb2\libgcc.a(_arm_cmpdf2.o)
 .glue_7t       0x00005278        0x0 c:/code_red/red_suite/tools/bin/../lib/gcc/arm-none-eabi/4.3.2/../../../../arm-none-eabi/lib/thumb2\libc.a(lib_a-errno.o)
 .glue_7t       0x00005278        0x0 c:/code_red/red_suite/tools/bin/../lib/gcc/arm-none-eabi/4.3.2/../../../../arm-none-eabi/lib/thumb2\libc.a(lib_a-impure.o)

.vfp11_veneer   0x00005278        0x0
 .vfp11_veneer  0x00005278        0x0 ./src/RDB1768_AUDIO.o
 .vfp11_veneer  0x00005278        0x0 ./src/audiometer_main.o
 .vfp11_veneer  0x00005278        0x0 ./src/cr_startup_lpc17.o
 .vfp11_veneer  0x00005278        0x0 ./src/delay.o
 .vfp11_veneer  0x00005278        0x0 ./src/i2c.o
 .vfp11_veneer  0x00005278        0x0 ./src/target.o
 .vfp11_veneer  0x00005278        0x0 ./bitmaps/codered128x37.o
 .vfp11_veneer  0x00005278        0x0 C:\code_red\ws_examples_to_committ\RDB1768_LCDlib\Release\libRDB1768_LCDlib.a(lcd_bitmap.o)
 .vfp11_veneer  0x00005278        0x0 C:\code_red\ws_examples_to_committ\RDB1768_LCDlib\Release\libRDB1768_LCDlib.a(lcd_driver.o)
 .vfp11_veneer  0x00005278        0x0 C:\code_red\ws_examples_to_committ\RDB1768_LCDlib\Release\libRDB1768_LCDlib.a(lcd_shapes.o)
 .vfp11_veneer  0x00005278        0x0 C:\code_red\ws_examples_to_committ\RDB1768_LCDlib\Release\libRDB1768_LCDlib.a(lcd_text.o)
 .vfp11_veneer  0x00005278        0x0 C:\code_red\ws_examples_to_committ\RDB1768_LCDlib\Release\libRDB1768_LCDlib.a(system_fixed_be_8_15.o)
 .vfp11_veneer  0x00005278        0x0 c:/code_red/red_suite/tools/bin/../lib/gcc/arm-none-eabi/4.3.2/thumb2\libgcc.a(_arm_addsubdf3.o)
 .vfp11_veneer  0x00005278        0x0 c:/code_red/red_suite/tools/bin/../lib/gcc/arm-none-eabi/4.3.2/thumb2\libgcc.a(_arm_muldivdf3.o)
 .vfp11_veneer  0x00005278        0x0 c:/code_red/red_suite/tools/bin/../lib/gcc/arm-none-eabi/4.3.2/thumb2\libgcc.a(_arm_truncdfsf2.o)
 .vfp11_veneer  0x00005278        0x0 c:/code_red/red_suite/tools/bin/../lib/gcc/arm-none-eabi/4.3.2/thumb2\libgcc.a(_arm_addsubsf3.o)
 .vfp11_veneer  0x00005278        0x0 c:/code_red/red_suite/tools/bin/../lib/gcc/arm-none-eabi/4.3.2/thumb2\libgcc.a(_arm_muldivsf3.o)
 .vfp11_veneer  0x00005278        0x0 c:/code_red/red_suite/tools/bin/../lib/gcc/arm-none-eabi/4.3.2/thumb2\libgcc.a(_arm_cmpsf2.o)
 .vfp11_veneer  0x00005278        0x0 c:/code_red/red_suite/tools/bin/../lib/gcc/arm-none-eabi/4.3.2/thumb2\libgcc.a(_arm_fixsfsi.o)
 .vfp11_veneer  0x00005278        0x0 c:/code_red/red_suite/tools/bin/../lib/gcc/arm-none-eabi/4.3.2/../../../../arm-none-eabi/lib/thumb2\libc.a(lib_a-abs.o)
 .vfp11_veneer  0x00005278        0x0 c:/code_red/red_suite/tools/bin/../lib/gcc/arm-none-eabi/4.3.2/../../../../arm-none-eabi/lib/thumb2\libc.a(lib_a-strlen.o)
 .vfp11_veneer  0x00005278        0x0 c:/code_red/red_suite/tools/bin/../lib/gcc/arm-none-eabi/4.3.2/../../../../arm-none-eabi/lib/thumb2\libm.a(lib_a-w_log10.o)
 .vfp11_veneer  0x00005278        0x0 c:/code_red/red_suite/tools/bin/../lib/gcc/arm-none-eabi/4.3.2/../../../../arm-none-eabi/lib/thumb2\libm.a(lib_a-e_log10.o)
 .vfp11_veneer  0x00005278        0x0 c:/code_red/red_suite/tools/bin/../lib/gcc/arm-none-eabi/4.3.2/../../../../arm-none-eabi/lib/thumb2\libm.a(lib_a-s_isnand.o)
 .vfp11_veneer  0x00005278        0x0 c:/code_red/red_suite/tools/bin/../lib/gcc/arm-none-eabi/4.3.2/../../../../arm-none-eabi/lib/thumb2\libm.a(lib_a-s_lib_ver.o)
 .vfp11_veneer  0x00005278        0x0 c:/code_red/red_suite/tools/bin/../lib/gcc/arm-none-eabi/4.3.2/../../../../arm-none-eabi/lib/thumb2\libm.a(lib_a-s_matherr.o)
 .vfp11_veneer  0x00005278        0x0 c:/code_red/red_suite/tools/bin/../lib/gcc/arm-none-eabi/4.3.2/../../../../arm-none-eabi/lib/thumb2\libm.a(lib_a-s_nan.o)
 .vfp11_veneer  0x00005278        0x0 c:/code_red/red_suite/tools/bin/../lib/gcc/arm-none-eabi/4.3.2/../../../../arm-none-eabi/lib/thumb2\libm.a(lib_a-e_log.o)
 .vfp11_veneer  0x00005278        0x0 c:/code_red/red_suite/tools/bin/../lib/gcc/arm-none-eabi/4.3.2/thumb2\libgcc.a(_arm_cmpdf2.o)
 .vfp11_veneer  0x00005278        0x0 c:/code_red/red_suite/tools/bin/../lib/gcc/arm-none-eabi/4.3.2/../../../../arm-none-eabi/lib/thumb2\libc.a(lib_a-errno.o)
 .vfp11_veneer  0x00005278        0x0 c:/code_red/red_suite/tools/bin/../lib/gcc/arm-none-eabi/4.3.2/../../../../arm-none-eabi/lib/thumb2\libc.a(lib_a-impure.o)

.janus_2cc_veneer
                0x00005278        0x0
 .janus_2cc_veneer
                0x00005278        0x0 ./src/RDB1768_AUDIO.o
 .janus_2cc_veneer
                0x00005278        0x0 ./src/audiometer_main.o
 .janus_2cc_veneer
                0x00005278        0x0 ./src/cr_startup_lpc17.o
 .janus_2cc_veneer
                0x00005278        0x0 ./src/delay.o
 .janus_2cc_veneer
                0x00005278        0x0 ./src/i2c.o
 .janus_2cc_veneer
                0x00005278        0x0 ./src/target.o
 .janus_2cc_veneer
                0x00005278        0x0 ./bitmaps/codered128x37.o
 .janus_2cc_veneer
                0x00005278        0x0 C:\code_red\ws_examples_to_committ\RDB1768_LCDlib\Release\libRDB1768_LCDlib.a(lcd_bitmap.o)
 .janus_2cc_veneer
                0x00005278        0x0 C:\code_red\ws_examples_to_committ\RDB1768_LCDlib\Release\libRDB1768_LCDlib.a(lcd_driver.o)
 .janus_2cc_veneer
                0x00005278        0x0 C:\code_red\ws_examples_to_committ\RDB1768_LCDlib\Release\libRDB1768_LCDlib.a(lcd_shapes.o)
 .janus_2cc_veneer
                0x00005278        0x0 C:\code_red\ws_examples_to_committ\RDB1768_LCDlib\Release\libRDB1768_LCDlib.a(lcd_text.o)
 .janus_2cc_veneer
                0x00005278        0x0 C:\code_red\ws_examples_to_committ\RDB1768_LCDlib\Release\libRDB1768_LCDlib.a(system_fixed_be_8_15.o)
 .janus_2cc_veneer
                0x00005278        0x0 c:/code_red/red_suite/tools/bin/../lib/gcc/arm-none-eabi/4.3.2/thumb2\libgcc.a(_arm_addsubdf3.o)
 .janus_2cc_veneer
                0x00005278        0x0 c:/code_red/red_suite/tools/bin/../lib/gcc/arm-none-eabi/4.3.2/thumb2\libgcc.a(_arm_muldivdf3.o)
 .janus_2cc_veneer
                0x00005278        0x0 c:/code_red/red_suite/tools/bin/../lib/gcc/arm-none-eabi/4.3.2/thumb2\libgcc.a(_arm_truncdfsf2.o)
 .janus_2cc_veneer
                0x00005278        0x0 c:/code_red/red_suite/tools/bin/../lib/gcc/arm-none-eabi/4.3.2/thumb2\libgcc.a(_arm_addsubsf3.o)
 .janus_2cc_veneer
                0x00005278        0x0 c:/code_red/red_suite/tools/bin/../lib/gcc/arm-none-eabi/4.3.2/thumb2\libgcc.a(_arm_muldivsf3.o)
 .janus_2cc_veneer
                0x00005278        0x0 c:/code_red/red_suite/tools/bin/../lib/gcc/arm-none-eabi/4.3.2/thumb2\libgcc.a(_arm_cmpsf2.o)
 .janus_2cc_veneer
                0x00005278        0x0 c:/code_red/red_suite/tools/bin/../lib/gcc/arm-none-eabi/4.3.2/thumb2\libgcc.a(_arm_fixsfsi.o)
 .janus_2cc_veneer
                0x00005278        0x0 c:/code_red/red_suite/tools/bin/../lib/gcc/arm-none-eabi/4.3.2/../../../../arm-none-eabi/lib/thumb2\libc.a(lib_a-abs.o)
 .janus_2cc_veneer
                0x00005278        0x0 c:/code_red/red_suite/tools/bin/../lib/gcc/arm-none-eabi/4.3.2/../../../../arm-none-eabi/lib/thumb2\libc.a(lib_a-strlen.o)
 .janus_2cc_veneer
                0x00005278        0x0 c:/code_red/red_suite/tools/bin/../lib/gcc/arm-none-eabi/4.3.2/../../../../arm-none-eabi/lib/thumb2\libm.a(lib_a-w_log10.o)
 .janus_2cc_veneer
                0x00005278        0x0 c:/code_red/red_suite/tools/bin/../lib/gcc/arm-none-eabi/4.3.2/../../../../arm-none-eabi/lib/thumb2\libm.a(lib_a-e_log10.o)
 .janus_2cc_veneer
                0x00005278        0x0 c:/code_red/red_suite/tools/bin/../lib/gcc/arm-none-eabi/4.3.2/../../../../arm-none-eabi/lib/thumb2\libm.a(lib_a-s_isnand.o)
 .janus_2cc_veneer
                0x00005278        0x0 c:/code_red/red_suite/tools/bin/../lib/gcc/arm-none-eabi/4.3.2/../../../../arm-none-eabi/lib/thumb2\libm.a(lib_a-s_lib_ver.o)
 .janus_2cc_veneer
                0x00005278        0x0 c:/code_red/red_suite/tools/bin/../lib/gcc/arm-none-eabi/4.3.2/../../../../arm-none-eabi/lib/thumb2\libm.a(lib_a-s_matherr.o)
 .janus_2cc_veneer
                0x00005278        0x0 c:/code_red/red_suite/tools/bin/../lib/gcc/arm-none-eabi/4.3.2/../../../../arm-none-eabi/lib/thumb2\libm.a(lib_a-s_nan.o)
 .janus_2cc_veneer
                0x00005278        0x0 c:/code_red/red_suite/tools/bin/../lib/gcc/arm-none-eabi/4.3.2/../../../../arm-none-eabi/lib/thumb2\libm.a(lib_a-e_log.o)
 .janus_2cc_veneer
                0x00005278        0x0 c:/code_red/red_suite/tools/bin/../lib/gcc/arm-none-eabi/4.3.2/thumb2\libgcc.a(_arm_cmpdf2.o)
 .janus_2cc_veneer
                0x00005278        0x0 c:/code_red/red_suite/tools/bin/../lib/gcc/arm-none-eabi/4.3.2/../../../../arm-none-eabi/lib/thumb2\libc.a(lib_a-errno.o)
 .janus_2cc_veneer
                0x00005278        0x0 c:/code_red/red_suite/tools/bin/../lib/gcc/arm-none-eabi/4.3.2/../../../../arm-none-eabi/lib/thumb2\libc.a(lib_a-impure.o)

.v4_bx          0x00005278        0x0
 .v4_bx         0x00005278        0x0 ./src/RDB1768_AUDIO.o
 .v4_bx         0x00005278        0x0 ./src/audiometer_main.o
 .v4_bx         0x00005278        0x0 ./src/cr_startup_lpc17.o
 .v4_bx         0x00005278        0x0 ./src/delay.o
 .v4_bx         0x00005278        0x0 ./src/i2c.o
 .v4_bx         0x00005278        0x0 ./src/target.o
 .v4_bx         0x00005278        0x0 ./bitmaps/codered128x37.o
 .v4_bx         0x00005278        0x0 C:\code_red\ws_examples_to_committ\RDB1768_LCDlib\Release\libRDB1768_LCDlib.a(lcd_bitmap.o)
 .v4_bx         0x00005278        0x0 C:\code_red\ws_examples_to_committ\RDB1768_LCDlib\Release\libRDB1768_LCDlib.a(lcd_driver.o)
 .v4_bx         0x00005278        0x0 C:\code_red\ws_examples_to_committ\RDB1768_LCDlib\Release\libRDB1768_LCDlib.a(lcd_shapes.o)
 .v4_bx         0x00005278        0x0 C:\code_red\ws_examples_to_committ\RDB1768_LCDlib\Release\libRDB1768_LCDlib.a(lcd_text.o)
 .v4_bx         0x00005278        0x0 C:\code_red\ws_examples_to_committ\RDB1768_LCDlib\Release\libRDB1768_LCDlib.a(system_fixed_be_8_15.o)
 .v4_bx         0x00005278        0x0 c:/code_red/red_suite/tools/bin/../lib/gcc/arm-none-eabi/4.3.2/thumb2\libgcc.a(_arm_addsubdf3.o)
 .v4_bx         0x00005278        0x0 c:/code_red/red_suite/tools/bin/../lib/gcc/arm-none-eabi/4.3.2/thumb2\libgcc.a(_arm_muldivdf3.o)
 .v4_bx         0x00005278        0x0 c:/code_red/red_suite/tools/bin/../lib/gcc/arm-none-eabi/4.3.2/thumb2\libgcc.a(_arm_truncdfsf2.o)
 .v4_bx         0x00005278        0x0 c:/code_red/red_suite/tools/bin/../lib/gcc/arm-none-eabi/4.3.2/thumb2\libgcc.a(_arm_addsubsf3.o)
 .v4_bx         0x00005278        0x0 c:/code_red/red_suite/tools/bin/../lib/gcc/arm-none-eabi/4.3.2/thumb2\libgcc.a(_arm_muldivsf3.o)
 .v4_bx         0x00005278        0x0 c:/code_red/red_suite/tools/bin/../lib/gcc/arm-none-eabi/4.3.2/thumb2\libgcc.a(_arm_cmpsf2.o)
 .v4_bx         0x00005278        0x0 c:/code_red/red_suite/tools/bin/../lib/gcc/arm-none-eabi/4.3.2/thumb2\libgcc.a(_arm_fixsfsi.o)
 .v4_bx         0x00005278        0x0 c:/code_red/red_suite/tools/bin/../lib/gcc/arm-none-eabi/4.3.2/../../../../arm-none-eabi/lib/thumb2\libc.a(lib_a-abs.o)
 .v4_bx         0x00005278        0x0 c:/code_red/red_suite/tools/bin/../lib/gcc/arm-none-eabi/4.3.2/../../../../arm-none-eabi/lib/thumb2\libc.a(lib_a-strlen.o)
 .v4_bx         0x00005278        0x0 c:/code_red/red_suite/tools/bin/../lib/gcc/arm-none-eabi/4.3.2/../../../../arm-none-eabi/lib/thumb2\libm.a(lib_a-w_log10.o)
 .v4_bx         0x00005278        0x0 c:/code_red/red_suite/tools/bin/../lib/gcc/arm-none-eabi/4.3.2/../../../../arm-none-eabi/lib/thumb2\libm.a(lib_a-e_log10.o)
 .v4_bx         0x00005278        0x0 c:/code_red/red_suite/tools/bin/../lib/gcc/arm-none-eabi/4.3.2/../../../../arm-none-eabi/lib/thumb2\libm.a(lib_a-s_isnand.o)
 .v4_bx         0x00005278        0x0 c:/code_red/red_suite/tools/bin/../lib/gcc/arm-none-eabi/4.3.2/../../../../arm-none-eabi/lib/thumb2\libm.a(lib_a-s_lib_ver.o)
 .v4_bx         0x00005278        0x0 c:/code_red/red_suite/tools/bin/../lib/gcc/arm-none-eabi/4.3.2/../../../../arm-none-eabi/lib/thumb2\libm.a(lib_a-s_matherr.o)
 .v4_bx         0x00005278        0x0 c:/code_red/red_suite/tools/bin/../lib/gcc/arm-none-eabi/4.3.2/../../../../arm-none-eabi/lib/thumb2\libm.a(lib_a-s_nan.o)
 .v4_bx         0x00005278        0x0 c:/code_red/red_suite/tools/bin/../lib/gcc/arm-none-eabi/4.3.2/../../../../arm-none-eabi/lib/thumb2\libm.a(lib_a-e_log.o)
 .v4_bx         0x00005278        0x0 c:/code_red/red_suite/tools/bin/../lib/gcc/arm-none-eabi/4.3.2/thumb2\libgcc.a(_arm_cmpdf2.o)
 .v4_bx         0x00005278        0x0 c:/code_red/red_suite/tools/bin/../lib/gcc/arm-none-eabi/4.3.2/../../../../arm-none-eabi/lib/thumb2\libc.a(lib_a-errno.o)
 .v4_bx         0x00005278        0x0 c:/code_red/red_suite/tools/bin/../lib/gcc/arm-none-eabi/4.3.2/../../../../arm-none-eabi/lib/thumb2\libc.a(lib_a-impure.o)

.ARM.extab
 *(.ARM.extab* .gnu.linkonce.armextab.*)
                0x00005278                __exidx_start = .

.ARM.exidx
 *(.ARM.exidx* .gnu.linkonce.armexidx.*)
                0x00005278                __exidx_end = .
                0x00005278                _etext = .

.data           0x10000000      0x110 load address 0x00005278
                0x10000000                _data = .
 *(vtable)
 *(.data*)
 .data          0x10000000       0x10 ./src/audiometer_main.o
                0x10000008                f_dBDisplayPeak
                0x10000000                f_dBPeak
 .data          0x10000010        0x8 ./bitmaps/codered128x37.o
                0x10000014                codered128x37_height
                0x10000010                codered128x37_width
 .data          0x10000018        0x1 c:/code_red/red_suite/tools/bin/../lib/gcc/arm-none-eabi/4.3.2/../../../../arm-none-eabi/lib/thumb2\libm.a(lib_a-s_lib_ver.o)
                0x10000018                __fdlib_version
 *fill*         0x10000019        0x3 00
 .data          0x1000001c       0xf4 c:/code_red/red_suite/tools/bin/../lib/gcc/arm-none-eabi/4.3.2/../../../../arm-none-eabi/lib/thumb2\libc.a(lib_a-impure.o)
                0x1000001c                _impure_ptr
                0x10000110                _edata = .

.bss            0x10000110       0x94 load address 0x00005388
                0x10000110                _bss = .
 *(.bss*)
 .bss           0x10000110       0x14 ./src/i2c.o
                0x10000118                RdIndex
                0x10000110                I2CMasterState
                0x1000011c                I2CSlaveState
                0x10000120                I2CCount
                0x10000114                WrIndex
 *(COMMON)
 COMMON         0x10000124       0x10 ./src/RDB1768_AUDIO.o
                0x10000124                gQ31_Peak_R
                0x10000128                gQ31_Peak_L
                0x1000012c                gQ31_Peak
 COMMON         0x10000134       0x70 ./src/i2c.o
                0x10000134                I2CReadLength
                0x10000138                I2CSlaveBuffer
                0x10000168                I2CMode
                0x1000016c                I2CMasterBuffer
                0x1000019c                I2CCmd
                0x100001a0                I2CWriteLength
                0x100001a4                _ebss = .

.cr_heap        0x100001a4        0x0
                0x100001a4                end = .
                0x100001a4                _pvHeapStart = .
                0x10008000                _vRamTop = __top_RamLoc32
                0x10007ff0                _vStackTop = (_vRamTop - 0x10)
OUTPUT(RDB1768_AudioMeter.axf elf32-littlearm)

.debug_abbrev   0x00000000      0x986
 .debug_abbrev  0x00000000      0x133 ./src/RDB1768_AUDIO.o
 .debug_abbrev  0x00000133       0xd5 ./src/audiometer_main.o
 .debug_abbrev  0x00000208       0xd0 ./src/cr_startup_lpc17.o
 .debug_abbrev  0x000002d8       0x5f ./src/delay.o
 .debug_abbrev  0x00000337      0x170 ./src/i2c.o
 .debug_abbrev  0x000004a7       0xd1 ./src/target.o
 .debug_abbrev  0x00000578       0x54 ./bitmaps/codered128x37.o
 .debug_abbrev  0x000005cc       0xab C:\code_red\ws_examples_to_committ\RDB1768_LCDlib\Release\libRDB1768_LCDlib.a(lcd_bitmap.o)
 .debug_abbrev  0x00000677       0xea C:\code_red\ws_examples_to_committ\RDB1768_LCDlib\Release\libRDB1768_LCDlib.a(lcd_driver.o)
 .debug_abbrev  0x00000761       0xd7 C:\code_red\ws_examples_to_committ\RDB1768_LCDlib\Release\libRDB1768_LCDlib.a(lcd_shapes.o)
 .debug_abbrev  0x00000838       0xe2 C:\code_red\ws_examples_to_committ\RDB1768_LCDlib\Release\libRDB1768_LCDlib.a(lcd_text.o)
 .debug_abbrev  0x0000091a       0x6c C:\code_red\ws_examples_to_committ\RDB1768_LCDlib\Release\libRDB1768_LCDlib.a(system_fixed_be_8_15.o)

.debug_info     0x00000000     0x133c
 .debug_info    0x00000000      0x21f ./src/RDB1768_AUDIO.o
 .debug_info    0x0000021f      0x171 ./src/audiometer_main.o
 .debug_info    0x00000390      0x18a ./src/cr_startup_lpc17.o
 .debug_info    0x0000051a       0x6c ./src/delay.o
 .debug_info    0x00000586      0x2a3 ./src/i2c.o
 .debug_info    0x00000829      0x11c ./src/target.o
 .debug_info    0x00000945       0x87 ./bitmaps/codered128x37.o
 .debug_info    0x000009cc      0x171 C:\code_red\ws_examples_to_committ\RDB1768_LCDlib\Release\libRDB1768_LCDlib.a(lcd_bitmap.o)
 .debug_info    0x00000b3d      0x125 C:\code_red\ws_examples_to_committ\RDB1768_LCDlib\Release\libRDB1768_LCDlib.a(lcd_driver.o)
 .debug_info    0x00000c62      0x3b9 C:\code_red\ws_examples_to_committ\RDB1768_LCDlib\Release\libRDB1768_LCDlib.a(lcd_shapes.o)
 .debug_info    0x0000101b      0x2a1 C:\code_red\ws_examples_to_committ\RDB1768_LCDlib\Release\libRDB1768_LCDlib.a(lcd_text.o)
 .debug_info    0x000012bc       0x80 C:\code_red\ws_examples_to_committ\RDB1768_LCDlib\Release\libRDB1768_LCDlib.a(system_fixed_be_8_15.o)

.debug_line     0x00000000     0x145b
 .debug_line    0x00000000      0x489 ./src/RDB1768_AUDIO.o
 .debug_line    0x00000489      0x52b ./src/audiometer_main.o
 .debug_line    0x000009b4       0xf8 ./src/cr_startup_lpc17.o
 .debug_line    0x00000aac       0x42 ./src/delay.o
 .debug_line    0x00000aee      0x2b6 ./src/i2c.o
 .debug_line    0x00000da4      0x257 ./src/target.o
 .debug_line    0x00000ffb       0x3b ./bitmaps/codered128x37.o
 .debug_line    0x00001036       0x89 C:\code_red\ws_examples_to_committ\RDB1768_LCDlib\Release\libRDB1768_LCDlib.a(lcd_bitmap.o)
 .debug_line    0x000010bf      0x105 C:\code_red\ws_examples_to_committ\RDB1768_LCDlib\Release\libRDB1768_LCDlib.a(lcd_driver.o)
 .debug_line    0x000011c4      0x191 C:\code_red\ws_examples_to_committ\RDB1768_LCDlib\Release\libRDB1768_LCDlib.a(lcd_shapes.o)
 .debug_line    0x00001355       0xc8 C:\code_red\ws_examples_to_committ\RDB1768_LCDlib\Release\libRDB1768_LCDlib.a(lcd_text.o)
 .debug_line    0x0000141d       0x3e C:\code_red\ws_examples_to_committ\RDB1768_LCDlib\Release\libRDB1768_LCDlib.a(system_fixed_be_8_15.o)

.debug_macinfo  0x00000000    0x44b9c
 .debug_macinfo
                0x00000000    0x11e51 ./src/RDB1768_AUDIO.o
 .debug_macinfo
                0x00011e51    0x12208 ./src/audiometer_main.o
 .debug_macinfo
                0x00024059      0xc4c ./src/cr_startup_lpc17.o
 .debug_macinfo
                0x00024ca5      0xc00 ./src/delay.o
 .debug_macinfo
                0x000258a5     0xf41d ./src/i2c.o
 .debug_macinfo
                0x00034cc2     0xf2da ./src/target.o
 .debug_macinfo
                0x00043f9c      0xc00 ./bitmaps/codered128x37.o

.debug_frame    0x00000000      0x61c
 .debug_frame   0x00000000       0x64 ./src/RDB1768_AUDIO.o
 .debug_frame   0x00000064       0x38 ./src/audiometer_main.o
 .debug_frame   0x0000009c       0xc8 ./src/cr_startup_lpc17.o
 .debug_frame   0x00000164       0x24 ./src/delay.o
 .debug_frame   0x00000188       0x88 ./src/i2c.o
 .debug_frame   0x00000210       0x60 ./src/target.o
 .debug_frame   0x00000270       0x50 C:\code_red\ws_examples_to_committ\RDB1768_LCDlib\Release\libRDB1768_LCDlib.a(lcd_bitmap.o)
 .debug_frame   0x000002c0       0x88 C:\code_red\ws_examples_to_committ\RDB1768_LCDlib\Release\libRDB1768_LCDlib.a(lcd_driver.o)
 .debug_frame   0x00000348       0xe8 C:\code_red\ws_examples_to_committ\RDB1768_LCDlib\Release\libRDB1768_LCDlib.a(lcd_shapes.o)
 .debug_frame   0x00000430       0x80 C:\code_red\ws_examples_to_committ\RDB1768_LCDlib\Release\libRDB1768_LCDlib.a(lcd_text.o)
 .debug_frame   0x000004b0       0x20 c:/code_red/red_suite/tools/bin/../lib/gcc/arm-none-eabi/4.3.2/../../../../arm-none-eabi/lib/thumb2\libc.a(lib_a-abs.o)
 .debug_frame   0x000004d0       0x20 c:/code_red/red_suite/tools/bin/../lib/gcc/arm-none-eabi/4.3.2/../../../../arm-none-eabi/lib/thumb2\libc.a(lib_a-strlen.o)
 .debug_frame   0x000004f0       0x34 c:/code_red/red_suite/tools/bin/../lib/gcc/arm-none-eabi/4.3.2/../../../../arm-none-eabi/lib/thumb2\libm.a(lib_a-w_log10.o)
 .debug_frame   0x00000524       0x38 c:/code_red/red_suite/tools/bin/../lib/gcc/arm-none-eabi/4.3.2/../../../../arm-none-eabi/lib/thumb2\libm.a(lib_a-e_log10.o)
 .debug_frame   0x0000055c       0x28 c:/code_red/red_suite/tools/bin/../lib/gcc/arm-none-eabi/4.3.2/../../../../arm-none-eabi/lib/thumb2\libm.a(lib_a-s_isnand.o)
 .debug_frame   0x00000584       0x20 c:/code_red/red_suite/tools/bin/../lib/gcc/arm-none-eabi/4.3.2/../../../../arm-none-eabi/lib/thumb2\libm.a(lib_a-s_matherr.o)
 .debug_frame   0x000005a4       0x20 c:/code_red/red_suite/tools/bin/../lib/gcc/arm-none-eabi/4.3.2/../../../../arm-none-eabi/lib/thumb2\libm.a(lib_a-s_nan.o)
 .debug_frame   0x000005c4       0x38 c:/code_red/red_suite/tools/bin/../lib/gcc/arm-none-eabi/4.3.2/../../../../arm-none-eabi/lib/thumb2\libm.a(lib_a-e_log.o)
 .debug_frame   0x000005fc       0x20 c:/code_red/red_suite/tools/bin/../lib/gcc/arm-none-eabi/4.3.2/../../../../arm-none-eabi/lib/thumb2\libc.a(lib_a-errno.o)

.debug_loc      0x00000000      0xd4b
 .debug_loc     0x00000000       0xd5 ./src/RDB1768_AUDIO.o
 .debug_loc     0x000000d5       0x5f ./src/audiometer_main.o
 .debug_loc     0x00000134       0x1f ./src/cr_startup_lpc17.o
 .debug_loc     0x00000153       0x56 ./src/delay.o
 .debug_loc     0x000001a9       0x8e ./src/i2c.o
 .debug_loc     0x00000237       0x3e ./src/target.o
 .debug_loc     0x00000275      0x176 C:\code_red\ws_examples_to_committ\RDB1768_LCDlib\Release\libRDB1768_LCDlib.a(lcd_bitmap.o)
 .debug_loc     0x000003eb       0xb2 C:\code_red\ws_examples_to_committ\RDB1768_LCDlib\Release\libRDB1768_LCDlib.a(lcd_driver.o)
 .debug_loc     0x0000049d      0x625 C:\code_red\ws_examples_to_committ\RDB1768_LCDlib\Release\libRDB1768_LCDlib.a(lcd_shapes.o)
 .debug_loc     0x00000ac2      0x289 C:\code_red\ws_examples_to_committ\RDB1768_LCDlib\Release\libRDB1768_LCDlib.a(lcd_text.o)

.debug_pubnames
                0x00000000      0x49b
 .debug_pubnames
                0x00000000       0x63 ./src/RDB1768_AUDIO.o
 .debug_pubnames
                0x00000063       0x3c ./src/audiometer_main.o
 .debug_pubnames
                0x0000009f       0x35 ./src/cr_startup_lpc17.o
 .debug_pubnames
                0x000000d4       0x1c ./src/delay.o
 .debug_pubnames
                0x000000f0      0x11c ./src/i2c.o
 .debug_pubnames
                0x0000020c       0x58 ./src/target.o
 .debug_pubnames
                0x00000264       0x60 ./bitmaps/codered128x37.o
 .debug_pubnames
                0x000002c4       0x3a C:\code_red\ws_examples_to_committ\RDB1768_LCDlib\Release\libRDB1768_LCDlib.a(lcd_bitmap.o)
 .debug_pubnames
                0x000002fe       0x9d C:\code_red\ws_examples_to_committ\RDB1768_LCDlib\Release\libRDB1768_LCDlib.a(lcd_driver.o)
 .debug_pubnames
                0x0000039b       0x75 C:\code_red\ws_examples_to_committ\RDB1768_LCDlib\Release\libRDB1768_LCDlib.a(lcd_shapes.o)
 .debug_pubnames
                0x00000410       0x50 C:\code_red\ws_examples_to_committ\RDB1768_LCDlib\Release\libRDB1768_LCDlib.a(lcd_text.o)
 .debug_pubnames
                0x00000460       0x3b C:\code_red\ws_examples_to_committ\RDB1768_LCDlib\Release\libRDB1768_LCDlib.a(system_fixed_be_8_15.o)

.debug_aranges  0x00000000      0x248
 .debug_aranges
                0x00000000       0x30 ./src/RDB1768_AUDIO.o
 .debug_aranges
                0x00000030       0x20 ./src/audiometer_main.o
 .debug_aranges
                0x00000050       0x70 ./src/cr_startup_lpc17.o
 .debug_aranges
                0x000000c0       0x20 ./src/delay.o
 .debug_aranges
                0x000000e0       0x48 ./src/i2c.o
 .debug_aranges
                0x00000128       0x38 ./src/target.o
 .debug_aranges
                0x00000160       0x28 C:\code_red\ws_examples_to_committ\RDB1768_LCDlib\Release\libRDB1768_LCDlib.a(lcd_bitmap.o)
 .debug_aranges
                0x00000188       0x48 C:\code_red\ws_examples_to_committ\RDB1768_LCDlib\Release\libRDB1768_LCDlib.a(lcd_driver.o)
 .debug_aranges
                0x000001d0       0x48 C:\code_red\ws_examples_to_committ\RDB1768_LCDlib\Release\libRDB1768_LCDlib.a(lcd_shapes.o)
 .debug_aranges
                0x00000218       0x30 C:\code_red\ws_examples_to_committ\RDB1768_LCDlib\Release\libRDB1768_LCDlib.a(lcd_text.o)

.debug_ranges   0x00000000      0x310
 .debug_ranges  0x00000000       0x40 ./src/RDB1768_AUDIO.o
 .debug_ranges  0x00000040       0x18 ./src/audiometer_main.o
 .debug_ranges  0x00000058       0x68 ./src/cr_startup_lpc17.o
 .debug_ranges  0x000000c0       0x18 ./src/delay.o
 .debug_ranges  0x000000d8       0xd0 ./src/i2c.o
 .debug_ranges  0x000001a8       0x88 ./src/target.o
 .debug_ranges  0x00000230       0x20 C:\code_red\ws_examples_to_committ\RDB1768_LCDlib\Release\libRDB1768_LCDlib.a(lcd_bitmap.o)
 .debug_ranges  0x00000250       0x58 C:\code_red\ws_examples_to_committ\RDB1768_LCDlib\Release\libRDB1768_LCDlib.a(lcd_driver.o)
 .debug_ranges  0x000002a8       0x40 C:\code_red\ws_examples_to_committ\RDB1768_LCDlib\Release\libRDB1768_LCDlib.a(lcd_shapes.o)
 .debug_ranges  0x000002e8       0x28 C:\code_red\ws_examples_to_committ\RDB1768_LCDlib\Release\libRDB1768_LCDlib.a(lcd_text.o)

.debug_str      0x00000000      0x739
 .debug_str     0x00000000      0x1aa ./src/RDB1768_AUDIO.o
                                0x1ea (size before relaxing)
 .debug_str     0x000001aa       0x90 ./src/audiometer_main.o
                                0x186 (size before relaxing)
 .debug_str     0x0000023a      0x102 ./src/cr_startup_lpc17.o
                                0x164 (size before relaxing)
 .debug_str     0x0000033c        0xf ./src/delay.o
                                 0x5f (size before relaxing)
 .debug_str     0x0000034b       0xc7 ./src/i2c.o
                                0x189 (size before relaxing)
 .debug_str     0x00000412       0x5b ./src/target.o
                                 0xeb (size before relaxing)
 .debug_str     0x0000046d       0x1b ./bitmaps/codered128x37.o
                                 0xc7 (size before relaxing)
 .debug_str     0x00000488       0x95 C:\code_red\ws_examples_to_committ\RDB1768_LCDlib\Release\libRDB1768_LCDlib.a(lcd_bitmap.o)
                                 0xc2 (size before relaxing)
 .debug_str     0x0000051d       0xa4 C:\code_red\ws_examples_to_committ\RDB1768_LCDlib\Release\libRDB1768_LCDlib.a(lcd_driver.o)
                                 0xf8 (size before relaxing)
 .debug_str     0x000005c1       0xb5 C:\code_red\ws_examples_to_committ\RDB1768_LCDlib\Release\libRDB1768_LCDlib.a(lcd_shapes.o)
                                0x18a (size before relaxing)
 .debug_str     0x00000676       0xa5 C:\code_red\ws_examples_to_committ\RDB1768_LCDlib\Release\libRDB1768_LCDlib.a(lcd_text.o)
                                0x199 (size before relaxing)
 .debug_str     0x0000071b       0x1e C:\code_red\ws_examples_to_committ\RDB1768_LCDlib\Release\libRDB1768_LCDlib.a(system_fixed_be_8_15.o)
                                 0x93 (size before relaxing)

.comment        0x00000000      0x1f8
 .comment       0x00000000       0x2a ./src/RDB1768_AUDIO.o
 .comment       0x0000002a       0x2a ./src/audiometer_main.o
 .comment       0x00000054       0x2a ./src/cr_startup_lpc17.o
 .comment       0x0000007e       0x2a ./src/delay.o
 .comment       0x000000a8       0x2a ./src/i2c.o
 .comment       0x000000d2       0x2a ./src/target.o
 .comment       0x000000fc       0x2a ./bitmaps/codered128x37.o
 .comment       0x00000126       0x2a C:\code_red\ws_examples_to_committ\RDB1768_LCDlib\Release\libRDB1768_LCDlib.a(lcd_bitmap.o)
 .comment       0x00000150       0x2a C:\code_red\ws_examples_to_committ\RDB1768_LCDlib\Release\libRDB1768_LCDlib.a(lcd_driver.o)
 .comment       0x0000017a       0x2a C:\code_red\ws_examples_to_committ\RDB1768_LCDlib\Release\libRDB1768_LCDlib.a(lcd_shapes.o)
 .comment       0x000001a4       0x2a C:\code_red\ws_examples_to_committ\RDB1768_LCDlib\Release\libRDB1768_LCDlib.a(lcd_text.o)
 .comment       0x000001ce       0x2a C:\code_red\ws_examples_to_committ\RDB1768_LCDlib\Release\libRDB1768_LCDlib.a(system_fixed_be_8_15.o)

.ARM.attributes
                0x00000000       0x31
 .ARM.attributes
                0x00000000       0x31 ./src/RDB1768_AUDIO.o
 .ARM.attributes
                0x00000031       0x31 ./src/audiometer_main.o
 .ARM.attributes
                0x00000062       0x31 ./src/cr_startup_lpc17.o
 .ARM.attributes
                0x00000093       0x31 ./src/delay.o
 .ARM.attributes
                0x000000c4       0x31 ./src/i2c.o
 .ARM.attributes
                0x000000f5       0x31 ./src/target.o
 .ARM.attributes
                0x00000126       0x2f ./bitmaps/codered128x37.o
 .ARM.attributes
                0x00000155       0x31 C:\code_red\ws_examples_to_committ\RDB1768_LCDlib\Release\libRDB1768_LCDlib.a(lcd_bitmap.o)
 .ARM.attributes
                0x00000186       0x31 C:\code_red\ws_examples_to_committ\RDB1768_LCDlib\Release\libRDB1768_LCDlib.a(lcd_driver.o)
 .ARM.attributes
                0x000001b7       0x31 C:\code_red\ws_examples_to_committ\RDB1768_LCDlib\Release\libRDB1768_LCDlib.a(lcd_shapes.o)
 .ARM.attributes
                0x000001e8       0x31 C:\code_red\ws_examples_to_committ\RDB1768_LCDlib\Release\libRDB1768_LCDlib.a(lcd_text.o)
 .ARM.attributes
                0x00000219       0x2f C:\code_red\ws_examples_to_committ\RDB1768_LCDlib\Release\libRDB1768_LCDlib.a(system_fixed_be_8_15.o)
 .ARM.attributes
                0x00000248       0x17 c:/code_red/red_suite/tools/bin/../lib/gcc/arm-none-eabi/4.3.2/thumb2\libgcc.a(_arm_addsubdf3.o)
 .ARM.attributes
                0x0000025f       0x17 c:/code_red/red_suite/tools/bin/../lib/gcc/arm-none-eabi/4.3.2/thumb2\libgcc.a(_arm_muldivdf3.o)
 .ARM.attributes
                0x00000276       0x17 c:/code_red/red_suite/tools/bin/../lib/gcc/arm-none-eabi/4.3.2/thumb2\libgcc.a(_arm_truncdfsf2.o)
 .ARM.attributes
                0x0000028d       0x17 c:/code_red/red_suite/tools/bin/../lib/gcc/arm-none-eabi/4.3.2/thumb2\libgcc.a(_arm_addsubsf3.o)
 .ARM.attributes
                0x000002a4       0x17 c:/code_red/red_suite/tools/bin/../lib/gcc/arm-none-eabi/4.3.2/thumb2\libgcc.a(_arm_muldivsf3.o)
 .ARM.attributes
                0x000002bb       0x17 c:/code_red/red_suite/tools/bin/../lib/gcc/arm-none-eabi/4.3.2/thumb2\libgcc.a(_arm_cmpsf2.o)
 .ARM.attributes
                0x000002d2       0x17 c:/code_red/red_suite/tools/bin/../lib/gcc/arm-none-eabi/4.3.2/thumb2\libgcc.a(_arm_fixsfsi.o)
 .ARM.attributes
                0x000002e9       0x27 c:/code_red/red_suite/tools/bin/../lib/gcc/arm-none-eabi/4.3.2/../../../../arm-none-eabi/lib/thumb2\libc.a(lib_a-abs.o)
 .ARM.attributes
                0x00000310       0x27 c:/code_red/red_suite/tools/bin/../lib/gcc/arm-none-eabi/4.3.2/../../../../arm-none-eabi/lib/thumb2\libc.a(lib_a-strlen.o)
 .ARM.attributes
                0x00000337       0x27 c:/code_red/red_suite/tools/bin/../lib/gcc/arm-none-eabi/4.3.2/../../../../arm-none-eabi/lib/thumb2\libm.a(lib_a-w_log10.o)
 .ARM.attributes
                0x0000035e       0x27 c:/code_red/red_suite/tools/bin/../lib/gcc/arm-none-eabi/4.3.2/../../../../arm-none-eabi/lib/thumb2\libm.a(lib_a-e_log10.o)
 .ARM.attributes
                0x00000385       0x27 c:/code_red/red_suite/tools/bin/../lib/gcc/arm-none-eabi/4.3.2/../../../../arm-none-eabi/lib/thumb2\libm.a(lib_a-s_isnand.o)
 .ARM.attributes
                0x000003ac       0x25 c:/code_red/red_suite/tools/bin/../lib/gcc/arm-none-eabi/4.3.2/../../../../arm-none-eabi/lib/thumb2\libm.a(lib_a-s_lib_ver.o)
 .ARM.attributes
                0x000003d1       0x27 c:/code_red/red_suite/tools/bin/../lib/gcc/arm-none-eabi/4.3.2/../../../../arm-none-eabi/lib/thumb2\libm.a(lib_a-s_matherr.o)
 .ARM.attributes
                0x000003f8       0x27 c:/code_red/red_suite/tools/bin/../lib/gcc/arm-none-eabi/4.3.2/../../../../arm-none-eabi/lib/thumb2\libm.a(lib_a-s_nan.o)
 .ARM.attributes
                0x0000041f       0x27 c:/code_red/red_suite/tools/bin/../lib/gcc/arm-none-eabi/4.3.2/../../../../arm-none-eabi/lib/thumb2\libm.a(lib_a-e_log.o)
 .ARM.attributes
                0x00000446       0x17 c:/code_red/red_suite/tools/bin/../lib/gcc/arm-none-eabi/4.3.2/thumb2\libgcc.a(_arm_cmpdf2.o)
 .ARM.attributes
                0x0000045d       0x27 c:/code_red/red_suite/tools/bin/../lib/gcc/arm-none-eabi/4.3.2/../../../../arm-none-eabi/lib/thumb2\libc.a(lib_a-errno.o)
 .ARM.attributes
                0x00000484       0x25 c:/code_red/red_suite/tools/bin/../lib/gcc/arm-none-eabi/4.3.2/../../../../arm-none-eabi/lib/thumb2\libc.a(lib_a-impure.o)
