Archive member included to satisfy reference by file (symbol)

/opt/gcc-arm-none-eabi-7-2018-q2-update/bin/../lib/gcc/arm-none-eabi/7.3.1/../../../../arm-none-eabi/lib/thumb/v7-m/libc.a(lib_a-exit.o)
                              /opt/gcc-arm-none-eabi-7-2018-q2-update/bin/../lib/gcc/arm-none-eabi/7.3.1/../../../../arm-none-eabi/lib/thumb/v7-m/crt0.o (exit)
/opt/gcc-arm-none-eabi-7-2018-q2-update/bin/../lib/gcc/arm-none-eabi/7.3.1/../../../../arm-none-eabi/lib/thumb/v7-m/libc.a(lib_a-impure.o)
                              /opt/gcc-arm-none-eabi-7-2018-q2-update/bin/../lib/gcc/arm-none-eabi/7.3.1/../../../../arm-none-eabi/lib/thumb/v7-m/libc.a(lib_a-exit.o) (_global_impure_ptr)
/opt/gcc-arm-none-eabi-7-2018-q2-update/bin/../lib/gcc/arm-none-eabi/7.3.1/../../../../arm-none-eabi/lib/thumb/v7-m/libc.a(lib_a-init.o)
                              /opt/gcc-arm-none-eabi-7-2018-q2-update/bin/../lib/gcc/arm-none-eabi/7.3.1/../../../../arm-none-eabi/lib/thumb/v7-m/crt0.o (__libc_init_array)
/opt/gcc-arm-none-eabi-7-2018-q2-update/bin/../lib/gcc/arm-none-eabi/7.3.1/../../../../arm-none-eabi/lib/thumb/v7-m/libc.a(lib_a-memset.o)
                              /opt/gcc-arm-none-eabi-7-2018-q2-update/bin/../lib/gcc/arm-none-eabi/7.3.1/../../../../arm-none-eabi/lib/thumb/v7-m/crt0.o (memset)
/opt/gcc-arm-none-eabi-7-2018-q2-update/bin/../lib/gcc/arm-none-eabi/7.3.1/../../../../arm-none-eabi/lib/thumb/v7-m/libc.a(lib_a-puts.o)
                              main.o (puts)
/opt/gcc-arm-none-eabi-7-2018-q2-update/bin/../lib/gcc/arm-none-eabi/7.3.1/../../../../arm-none-eabi/lib/thumb/v7-m/libc.a(lib_a-strlen-stub.o)
                              /opt/gcc-arm-none-eabi-7-2018-q2-update/bin/../lib/gcc/arm-none-eabi/7.3.1/../../../../arm-none-eabi/lib/thumb/v7-m/libc.a(lib_a-puts.o) (strlen)
/opt/gcc-arm-none-eabi-7-2018-q2-update/bin/../lib/gcc/arm-none-eabi/7.3.1/../../../../arm-none-eabi/lib/thumb/v7-m/libc.a(lib_a-__call_atexit.o)
                              /opt/gcc-arm-none-eabi-7-2018-q2-update/bin/../lib/gcc/arm-none-eabi/7.3.1/../../../../arm-none-eabi/lib/thumb/v7-m/libc.a(lib_a-exit.o) (__call_exitprocs)
/opt/gcc-arm-none-eabi-7-2018-q2-update/bin/../lib/gcc/arm-none-eabi/7.3.1/../../../../arm-none-eabi/lib/thumb/v7-m/libc.a(lib_a-atexit.o)
                              /opt/gcc-arm-none-eabi-7-2018-q2-update/bin/../lib/gcc/arm-none-eabi/7.3.1/../../../../arm-none-eabi/lib/thumb/v7-m/libc.a(lib_a-__call_atexit.o) (atexit)
/opt/gcc-arm-none-eabi-7-2018-q2-update/bin/../lib/gcc/arm-none-eabi/7.3.1/../../../../arm-none-eabi/lib/thumb/v7-m/libc.a(lib_a-findfp.o)
                              /opt/gcc-arm-none-eabi-7-2018-q2-update/bin/../lib/gcc/arm-none-eabi/7.3.1/../../../../arm-none-eabi/lib/thumb/v7-m/libc.a(lib_a-puts.o) (__sinit)
/opt/gcc-arm-none-eabi-7-2018-q2-update/bin/../lib/gcc/arm-none-eabi/7.3.1/../../../../arm-none-eabi/lib/thumb/v7-m/libc.a(lib_a-fini.o)
                              /opt/gcc-arm-none-eabi-7-2018-q2-update/bin/../lib/gcc/arm-none-eabi/7.3.1/../../../../arm-none-eabi/lib/thumb/v7-m/libc.a(lib_a-__call_atexit.o) (__libc_fini_array)
/opt/gcc-arm-none-eabi-7-2018-q2-update/bin/../lib/gcc/arm-none-eabi/7.3.1/../../../../arm-none-eabi/lib/thumb/v7-m/libc.a(lib_a-fvwrite.o)
                              /opt/gcc-arm-none-eabi-7-2018-q2-update/bin/../lib/gcc/arm-none-eabi/7.3.1/../../../../arm-none-eabi/lib/thumb/v7-m/libc.a(lib_a-puts.o) (__sfvwrite_r)
/opt/gcc-arm-none-eabi-7-2018-q2-update/bin/../lib/gcc/arm-none-eabi/7.3.1/../../../../arm-none-eabi/lib/thumb/v7-m/libc.a(lib_a-fwalk.o)
                              /opt/gcc-arm-none-eabi-7-2018-q2-update/bin/../lib/gcc/arm-none-eabi/7.3.1/../../../../arm-none-eabi/lib/thumb/v7-m/libc.a(lib_a-findfp.o) (_fwalk)
/opt/gcc-arm-none-eabi-7-2018-q2-update/bin/../lib/gcc/arm-none-eabi/7.3.1/../../../../arm-none-eabi/lib/thumb/v7-m/libc.a(lib_a-lock.o)
                              /opt/gcc-arm-none-eabi-7-2018-q2-update/bin/../lib/gcc/arm-none-eabi/7.3.1/../../../../arm-none-eabi/lib/thumb/v7-m/libc.a(lib_a-findfp.o) (__retarget_lock_init_recursive)
/opt/gcc-arm-none-eabi-7-2018-q2-update/bin/../lib/gcc/arm-none-eabi/7.3.1/../../../../arm-none-eabi/lib/thumb/v7-m/libc.a(lib_a-mallocr.o)
                              /opt/gcc-arm-none-eabi-7-2018-q2-update/bin/../lib/gcc/arm-none-eabi/7.3.1/../../../../arm-none-eabi/lib/thumb/v7-m/libc.a(lib_a-findfp.o) (_malloc_r)
/opt/gcc-arm-none-eabi-7-2018-q2-update/bin/../lib/gcc/arm-none-eabi/7.3.1/../../../../arm-none-eabi/lib/thumb/v7-m/libc.a(lib_a-memchr-stub.o)
                              /opt/gcc-arm-none-eabi-7-2018-q2-update/bin/../lib/gcc/arm-none-eabi/7.3.1/../../../../arm-none-eabi/lib/thumb/v7-m/libc.a(lib_a-fvwrite.o) (memchr)
/opt/gcc-arm-none-eabi-7-2018-q2-update/bin/../lib/gcc/arm-none-eabi/7.3.1/../../../../arm-none-eabi/lib/thumb/v7-m/libc.a(lib_a-memcpy.o)
[...]
Memory Configuration

Name             Origin             Length             Attributes
FLASH            0x0000000000000000 0x0000000000080000 xr
RAM              0x00000000100000c8 0x0000000000007f38 xrw
USB_RAM          0x000000002007c000 0x0000000000004000 xrw
ETH_RAM          0x0000000020080000 0x0000000000004000 xrw
*default*        0x0000000000000000 0xffffffffffffffff

Linker script and memory map

LOAD /opt/gcc-arm-none-eabi-7-2018-q2-update/bin/../lib/gcc/arm-none-eabi/7.3.1/thumb/v7-m/crti.o
LOAD /opt/gcc-arm-none-eabi-7-2018-q2-update/bin/../lib/gcc/arm-none-eabi/7.3.1/thumb/v7-m/crtbegin.o
LOAD /opt/gcc-arm-none-eabi-7-2018-q2-update/bin/../lib/gcc/arm-none-eabi/7.3.1/../../../../arm-none-eabi/lib/thumb/v7-m/crt0.o
LOAD src/system_LPC17xx.o
LOAD src/startup_LPC17xx.o
LOAD src/core_cm3.o
LOAD main.o
LOAD i2c_software.o
LOAD digital.o
LOAD delay.o
LOAD uart.o
LOAD /opt/gcc-arm-none-eabi-7-2018-q2-update/bin/../lib/gcc/arm-none-eabi/7.3.1/../../../../arm-none-eabi/lib/thumb/v7-m/libc.a
LOAD /opt/gcc-arm-none-eabi-7-2018-q2-update/bin/../lib/gcc/arm-none-eabi/7.3.1/thumb/v7-m/libgcc.a
LOAD /opt/gcc-arm-none-eabi-7-2018-q2-update/bin/../lib/gcc/arm-none-eabi/7.3.1/../../../../arm-none-eabi/lib/thumb/v7-m/libnosys.a
LOAD /opt/gcc-arm-none-eabi-7-2018-q2-update/bin/../lib/gcc/arm-none-eabi/7.3.1/../../../../arm-none-eabi/lib/thumb/v7-m/libc.a
LOAD /opt/gcc-arm-none-eabi-7-2018-q2-update/bin/../lib/gcc/arm-none-eabi/7.3.1/thumb/v7-m/libgcc.a
LOAD /opt/gcc-arm-none-eabi-7-2018-q2-update/bin/../lib/gcc/arm-none-eabi/7.3.1/../../../../arm-none-eabi/lib/thumb/v7-m/libnosys.a
START GROUP
LOAD /opt/gcc-arm-none-eabi-7-2018-q2-update/bin/../lib/gcc/arm-none-eabi/7.3.1/thumb/v7-m/libgcc.a
LOAD /opt/gcc-arm-none-eabi-7-2018-q2-update/bin/../lib/gcc/arm-none-eabi/7.3.1/../../../../arm-none-eabi/lib/thumb/v7-m/libc.a
END GROUP
LOAD /opt/gcc-arm-none-eabi-7-2018-q2-update/bin/../lib/gcc/arm-none-eabi/7.3.1/thumb/v7-m/crtend.o
LOAD /opt/gcc-arm-none-eabi-7-2018-q2-update/bin/../lib/gcc/arm-none-eabi/7.3.1/thumb/v7-m/crtn.o

.text           0x0000000000000000     0x2614
 *(.isr_vector)
 .isr_vector    0x0000000000000000       0xc4 src/startup_LPC17xx.o
                0x0000000000000000                g_pfnVectors
 *(.text*)
 .text          0x00000000000000c4       0x40 /opt/gcc-arm-none-eabi-7-2018-q2-update/bin/../lib/gcc/arm-none-eabi/7.3.1/thumb/v7-m/crtbegin.o
 .text.SystemInit
                0x0000000000000104      0x140 src/system_LPC17xx.o
                0x0000000000000104                SystemInit
 .text.Reset_Handler
                0x0000000000000244       0x70 src/startup_LPC17xx.o
                0x0000000000000244                Reset_Handler
 .text.Default_Handler
                0x00000000000002b4        0x6 src/startup_LPC17xx.o
                0x00000000000002b4                TIMER2_IRQHandler
                0x00000000000002b4                DebugMon_Handler
                0x00000000000002b4                RIT_IRQHandler
                0x00000000000002b4                I2C0_IRQHandler
                0x00000000000002b4                PWM1_IRQHandler
                0x00000000000002b4                PendSV_Handler
                0x00000000000002b4                I2C1_IRQHandler
                0x00000000000002b4                EINT2_IRQHandler
                0x00000000000002b4                UART1_IRQHandler
                0x00000000000002b4                EINT3_IRQHandler
                0x00000000000002b4                TIMER3_IRQHandler
                0x00000000000002b4                UART0_IRQHandler
                0x00000000000002b4                UsageFault_Handler
                0x00000000000002b4                PLL0_IRQHandler
                0x00000000000002b4                CAN_IRQHandler
                0x00000000000002b4                PLL1_IRQHandler
                0x00000000000002b4                SSP0_IRQHandler
                0x00000000000002b4                I2S_IRQHandler
                0x00000000000002b4                I2C2_IRQHandler
                0x00000000000002b4                RTC_IRQHandler
                0x00000000000002b4                TIMER0_IRQHandler
                0x00000000000002b4                SPI_IRQHandler
                0x00000000000002b4                EINT1_IRQHandler
                0x00000000000002b4                TIMER1_IRQHandler
                0x00000000000002b4                UART2_IRQHandler
                0x00000000000002b4                Default_Handler
                0x00000000000002b4                ADC_IRQHandler
                0x00000000000002b4                SSP1_IRQHandler
                0x00000000000002b4                USB_IRQHandler
                0x00000000000002b4                BOD_IRQHandler
                0x00000000000002b4                MemManage_Handler
                0x00000000000002b4                WDT_IRQHandler
                0x00000000000002b4                SVC_Handler
                0x00000000000002b4                QEI_IRQHandler
                0x00000000000002b4                EINT0_IRQHandler
                0x00000000000002b4                DMA_IRQHandler
                0x00000000000002b4                BusFault_Handler
                0x00000000000002b4                UART3_IRQHandler
                0x00000000000002b4                MCPWM_IRQHandler
                0x00000000000002b4                ENET_IRQHandler
 *fill*         0x00000000000002ba        0x2 
 .text.main     0x00000000000002bc       0x60 main.o
                0x00000000000002bc                main
 .text._Z15i2c_dados_baixov
                0x000000000000031c       0x28 i2c_software.o
                0x000000000000031c                i2c_dados_baixo()
 .text._Z14i2c_dados_altov
                0x0000000000000344       0x1c i2c_software.o
                0x0000000000000344                i2c_dados_alto()
 .text._Z12i2c_clk_altov
                0x0000000000000360       0x1c i2c_software.o
                0x0000000000000360                i2c_clk_alto()
 .text._Z13i2c_clk_baixov
                0x000000000000037c       0x28 i2c_software.o
                0x000000000000037c                i2c_clk_baixo()
 .text._Z13i2c_configurahh
                0x00000000000003a4       0x3c i2c_software.o
                0x00000000000003a4                i2c_configura(unsigned char, unsigned char)
 .text._Z9i2c_startv
                0x00000000000003e0       0x30 i2c_software.o
                0x00000000000003e0                i2c_start()
 .text._Z7i2c_bith
                0x0000000000000410       0x3a i2c_software.o
                0x0000000000000410                i2c_bit(unsigned char)
 *fill*         0x000000000000044a        0x2 
 .text._Z10i2c_le_bitv
                0x000000000000044c       0x3c i2c_software.o
                0x000000000000044c                i2c_le_bit()
 .text._Z9i2c_writeh
                0x0000000000000488       0x4e i2c_software.o
                0x0000000000000488                i2c_write(unsigned char)
 .text._Z12i2c_read_ACKh
                0x00000000000004d6       0x46 i2c_software.o
                0x00000000000004d6                i2c_read_ACK(unsigned char)
 .text._Z8i2c_stopv
                0x000000000000051c       0x30 i2c_software.o
                0x000000000000051c                i2c_stop()
 .text._Z19i2c_sequencial_readhtPht
                0x000000000000054c       0xa4 i2c_software.o
                0x000000000000054c                i2c_sequencial_read(unsigned char, unsigned short, unsigned char*, unsigned short)
 .text._Z20i2c_sequencial_writehtPht
                0x00000000000005f0       0xa4 i2c_software.o
                0x00000000000005f0                i2c_sequencial_write(unsigned char, unsigned short, unsigned char*, unsigned short)
 .text._Z7pinModeth
                0x0000000000000694       0x80 digital.o
                0x0000000000000694                pinMode(unsigned short, unsigned char)
 .text._Z12digitalWriteth
                0x0000000000000714       0x78 digital.o
                0x0000000000000714                digitalWrite(unsigned short, unsigned char)
 .text._Z11digitalReadt
                0x000000000000078c       0x68 digital.o
                0x000000000000078c                digitalRead(unsigned short)
 .text.NVIC_SetPriority
                0x00000000000007f4       0x54 delay.o
 .text.SysTick_Config
                0x0000000000000848       0x44 delay.o
 .text.SysTick_Handler
                0x000000000000088c       0x2c delay.o
                0x000000000000088c                SysTick_Handler
 .text._Z14habilita_timerv
                0x00000000000008b8       0x28 delay.o
                0x00000000000008b8                habilita_timer()
 .text._Z16desabilita_timerv
                0x00000000000008e0       0x1c delay.o
                0x00000000000008e0                desabilita_timer()
 .text._Z8delay_usm
                0x00000000000008fc       0x50 delay.o
                0x00000000000008fc                delay_us(unsigned long)
 .text._Z8delay_msm
                0x000000000000094c       0x50 delay.o
                0x000000000000094c                delay_ms(unsigned long)
 .text._write   0x000000000000099c       0x3c uart.o
                0x000000000000099c                _write
 .text._read    0x00000000000009d8       0x54 uart.o
                0x00000000000009d8                _read
 .text._Z10UART0_Initi
                0x0000000000000a2c       0xa8 uart.o
                0x0000000000000a2c                UART0_Init(int)
 .text._Z14UART0_Sendcharc
                0x0000000000000ad4       0x38 uart.o
                0x0000000000000ad4                UART0_Sendchar(char)
 .text._Z13UART0_Getcharv
                0x0000000000000b0c       0x38 uart.o
                0x0000000000000b0c                UART0_Getchar()
 .text.memset   0x0000000000000b44       0x94 /opt/gcc-arm-none-eabi-7-2018-q2-update/bin/../lib/gcc/arm-none-eabi/7.3.1/../../../../arm-none-eabi/lib/thumb/v7-m/libc.a(lib_a-memset.o)
                0x0000000000000b44                memset
 .text._puts_r  0x0000000000000bd8       0x9c /opt/gcc-arm-none-eabi-7-2018-q2-update/bin/../lib/gcc/arm-none-eabi/7.3.1/../../../../arm-none-eabi/lib/thumb/v7-m/libc.a(lib_a-puts.o)
                0x0000000000000bd8                _puts_r
 .text.puts     0x0000000000000c74       0x10 /opt/gcc-arm-none-eabi-7-2018-q2-update/bin/../lib/gcc/arm-none-eabi/7.3.1/../../../../arm-none-eabi/lib/thumb/v7-m/libc.a(lib_a-puts.o)
                0x0000000000000c74                puts
 .text.strlen   0x0000000000000c84       0x5c /opt/gcc-arm-none-eabi-7-2018-q2-update/bin/../lib/gcc/arm-none-eabi/7.3.1/../../../../arm-none-eabi/lib/thumb/v7-m/libc.a(lib_a-strlen-stub.o)
                0x0000000000000c84                strlen
 .text.startup.register_fini
                0x0000000000000ce0       0x14 /opt/gcc-arm-none-eabi-7-2018-q2-update/bin/../lib/gcc/arm-none-eabi/7.3.1/../../../../arm-none-eabi/lib/thumb/v7-m/libc.a(lib_a-__call_atexit.o)
 .text.atexit   0x0000000000000cf4        0xc /opt/gcc-arm-none-eabi-7-2018-q2-update/bin/../lib/gcc/arm-none-eabi/7.3.1/../../../../arm-none-eabi/lib/thumb/v7-m/libc.a(lib_a-atexit.o)
                0x0000000000000cf4                atexit
 .text.std      0x0000000000000d00       0x50 /opt/gcc-arm-none-eabi-7-2018-q2-update/bin/../lib/gcc/arm-none-eabi/7.3.1/../../../../arm-none-eabi/lib/thumb/v7-m/libc.a(lib_a-findfp.o)
 .text._cleanup_r
                0x0000000000000d50        0xc /opt/gcc-arm-none-eabi-7-2018-q2-update/bin/../lib/gcc/arm-none-eabi/7.3.1/../../../../arm-none-eabi/lib/thumb/v7-m/libc.a(lib_a-findfp.o)
                0x0000000000000d50                _cleanup_r
 .text.__sinit  0x0000000000000d5c       0x60 /opt/gcc-arm-none-eabi-7-2018-q2-update/bin/../lib/gcc/arm-none-eabi/7.3.1/../../../../arm-none-eabi/lib/thumb/v7-m/libc.a(lib_a-findfp.o)
                0x0000000000000d5c                __sinit
 .text.__sfp_lock_acquire
                0x0000000000000dbc        0xc /opt/gcc-arm-none-eabi-7-2018-q2-update/bin/../lib/gcc/arm-none-eabi/7.3.1/../../../../arm-none-eabi/lib/thumb/v7-m/libc.a(lib_a-findfp.o)
                0x0000000000000dbc                __sfp_lock_acquire
 .text.__sfp_lock_release
                0x0000000000000dc8        0xc /opt/gcc-arm-none-eabi-7-2018-q2-update/bin/../lib/gcc/arm-none-eabi/7.3.1/../../../../arm-none-eabi/lib/thumb/v7-m/libc.a(lib_a-findfp.o)
                0x0000000000000dc8                __sfp_lock_release
 .text.__libc_fini_array
                0x0000000000000dd4       0x34 /opt/gcc-arm-none-eabi-7-2018-q2-update/bin/../lib/gcc/arm-none-eabi/7.3.1/../../../../arm-none-eabi/lib/thumb/v7-m/libc.a(lib_a-fini.o)
                0x0000000000000dd4                __libc_fini_array
 .text.__sfvwrite_r
                0x0000000000000e08      0x2f4 /opt/gcc-arm-none-eabi-7-2018-q2-update/bin/../lib/gcc/arm-none-eabi/7.3.1/../../../../arm-none-eabi/lib/thumb/v7-m/libc.a(lib_a-fvwrite.o)
                0x0000000000000e08                __sfvwrite_r
 .text._fwalk_reent
                0x00000000000010fc       0x50 /opt/gcc-arm-none-eabi-7-2018-q2-update/bin/../lib/gcc/arm-none-eabi/7.3.1/../../../../arm-none-eabi/lib/thumb/v7-m/libc.a(lib_a-fwalk.o)
                0x00000000000010fc                _fwalk_reent
 .text.__retarget_lock_init_recursive
                0x000000000000114c        0x4 /opt/gcc-arm-none-eabi-7-2018-q2-update/bin/../lib/gcc/arm-none-eabi/7.3.1/../../../../arm-none-eabi/lib/thumb/v7-m/libc.a(lib_a-lock.o)
                0x000000000000114c                __retarget_lock_init_recursive
 .text.__retarget_lock_close_recursive
                0x0000000000001150        0x4 /opt/gcc-arm-none-eabi-7-2018-q2-update/bin/../lib/gcc/arm-none-eabi/7.3.1/../../../../arm-none-eabi/lib/thumb/v7-m/libc.a(lib_a-lock.o)
                0x0000000000001150                __retarget_lock_close_recursive
 .text.__retarget_lock_acquire_recursive
                0x0000000000001154        0x4 /opt/gcc-arm-none-eabi-7-2018-q2-update/bin/../lib/gcc/arm-none-eabi/7.3.1/../../../../arm-none-eabi/lib/thumb/v7-m/libc.a(lib_a-lock.o)
                0x0000000000001154                __retarget_lock_acquire_recursive
 .text.__retarget_lock_release_recursive
                0x0000000000001158        0x4 /opt/gcc-arm-none-eabi-7-2018-q2-update/bin/../lib/gcc/arm-none-eabi/7.3.1/../../../../arm-none-eabi/lib/thumb/v7-m/libc.a(lib_a-lock.o)
                0x0000000000001158                __retarget_lock_release_recursive
 .text._malloc_r
                0x000000000000115c      0x524 /opt/gcc-arm-none-eabi-7-2018-q2-update/bin/../lib/gcc/arm-none-eabi/7.3.1/../../../../arm-none-eabi/lib/thumb/v7-m/libc.a(lib_a-mallocr.o)
                0x000000000000115c                _malloc_r
 .text.memchr   0x0000000000001680       0x8c /opt/gcc-arm-none-eabi-7-2018-q2-update/bin/../lib/gcc/arm-none-eabi/7.3.1/../../../../arm-none-eabi/lib/thumb/v7-m/libc.a(lib_a-memchr-stub.o)
                0x0000000000001680                memchr
 .text          0x000000000000170c       0xec /opt/gcc-arm-none-eabi-7-2018-q2-update/bin/../lib/gcc/arm-none-eabi/7.3.1/../../../../arm-none-eabi/lib/thumb/v7-m/libc.a(lib_a-memcpy.o)
                0x000000000000170c                memcpy
 .text.memmove  0x00000000000017f8       0xc4 /opt/gcc-arm-none-eabi-7-2018-q2-update/bin/../lib/gcc/arm-none-eabi/7.3.1/../../../../arm-none-eabi/lib/thumb/v7-m/libc.a(lib_a-memmove.o)
                0x00000000000017f8                memmove
 .text.__malloc_lock
                0x00000000000018bc        0xc /opt/gcc-arm-none-eabi-7-2018-q2-update/bin/../lib/gcc/arm-none-eabi/7.3.1/../../../../arm-none-eabi/lib/thumb/v7-m/libc.a(lib_a-mlock.o)
                0x00000000000018bc                __malloc_lock
 .text.__malloc_unlock
                0x00000000000018c8        0xc /opt/gcc-arm-none-eabi-7-2018-q2-update/bin/../lib/gcc/arm-none-eabi/7.3.1/../../../../arm-none-eabi/lib/thumb/v7-m/libc.a(lib_a-mlock.o)
                0x00000000000018c8                __malloc_unlock
 .text._realloc_r
                0x00000000000018d4      0x374 /opt/gcc-arm-none-eabi-7-2018-q2-update/bin/../lib/gcc/arm-none-eabi/7.3.1/../../../../arm-none-eabi/lib/thumb/v7-m/libc.a(lib_a-reallocr.o)
                0x00000000000018d4                _realloc_r
 .text._sbrk_r  0x0000000000001c48       0x24 /opt/gcc-arm-none-eabi-7-2018-q2-update/bin/../lib/gcc/arm-none-eabi/7.3.1/../../../../arm-none-eabi/lib/thumb/v7-m/libc.a(lib_a-sbrkr.o)
                0x0000000000001c48                _sbrk_r
 .text.__sread  0x0000000000001c6c       0x24 /opt/gcc-arm-none-eabi-7-2018-q2-update/bin/../lib/gcc/arm-none-eabi/7.3.1/../../../../arm-none-eabi/lib/thumb/v7-m/libc.a(lib_a-stdio.o)
                0x0000000000001c6c                __sread
 .text.__swrite
                0x0000000000001c90       0x3c /opt/gcc-arm-none-eabi-7-2018-q2-update/bin/../lib/gcc/arm-none-eabi/7.3.1/../../../../arm-none-eabi/lib/thumb/v7-m/libc.a(lib_a-stdio.o)
                0x0000000000001c90                __swrite
 .text.__sseek  0x0000000000001ccc       0x20 /opt/gcc-arm-none-eabi-7-2018-q2-update/bin/../lib/gcc/arm-none-eabi/7.3.1/../../../../arm-none-eabi/lib/thumb/v7-m/libc.a(lib_a-stdio.o)
                0x0000000000001ccc                __sseek
 .text.__sclose
                0x0000000000001cec        0x8 /opt/gcc-arm-none-eabi-7-2018-q2-update/bin/../lib/gcc/arm-none-eabi/7.3.1/../../../../arm-none-eabi/lib/thumb/v7-m/libc.a(lib_a-stdio.o)
                0x0000000000001cec                __sclose
 .text._write_r
                0x0000000000001cf4       0x2c /opt/gcc-arm-none-eabi-7-2018-q2-update/bin/../lib/gcc/arm-none-eabi/7.3.1/../../../../arm-none-eabi/lib/thumb/v7-m/libc.a(lib_a-writer.o)
                0x0000000000001cf4                _write_r
 .text.__swsetup_r
                0x0000000000001d20       0xcc /opt/gcc-arm-none-eabi-7-2018-q2-update/bin/../lib/gcc/arm-none-eabi/7.3.1/../../../../arm-none-eabi/lib/thumb/v7-m/libc.a(lib_a-wsetup.o)
                0x0000000000001d20                __swsetup_r
 .text.__register_exitproc
                0x0000000000001dec       0xc0 /opt/gcc-arm-none-eabi-7-2018-q2-update/bin/../lib/gcc/arm-none-eabi/7.3.1/../../../../arm-none-eabi/lib/thumb/v7-m/libc.a(lib_a-__atexit.o)
                0x0000000000001dec                __register_exitproc
 .text._close_r
                0x0000000000001eac       0x24 /opt/gcc-arm-none-eabi-7-2018-q2-update/bin/../lib/gcc/arm-none-eabi/7.3.1/../../../../arm-none-eabi/lib/thumb/v7-m/libc.a(lib_a-closer.o)
                0x0000000000001eac                _close_r
 .text._fclose_r
                0x0000000000001ed0       0xd0 /opt/gcc-arm-none-eabi-7-2018-q2-update/bin/../lib/gcc/arm-none-eabi/7.3.1/../../../../arm-none-eabi/lib/thumb/v7-m/libc.a(lib_a-fclose.o)
                0x0000000000001ed0                _fclose_r
 .text.__sflush_r
                0x0000000000001fa0      0x154 /opt/gcc-arm-none-eabi-7-2018-q2-update/bin/../lib/gcc/arm-none-eabi/7.3.1/../../../../arm-none-eabi/lib/thumb/v7-m/libc.a(lib_a-fflush.o)
                0x0000000000001fa0                __sflush_r
 .text._fflush_r
                0x00000000000020f4       0x5c /opt/gcc-arm-none-eabi-7-2018-q2-update/bin/../lib/gcc/arm-none-eabi/7.3.1/../../../../arm-none-eabi/lib/thumb/v7-m/libc.a(lib_a-fflush.o)
                0x00000000000020f4                _fflush_r
 .text._malloc_trim_r
                0x0000000000002150       0xa0 /opt/gcc-arm-none-eabi-7-2018-q2-update/bin/../lib/gcc/arm-none-eabi/7.3.1/../../../../arm-none-eabi/lib/thumb/v7-m/libc.a(lib_a-freer.o)
                0x0000000000002150                _malloc_trim_r
 .text._free_r  0x00000000000021f0      0x1e8 /opt/gcc-arm-none-eabi-7-2018-q2-update/bin/../lib/gcc/arm-none-eabi/7.3.1/../../../../arm-none-eabi/lib/thumb/v7-m/libc.a(lib_a-freer.o)
                0x00000000000021f0                _free_r
 .text._lseek_r
                0x00000000000023d8       0x2c /opt/gcc-arm-none-eabi-7-2018-q2-update/bin/../lib/gcc/arm-none-eabi/7.3.1/../../../../arm-none-eabi/lib/thumb/v7-m/libc.a(lib_a-lseekr.o)
                0x00000000000023d8                _lseek_r
 .text.__swhatbuf_r
                0x0000000000002404       0x5c /opt/gcc-arm-none-eabi-7-2018-q2-update/bin/../lib/gcc/arm-none-eabi/7.3.1/../../../../arm-none-eabi/lib/thumb/v7-m/libc.a(lib_a-makebuf.o)
                0x0000000000002404                __swhatbuf_r
 .text.__smakebuf_r
                0x0000000000002460       0x94 /opt/gcc-arm-none-eabi-7-2018-q2-update/bin/../lib/gcc/arm-none-eabi/7.3.1/../../../../arm-none-eabi/lib/thumb/v7-m/libc.a(lib_a-makebuf.o)
                0x0000000000002460                __smakebuf_r
 .text._read_r  0x00000000000024f4       0x2c /opt/gcc-arm-none-eabi-7-2018-q2-update/bin/../lib/gcc/arm-none-eabi/7.3.1/../../../../arm-none-eabi/lib/thumb/v7-m/libc.a(lib_a-readr.o)
                0x00000000000024f4                _read_r
 .text._fstat_r
                0x0000000000002520       0x28 /opt/gcc-arm-none-eabi-7-2018-q2-update/bin/../lib/gcc/arm-none-eabi/7.3.1/../../../../arm-none-eabi/lib/thumb/v7-m/libc.a(lib_a-fstatr.o)
                0x0000000000002520                _fstat_r
 .text._isatty_r
                0x0000000000002548       0x24 /opt/gcc-arm-none-eabi-7-2018-q2-update/bin/../lib/gcc/arm-none-eabi/7.3.1/../../../../arm-none-eabi/lib/thumb/v7-m/libc.a(lib_a-isattyr.o)
                0x0000000000002548                _isatty_r
 .text._close   0x000000000000256c       0x10 /opt/gcc-arm-none-eabi-7-2018-q2-update/bin/../lib/gcc/arm-none-eabi/7.3.1/../../../../arm-none-eabi/lib/thumb/v7-m/libnosys.a(close.o)
                0x000000000000256c                _close
 .text._fstat   0x000000000000257c       0x10 /opt/gcc-arm-none-eabi-7-2018-q2-update/bin/../lib/gcc/arm-none-eabi/7.3.1/../../../../arm-none-eabi/lib/thumb/v7-m/libnosys.a(fstat.o)
                0x000000000000257c                _fstat
 .text._isatty  0x000000000000258c       0x10 /opt/gcc-arm-none-eabi-7-2018-q2-update/bin/../lib/gcc/arm-none-eabi/7.3.1/../../../../arm-none-eabi/lib/thumb/v7-m/libnosys.a(isatty.o)
                0x000000000000258c                _isatty
 .text._lseek   0x000000000000259c       0x10 /opt/gcc-arm-none-eabi-7-2018-q2-update/bin/../lib/gcc/arm-none-eabi/7.3.1/../../../../arm-none-eabi/lib/thumb/v7-m/libnosys.a(lseek.o)
                0x000000000000259c                _lseek
 .text._sbrk    0x00000000000025ac       0x1c /opt/gcc-arm-none-eabi-7-2018-q2-update/bin/../lib/gcc/arm-none-eabi/7.3.1/../../../../arm-none-eabi/lib/thumb/v7-m/libnosys.a(sbrk.o)
                0x00000000000025ac                _sbrk
 *(.init)
 .init          0x00000000000025c8        0x4 /opt/gcc-arm-none-eabi-7-2018-q2-update/bin/../lib/gcc/arm-none-eabi/7.3.1/thumb/v7-m/crti.o
                0x00000000000025c8                _init
 .init          0x00000000000025cc        0x8 /opt/gcc-arm-none-eabi-7-2018-q2-update/bin/../lib/gcc/arm-none-eabi/7.3.1/thumb/v7-m/crtn.o
 *(.fini)
 .fini          0x00000000000025d4        0x4 /opt/gcc-arm-none-eabi-7-2018-q2-update/bin/../lib/gcc/arm-none-eabi/7.3.1/thumb/v7-m/crti.o
                0x00000000000025d4                _fini
 .fini          0x00000000000025d8        0x8 /opt/gcc-arm-none-eabi-7-2018-q2-update/bin/../lib/gcc/arm-none-eabi/7.3.1/thumb/v7-m/crtn.o
 *crtbegin.o(.ctors)
 *crtbegin?.o(.ctors)
 *(EXCLUDE_FILE(*crtend.o *crtend?.o) .ctors)
 *(SORT_BY_NAME(.ctors.*))
 *(.ctors)
 *crtbegin.o(.dtors)
 *crtbegin?.o(.dtors)
 *(EXCLUDE_FILE(*crtend.o *crtend?.o) .dtors)
 *(SORT_BY_NAME(.dtors.*))
 *(.dtors)
 *(.rodata*)
 .rodata        0x00000000000025e0       0x11 main.o
 *fill*         0x00000000000025f1        0x3 
 .rodata._ZL8LPC_GPIO
                0x00000000000025f4       0x14 digital.o
 .rodata._global_impure_ptr
                0x0000000000002608        0x4 /opt/gcc-arm-none-eabi-7-2018-q2-update/bin/../lib/gcc/arm-none-eabi/7.3.1/../../../../arm-none-eabi/lib/thumb/v7-m/libc.a(lib_a-impure.o)
                0x0000000000002608                _global_impure_ptr
 .rodata._puts_r.str1.4
                0x000000000000260c        0x4 /opt/gcc-arm-none-eabi-7-2018-q2-update/bin/../lib/gcc/arm-none-eabi/7.3.1/../../../../arm-none-eabi/lib/thumb/v7-m/libc.a(lib_a-puts.o)
                                          0x2 (size before relaxing)
 *(.eh_frame*)
 .eh_frame      0x0000000000002610        0x0 /opt/gcc-arm-none-eabi-7-2018-q2-update/bin/../lib/gcc/arm-none-eabi/7.3.1/thumb/v7-m/crtbegin.o
 .eh_frame      0x0000000000002610        0x4 /opt/gcc-arm-none-eabi-7-2018-q2-update/bin/../lib/gcc/arm-none-eabi/7.3.1/thumb/v7-m/crtend.o

.glue_7         0x0000000000002614        0x0
 .glue_7        0x0000000000002614        0x0 linker stubs

.glue_7t        0x0000000000002614        0x0
 .glue_7t       0x0000000000002614        0x0 linker stubs

.vfp11_veneer   0x0000000000002614        0x0
 .vfp11_veneer  0x0000000000002614        0x0 linker stubs

.v4_bx          0x0000000000002614        0x0
 .v4_bx         0x0000000000002614        0x0 linker stubs

.iplt           0x0000000000002614        0x0
 .iplt          0x0000000000002614        0x0 /opt/gcc-arm-none-eabi-7-2018-q2-update/bin/../lib/gcc/arm-none-eabi/7.3.1/thumb/v7-m/crtbegin.o

.rel.dyn        0x0000000000002614        0x0
 .rel.iplt      0x0000000000002614        0x0 /opt/gcc-arm-none-eabi-7-2018-q2-update/bin/../lib/gcc/arm-none-eabi/7.3.1/thumb/v7-m/crtbegin.o

.ARM.extab
 *(.ARM.extab* .gnu.linkonce.armextab.*)
                0x0000000000002614                __exidx_start = .

.ARM.exidx
 *(.ARM.exidx* .gnu.linkonce.armexidx.*)
                0x0000000000002614                __exidx_end = .
                0x0000000000002614                __etext = .
                0x0000000000002614                __sidata = __etext

.data           0x00000000100000c8      0x850 load address 0x0000000000002614
                0x00000000100000c8                __data_start__ = .
 *(vtable)
 *(.data*)
 .data.SystemCoreClock
                0x00000000100000c8        0x4 src/system_LPC17xx.o
                0x00000000100000c8                SystemCoreClock
 .data._impure_ptr
                0x00000000100000cc        0x4 /opt/gcc-arm-none-eabi-7-2018-q2-update/bin/../lib/gcc/arm-none-eabi/7.3.1/../../../../arm-none-eabi/lib/thumb/v7-m/libc.a(lib_a-impure.o)
                0x00000000100000cc                _impure_ptr
 .data.impure_data
                0x00000000100000d0      0x428 /opt/gcc-arm-none-eabi-7-2018-q2-update/bin/../lib/gcc/arm-none-eabi/7.3.1/../../../../arm-none-eabi/lib/thumb/v7-m/libc.a(lib_a-impure.o)
 .data.__atexit_recursive_mutex
                0x00000000100004f8        0x4 /opt/gcc-arm-none-eabi-7-2018-q2-update/bin/../lib/gcc/arm-none-eabi/7.3.1/../../../../arm-none-eabi/lib/thumb/v7-m/libc.a(lib_a-__call_atexit.o)
                0x00000000100004f8                __atexit_recursive_mutex
 .data.__malloc_av_
                0x00000000100004fc      0x408 /opt/gcc-arm-none-eabi-7-2018-q2-update/bin/../lib/gcc/arm-none-eabi/7.3.1/../../../../arm-none-eabi/lib/thumb/v7-m/libc.a(lib_a-mallocr.o)
                0x00000000100004fc                __malloc_av_
 .data.__malloc_sbrk_base
                0x0000000010000904        0x4 /opt/gcc-arm-none-eabi-7-2018-q2-update/bin/../lib/gcc/arm-none-eabi/7.3.1/../../../../arm-none-eabi/lib/thumb/v7-m/libc.a(lib_a-mallocr.o)
                0x0000000010000904                __malloc_sbrk_base
 .data.__malloc_trim_threshold
                0x0000000010000908        0x4 /opt/gcc-arm-none-eabi-7-2018-q2-update/bin/../lib/gcc/arm-none-eabi/7.3.1/../../../../arm-none-eabi/lib/thumb/v7-m/libc.a(lib_a-mallocr.o)
                0x0000000010000908                __malloc_trim_threshold
                0x000000001000090c                . = ALIGN (0x4)
                0x000000001000090c                PROVIDE (__preinit_array_start = .)
 *(.preinit_array)
                0x000000001000090c                PROVIDE (__preinit_array_end = .)
                0x000000001000090c                . = ALIGN (0x4)
                0x000000001000090c                PROVIDE (__init_array_start = .)
 *(SORT_BY_NAME(.init_array.*))
 .init_array.00000
                0x000000001000090c        0x4 /opt/gcc-arm-none-eabi-7-2018-q2-update/bin/../lib/gcc/arm-none-eabi/7.3.1/../../../../arm-none-eabi/lib/thumb/v7-m/libc.a(lib_a-__call_atexit.o)
 *(.init_array)
 .init_array    0x0000000010000910        0x4 /opt/gcc-arm-none-eabi-7-2018-q2-update/bin/../lib/gcc/arm-none-eabi/7.3.1/thumb/v7-m/crtbegin.o
                0x0000000010000914                PROVIDE (__init_array_end = .)
                0x0000000010000914                . = ALIGN (0x4)
                0x0000000010000914                PROVIDE (__fini_array_start = .)
 *(SORT_BY_NAME(.fini_array.*))
 *(.fini_array)
 .fini_array    0x0000000010000914        0x4 /opt/gcc-arm-none-eabi-7-2018-q2-update/bin/../lib/gcc/arm-none-eabi/7.3.1/thumb/v7-m/crtbegin.o
                0x0000000010000918                PROVIDE (__fini_array_end = .)
                0x0000000010000918                . = ALIGN (0x4)
                0x0000000010000918                __data_end__ = .

.igot.plt       0x0000000010000918        0x0 load address 0x0000000000002e64
 .igot.plt      0x0000000010000918        0x0 /opt/gcc-arm-none-eabi-7-2018-q2-update/bin/../lib/gcc/arm-none-eabi/7.3.1/thumb/v7-m/crtbegin.o

.stackarea      0x0000000010000918      0x800 load address 0x0000000000002e64
 .stackarea     0x0000000010000918      0x800 src/startup_LPC17xx.o
                0x0000000010000918                pulStack

.bss            0x0000000010001118       0x84 load address 0x0000000000003664
                0x0000000010001118                __bss_start__ = .
 *(.bss*)
 .bss           0x0000000010001118       0x1c /opt/gcc-arm-none-eabi-7-2018-q2-update/bin/../lib/gcc/arm-none-eabi/7.3.1/thumb/v7-m/crtbegin.o
 .bss.PIN_DADOS
                0x0000000010001134        0x1 i2c_software.o
                0x0000000010001134                PIN_DADOS
 .bss.PIN_CLOCK
                0x0000000010001135        0x1 i2c_software.o
                0x0000000010001135                PIN_CLOCK
 *fill*         0x0000000010001136        0x2 
 .bss.sysTickCounter
                0x0000000010001138        0x4 delay.o
                0x0000000010001138                sysTickCounter
 .bss.__malloc_current_mallinfo
                0x000000001000113c       0x28 /opt/gcc-arm-none-eabi-7-2018-q2-update/bin/../lib/gcc/arm-none-eabi/7.3.1/../../../../arm-none-eabi/lib/thumb/v7-m/libc.a(lib_a-mallocr.o)
                0x000000001000113c                __malloc_current_mallinfo
 .bss.__malloc_max_sbrked_mem
                0x0000000010001164        0x4 /opt/gcc-arm-none-eabi-7-2018-q2-update/bin/../lib/gcc/arm-none-eabi/7.3.1/../../../../arm-none-eabi/lib/thumb/v7-m/libc.a(lib_a-mallocr.o)
                0x0000000010001164                __malloc_max_sbrked_mem
 .bss.__malloc_max_total_mem
                0x0000000010001168        0x4 /opt/gcc-arm-none-eabi-7-2018-q2-update/bin/../lib/gcc/arm-none-eabi/7.3.1/../../../../arm-none-eabi/lib/thumb/v7-m/libc.a(lib_a-mallocr.o)
                0x0000000010001168                __malloc_max_total_mem
 .bss.__malloc_top_pad
                0x000000001000116c        0x4 /opt/gcc-arm-none-eabi-7-2018-q2-update/bin/../lib/gcc/arm-none-eabi/7.3.1/../../../../arm-none-eabi/lib/thumb/v7-m/libc.a(lib_a-mallocr.o)
                0x000000001000116c                __malloc_top_pad
 .bss.heap_end.4102
                0x0000000010001170        0x4 /opt/gcc-arm-none-eabi-7-2018-q2-update/bin/../lib/gcc/arm-none-eabi/7.3.1/../../../../arm-none-eabi/lib/thumb/v7-m/libnosys.a(sbrk.o)
 *(COMMON)
 COMMON         0x0000000010001174       0x21 /opt/gcc-arm-none-eabi-7-2018-q2-update/bin/../lib/gcc/arm-none-eabi/7.3.1/../../../../arm-none-eabi/lib/thumb/v7-m/libc.a(lib_a-lock.o)
                0x0000000010001174                __lock___atexit_recursive_mutex
                0x0000000010001178                __lock___arc4random_mutex
                0x000000001000117c                __lock___env_recursive_mutex
                0x0000000010001180                __lock___sinit_recursive_mutex
                0x0000000010001184                __lock___malloc_recursive_mutex
                0x0000000010001188                __lock___at_quick_exit_mutex
                0x000000001000118c                __lock___dd_hash_mutex
                0x0000000010001190                __lock___tz_mutex
                0x0000000010001194                __lock___sfp_recursive_mutex
 *fill*         0x0000000010001195        0x3 
 COMMON         0x0000000010001198        0x4 /opt/gcc-arm-none-eabi-7-2018-q2-update/bin/../lib/gcc/arm-none-eabi/7.3.1/../../../../arm-none-eabi/lib/thumb/v7-m/libc.a(lib_a-reent.o)
                0x0000000010001198                errno
                0x000000001000119c                __bss_end__ = .

.heap           0x000000001000119c        0x0
                0x000000001000119c                __end__ = .
                0x000000001000119c                end = __end__
 *(.heap*)
                0x000000001000119c                __HeapLimit = .

.stack_dummy    0x000000001000119c        0x0
 *(.stack)
                0x0000000010008000                __StackTop = (ORIGIN (RAM) + LENGTH (RAM))
                0x0000000010008000                __StackLimit = (__StackTop - SIZEOF (.stack_dummy))
                0x0000000010008000                PROVIDE (__stack = __StackTop)
                0x0000000000000001                ASSERT ((__StackLimit >= __HeapLimit), region RAM overflowed with stack)
OUTPUT(main.elf elf32-littlearm)

.ARM.attributes
                0x0000000000000000       0x29
 .ARM.attributes
                0x0000000000000000       0x1d /opt/gcc-arm-none-eabi-7-2018-q2-update/bin/../lib/gcc/arm-none-eabi/7.3.1/thumb/v7-m/crti.o
 .ARM.attributes
                0x000000000000001d       0x2d /opt/gcc-arm-none-eabi-7-2018-q2-update/bin/../lib/gcc/arm-none-eabi/7.3.1/thumb/v7-m/crtbegin.o
 .ARM.attributes
                0x000000000000004a       0x33 src/system_LPC17xx.o
 .ARM.attributes
                0x000000000000007d       0x33 src/startup_LPC17xx.o
 .ARM.attributes
                0x00000000000000b0       0x33 main.o
 .ARM.attributes
                0x00000000000000e3       0x33 i2c_software.o
 .ARM.attributes
                0x0000000000000116       0x33 digital.o
 .ARM.attributes
                0x0000000000000149       0x33 delay.o
 .ARM.attributes
                0x000000000000017c       0x33 uart.o
 .ARM.attributes
                0x00000000000001af       0x2d /opt/gcc-arm-none-eabi-7-2018-q2-update/bin/../lib/gcc/arm-none-eabi/7.3.1/../../../../arm-none-eabi/lib/thumb/v7-m/libc.a(lib_a-impure.o)
 .ARM.attributes
                0x00000000000001dc       0x2d /opt/gcc-arm-none-eabi-7-2018-q2-update/bin/../lib/gcc/arm-none-eabi/7.3.1/../../../../arm-none-eabi/lib/thumb/v7-m/libc.a(lib_a-memset.o)
 .ARM.attributes
                0x0000000000000209       0x2d /opt/gcc-arm-none-eabi-7-2018-q2-update/bin/../lib/gcc/arm-none-eabi/7.3.1/../../../../arm-none-eabi/lib/thumb/v7-m/libc.a(lib_a-puts.o)
 .ARM.attributes
                0x0000000000000236       0x2d /opt/gcc-arm-none-eabi-7-2018-q2-update/bin/../lib/gcc/arm-none-eabi/7.3.1/../../../../arm-none-eabi/lib/thumb/v7-m/libc.a(lib_a-strlen-stub.o)
 .ARM.attributes
                0x0000000000000263       0x2d /opt/gcc-arm-none-eabi-7-2018-q2-update/bin/../lib/gcc/arm-none-eabi/7.3.1/../../../../arm-none-eabi/lib/thumb/v7-m/libc.a(lib_a-__call_atexit.o)
 .ARM.attributes
                0x0000000000000290       0x2d /opt/gcc-arm-none-eabi-7-2018-q2-update/bin/../lib/gcc/arm-none-eabi/7.3.1/../../../../arm-none-eabi/lib/thumb/v7-m/libc.a(lib_a-atexit.o)
 .ARM.attributes
                0x00000000000002bd       0x2d /opt/gcc-arm-none-eabi-7-2018-q2-update/bin/../lib/gcc/arm-none-eabi/7.3.1/../../../../arm-none-eabi/lib/thumb/v7-m/libc.a(lib_a-findfp.o)
 .ARM.attributes
                0x00000000000002ea       0x2d /opt/gcc-arm-none-eabi-7-2018-q2-update/bin/../lib/gcc/arm-none-eabi/7.3.1/../../../../arm-none-eabi/lib/thumb/v7-m/libc.a(lib_a-fini.o)
 .ARM.attributes
                0x0000000000000317       0x2d /opt/gcc-arm-none-eabi-7-2018-q2-update/bin/../lib/gcc/arm-none-eabi/7.3.1/../../../../arm-none-eabi/lib/thumb/v7-m/libc.a(lib_a-fvwrite.o)
 .ARM.attributes
                0x0000000000000344       0x2d /opt/gcc-arm-none-eabi-7-2018-q2-update/bin/../lib/gcc/arm-none-eabi/7.3.1/../../../../arm-none-eabi/lib/thumb/v7-m/libc.a(lib_a-fwalk.o)
 .ARM.attributes
                0x0000000000000371       0x2d /opt/gcc-arm-none-eabi-7-2018-q2-update/bin/../lib/gcc/arm-none-eabi/7.3.1/../../../../arm-none-eabi/lib/thumb/v7-m/libc.a(lib_a-lock.o)
 .ARM.attributes
                0x000000000000039e       0x2d /opt/gcc-arm-none-eabi-7-2018-q2-update/bin/../lib/gcc/arm-none-eabi/7.3.1/../../../../arm-none-eabi/lib/thumb/v7-m/libc.a(lib_a-mallocr.o)
 .ARM.attributes
                0x00000000000003cb       0x2d /opt/gcc-arm-none-eabi-7-2018-q2-update/bin/../lib/gcc/arm-none-eabi/7.3.1/../../../../arm-none-eabi/lib/thumb/v7-m/libc.a(lib_a-memchr-stub.o)
 .ARM.attributes
                0x00000000000003f8       0x1b /opt/gcc-arm-none-eabi-7-2018-q2-update/bin/../lib/gcc/arm-none-eabi/7.3.1/../../../../arm-none-eabi/lib/thumb/v7-m/libc.a(lib_a-memcpy.o)
 .ARM.attributes
                0x0000000000000413       0x2d /opt/gcc-arm-none-eabi-7-2018-q2-update/bin/../lib/gcc/arm-none-eabi/7.3.1/../../../../arm-none-eabi/lib/thumb/v7-m/libc.a(lib_a-memmove.o)
 .ARM.attributes
                0x0000000000000440       0x2d /opt/gcc-arm-none-eabi-7-2018-q2-update/bin/../lib/gcc/arm-none-eabi/7.3.1/../../../../arm-none-eabi/lib/thumb/v7-m/libc.a(lib_a-mlock.o)
 .ARM.attributes
                0x000000000000046d       0x2d /opt/gcc-arm-none-eabi-7-2018-q2-update/bin/../lib/gcc/arm-none-eabi/7.3.1/../../../../arm-none-eabi/lib/thumb/v7-m/libc.a(lib_a-reallocr.o)
 .ARM.attributes
                0x000000000000049a       0x2d /opt/gcc-arm-none-eabi-7-2018-q2-update/bin/../lib/gcc/arm-none-eabi/7.3.1/../../../../arm-none-eabi/lib/thumb/v7-m/libc.a(lib_a-sbrkr.o)
 .ARM.attributes
                0x00000000000004c7       0x2d /opt/gcc-arm-none-eabi-7-2018-q2-update/bin/../lib/gcc/arm-none-eabi/7.3.1/../../../../arm-none-eabi/lib/thumb/v7-m/libc.a(lib_a-stdio.o)
 .ARM.attributes
                0x00000000000004f4       0x2d /opt/gcc-arm-none-eabi-7-2018-q2-update/bin/../lib/gcc/arm-none-eabi/7.3.1/../../../../arm-none-eabi/lib/thumb/v7-m/libc.a(lib_a-writer.o)
 .ARM.attributes
                0x0000000000000521       0x2d /opt/gcc-arm-none-eabi-7-2018-q2-update/bin/../lib/gcc/arm-none-eabi/7.3.1/../../../../arm-none-eabi/lib/thumb/v7-m/libc.a(lib_a-wsetup.o)
 .ARM.attributes
                0x000000000000054e       0x2d /opt/gcc-arm-none-eabi-7-2018-q2-update/bin/../lib/gcc/arm-none-eabi/7.3.1/../../../../arm-none-eabi/lib/thumb/v7-m/libc.a(lib_a-__atexit.o)
 .ARM.attributes
                0x000000000000057b       0x2d /opt/gcc-arm-none-eabi-7-2018-q2-update/bin/../lib/gcc/arm-none-eabi/7.3.1/../../../../arm-none-eabi/lib/thumb/v7-m/libc.a(lib_a-closer.o)
 .ARM.attributes
                0x00000000000005a8       0x2d /opt/gcc-arm-none-eabi-7-2018-q2-update/bin/../lib/gcc/arm-none-eabi/7.3.1/../../../../arm-none-eabi/lib/thumb/v7-m/libc.a(lib_a-fclose.o)
 .ARM.attributes
                0x00000000000005d5       0x2d /opt/gcc-arm-none-eabi-7-2018-q2-update/bin/../lib/gcc/arm-none-eabi/7.3.1/../../../../arm-none-eabi/lib/thumb/v7-m/libc.a(lib_a-fflush.o)
 .ARM.attributes
                0x0000000000000602       0x2d /opt/gcc-arm-none-eabi-7-2018-q2-update/bin/../lib/gcc/arm-none-eabi/7.3.1/../../../../arm-none-eabi/lib/thumb/v7-m/libc.a(lib_a-freer.o)
 .ARM.attributes
                0x000000000000062f       0x2d /opt/gcc-arm-none-eabi-7-2018-q2-update/bin/../lib/gcc/arm-none-eabi/7.3.1/../../../../arm-none-eabi/lib/thumb/v7-m/libc.a(lib_a-lseekr.o)
 .ARM.attributes
                0x000000000000065c       0x2d /opt/gcc-arm-none-eabi-7-2018-q2-update/bin/../lib/gcc/arm-none-eabi/7.3.1/../../../../arm-none-eabi/lib/thumb/v7-m/libc.a(lib_a-makebuf.o)
 .ARM.attributes
                0x0000000000000689       0x2d /opt/gcc-arm-none-eabi-7-2018-q2-update/bin/../lib/gcc/arm-none-eabi/7.3.1/../../../../arm-none-eabi/lib/thumb/v7-m/libc.a(lib_a-readr.o)
 .ARM.attributes
                0x00000000000006b6       0x2d /opt/gcc-arm-none-eabi-7-2018-q2-update/bin/../lib/gcc/arm-none-eabi/7.3.1/../../../../arm-none-eabi/lib/thumb/v7-m/libc.a(lib_a-reent.o)
 .ARM.attributes
                0x00000000000006e3       0x2d /opt/gcc-arm-none-eabi-7-2018-q2-update/bin/../lib/gcc/arm-none-eabi/7.3.1/../../../../arm-none-eabi/lib/thumb/v7-m/libc.a(lib_a-fstatr.o)
 .ARM.attributes
                0x0000000000000710       0x2d /opt/gcc-arm-none-eabi-7-2018-q2-update/bin/../lib/gcc/arm-none-eabi/7.3.1/../../../../arm-none-eabi/lib/thumb/v7-m/libc.a(lib_a-isattyr.o)
 .ARM.attributes
                0x000000000000073d       0x2d /opt/gcc-arm-none-eabi-7-2018-q2-update/bin/../lib/gcc/arm-none-eabi/7.3.1/../../../../arm-none-eabi/lib/thumb/v7-m/libnosys.a(close.o)
 .ARM.attributes
                0x000000000000076a       0x2d /opt/gcc-arm-none-eabi-7-2018-q2-update/bin/../lib/gcc/arm-none-eabi/7.3.1/../../../../arm-none-eabi/lib/thumb/v7-m/libnosys.a(fstat.o)
 .ARM.attributes
                0x0000000000000797       0x2d /opt/gcc-arm-none-eabi-7-2018-q2-update/bin/../lib/gcc/arm-none-eabi/7.3.1/../../../../arm-none-eabi/lib/thumb/v7-m/libnosys.a(isatty.o)
 .ARM.attributes
                0x00000000000007c4       0x2d /opt/gcc-arm-none-eabi-7-2018-q2-update/bin/../lib/gcc/arm-none-eabi/7.3.1/../../../../arm-none-eabi/lib/thumb/v7-m/libnosys.a(lseek.o)
 .ARM.attributes
                0x00000000000007f1       0x2d /opt/gcc-arm-none-eabi-7-2018-q2-update/bin/../lib/gcc/arm-none-eabi/7.3.1/../../../../arm-none-eabi/lib/thumb/v7-m/libnosys.a(sbrk.o)
 .ARM.attributes
                0x000000000000081e       0x2d /opt/gcc-arm-none-eabi-7-2018-q2-update/bin/../lib/gcc/arm-none-eabi/7.3.1/thumb/v7-m/crtend.o
 .ARM.attributes
                0x000000000000084b       0x1d /opt/gcc-arm-none-eabi-7-2018-q2-update/bin/../lib/gcc/arm-none-eabi/7.3.1/thumb/v7-m/crtn.o

.comment        0x0000000000000000       0x7f
 .comment       0x0000000000000000       0x7f src/system_LPC17xx.o
                                         0x80 (size before relaxing)
 .comment       0x000000000000007f       0x80 src/startup_LPC17xx.o
 .comment       0x000000000000007f       0x80 main.o
 .comment       0x000000000000007f       0x80 i2c_software.o
 .comment       0x000000000000007f       0x80 digital.o
 .comment       0x000000000000007f       0x80 delay.o
 .comment       0x000000000000007f       0x80 uart.o

.debug_info     0x0000000000000000     0x3156
 .debug_info    0x0000000000000000      0x314 src/system_LPC17xx.o
 .debug_info    0x0000000000000314      0x185 src/startup_LPC17xx.o
 .debug_info    0x0000000000000499      0x945 main.o
 .debug_info    0x0000000000000dde      0xc3a i2c_software.o
 .debug_info    0x0000000000001a18      0x456 digital.o
 .debug_info    0x0000000000001e6e      0x58b delay.o
 .debug_info    0x00000000000023f9      0xd5d uart.o

.debug_abbrev   0x0000000000000000      0xb35
 .debug_abbrev  0x0000000000000000       0xf0 src/system_LPC17xx.o
 .debug_abbrev  0x00000000000000f0       0xf3 src/startup_LPC17xx.o
 .debug_abbrev  0x00000000000001e3      0x1cf main.o
 .debug_abbrev  0x00000000000003b2      0x22d i2c_software.o
 .debug_abbrev  0x00000000000005df      0x152 digital.o
 .debug_abbrev  0x0000000000000731      0x1d7 delay.o
 .debug_abbrev  0x0000000000000908      0x22d uart.o

.debug_aranges  0x0000000000000000      0x230
 .debug_aranges
                0x0000000000000000       0x28 src/system_LPC17xx.o
 .debug_aranges
                0x0000000000000028       0x28 src/startup_LPC17xx.o
 .debug_aranges
                0x0000000000000050       0x20 main.o
 .debug_aranges
                0x0000000000000070       0x98 i2c_software.o
 .debug_aranges
                0x0000000000000108       0x30 digital.o
 .debug_aranges
                0x0000000000000138       0x50 delay.o
 .debug_aranges
                0x0000000000000188       0xa8 uart.o

.debug_ranges   0x0000000000000000      0x1c0
 .debug_ranges  0x0000000000000000       0x18 src/system_LPC17xx.o
 .debug_ranges  0x0000000000000018       0x18 src/startup_LPC17xx.o
 .debug_ranges  0x0000000000000030       0x10 main.o
 .debug_ranges  0x0000000000000040       0x88 i2c_software.o
 .debug_ranges  0x00000000000000c8       0x20 digital.o
 .debug_ranges  0x00000000000000e8       0x40 delay.o
 .debug_ranges  0x0000000000000128       0x98 uart.o

.debug_line     0x0000000000000000      0xd98
 .debug_line    0x0000000000000000      0x198 src/system_LPC17xx.o
 .debug_line    0x0000000000000198      0x13d src/startup_LPC17xx.o
 .debug_line    0x00000000000002d5      0x18f main.o
 .debug_line    0x0000000000000464      0x32d i2c_software.o
 .debug_line    0x0000000000000791      0x15c digital.o
 .debug_line    0x00000000000008ed      0x1a8 delay.o
 .debug_line    0x0000000000000a95      0x303 uart.o

.debug_str      0x0000000000000000     0x13ee
 .debug_str     0x0000000000000000      0x328 src/system_LPC17xx.o
                                        0x374 (size before relaxing)
 .debug_str     0x0000000000000328       0xa8 src/startup_LPC17xx.o
                                        0x29c (size before relaxing)
 .debug_str     0x00000000000003d0      0x4a2 main.o
                                        0x618 (size before relaxing)
 .debug_str     0x0000000000000872      0x278 i2c_software.o
                                        0x879 (size before relaxing)
 .debug_str     0x0000000000000aea      0x1a3 digital.o
                                        0x3e2 (size before relaxing)
 .debug_str     0x0000000000000c8d      0x364 delay.o
                                        0x5ca (size before relaxing)
 .debug_str     0x0000000000000ff1      0x3fd uart.o
                                        0x7b1 (size before relaxing)

.debug_frame    0x0000000000000000     0x115c
 .debug_frame   0x0000000000000000       0x54 src/system_LPC17xx.o
 .debug_frame   0x0000000000000054       0x58 src/startup_LPC17xx.o
 .debug_frame   0x00000000000000ac       0x30 main.o
 .debug_frame   0x00000000000000dc      0x22c i2c_software.o
 .debug_frame   0x0000000000000308       0x88 digital.o
 .debug_frame   0x0000000000000390      0x104 delay.o
 .debug_frame   0x0000000000000494      0x2c8 uart.o
 .debug_frame   0x000000000000075c       0x38 /opt/gcc-arm-none-eabi-7-2018-q2-update/bin/../lib/gcc/arm-none-eabi/7.3.1/../../../../arm-none-eabi/lib/thumb/v7-m/libc.a(lib_a-memset.o)
 .debug_frame   0x0000000000000794       0x4c /opt/gcc-arm-none-eabi-7-2018-q2-update/bin/../lib/gcc/arm-none-eabi/7.3.1/../../../../arm-none-eabi/lib/thumb/v7-m/libc.a(lib_a-puts.o)
 .debug_frame   0x00000000000007e0       0x20 /opt/gcc-arm-none-eabi-7-2018-q2-update/bin/../lib/gcc/arm-none-eabi/7.3.1/../../../../arm-none-eabi/lib/thumb/v7-m/libc.a(lib_a-strlen-stub.o)
 .debug_frame   0x0000000000000800       0x5c /opt/gcc-arm-none-eabi-7-2018-q2-update/bin/../lib/gcc/arm-none-eabi/7.3.1/../../../../arm-none-eabi/lib/thumb/v7-m/libc.a(lib_a-__call_atexit.o)
 .debug_frame   0x000000000000085c       0x20 /opt/gcc-arm-none-eabi-7-2018-q2-update/bin/../lib/gcc/arm-none-eabi/7.3.1/../../../../arm-none-eabi/lib/thumb/v7-m/libc.a(lib_a-atexit.o)
 .debug_frame   0x000000000000087c      0x150 /opt/gcc-arm-none-eabi-7-2018-q2-update/bin/../lib/gcc/arm-none-eabi/7.3.1/../../../../arm-none-eabi/lib/thumb/v7-m/libc.a(lib_a-findfp.o)
 .debug_frame   0x00000000000009cc       0x34 /opt/gcc-arm-none-eabi-7-2018-q2-update/bin/../lib/gcc/arm-none-eabi/7.3.1/../../../../arm-none-eabi/lib/thumb/v7-m/libc.a(lib_a-fini.o)
 .debug_frame   0x0000000000000a00       0x64 /opt/gcc-arm-none-eabi-7-2018-q2-update/bin/../lib/gcc/arm-none-eabi/7.3.1/../../../../arm-none-eabi/lib/thumb/v7-m/libc.a(lib_a-fvwrite.o)
 .debug_frame   0x0000000000000a64       0x54 /opt/gcc-arm-none-eabi-7-2018-q2-update/bin/../lib/gcc/arm-none-eabi/7.3.1/../../../../arm-none-eabi/lib/thumb/v7-m/libc.a(lib_a-fwalk.o)
 .debug_frame   0x0000000000000ab8       0xb0 /opt/gcc-arm-none-eabi-7-2018-q2-update/bin/../lib/gcc/arm-none-eabi/7.3.1/../../../../arm-none-eabi/lib/thumb/v7-m/libc.a(lib_a-lock.o)
 .debug_frame   0x0000000000000b68       0x4c /opt/gcc-arm-none-eabi-7-2018-q2-update/bin/../lib/gcc/arm-none-eabi/7.3.1/../../../../arm-none-eabi/lib/thumb/v7-m/libc.a(lib_a-mallocr.o)
 .debug_frame   0x0000000000000bb4       0x34 /opt/gcc-arm-none-eabi-7-2018-q2-update/bin/../lib/gcc/arm-none-eabi/7.3.1/../../../../arm-none-eabi/lib/thumb/v7-m/libc.a(lib_a-memchr-stub.o)
 .debug_frame   0x0000000000000be8       0x40 /opt/gcc-arm-none-eabi-7-2018-q2-update/bin/../lib/gcc/arm-none-eabi/7.3.1/../../../../arm-none-eabi/lib/thumb/v7-m/libc.a(lib_a-memmove.o)
 .debug_frame   0x0000000000000c28       0x30 /opt/gcc-arm-none-eabi-7-2018-q2-update/bin/../lib/gcc/arm-none-eabi/7.3.1/../../../../arm-none-eabi/lib/thumb/v7-m/libc.a(lib_a-mlock.o)
 .debug_frame   0x0000000000000c58       0x58 /opt/gcc-arm-none-eabi-7-2018-q2-update/bin/../lib/gcc/arm-none-eabi/7.3.1/../../../../arm-none-eabi/lib/thumb/v7-m/libc.a(lib_a-reallocr.o)
 .debug_frame   0x0000000000000cb0       0x2c /opt/gcc-arm-none-eabi-7-2018-q2-update/bin/../lib/gcc/arm-none-eabi/7.3.1/../../../../arm-none-eabi/lib/thumb/v7-m/libc.a(lib_a-sbrkr.o)
 .debug_frame   0x0000000000000cdc       0x88 /opt/gcc-arm-none-eabi-7-2018-q2-update/bin/../lib/gcc/arm-none-eabi/7.3.1/../../../../arm-none-eabi/lib/thumb/v7-m/libc.a(lib_a-stdio.o)
 .debug_frame   0x0000000000000d64       0x30 /opt/gcc-arm-none-eabi-7-2018-q2-update/bin/../lib/gcc/arm-none-eabi/7.3.1/../../../../arm-none-eabi/lib/thumb/v7-m/libc.a(lib_a-writer.o)
 .debug_frame   0x0000000000000d94       0x2c /opt/gcc-arm-none-eabi-7-2018-q2-update/bin/../lib/gcc/arm-none-eabi/7.3.1/../../../../arm-none-eabi/lib/thumb/v7-m/libc.a(lib_a-wsetup.o)
 .debug_frame   0x0000000000000dc0       0x34 /opt/gcc-arm-none-eabi-7-2018-q2-update/bin/../lib/gcc/arm-none-eabi/7.3.1/../../../../arm-none-eabi/lib/thumb/v7-m/libc.a(lib_a-__atexit.o)
 .debug_frame   0x0000000000000df4       0x2c /opt/gcc-arm-none-eabi-7-2018-q2-update/bin/../lib/gcc/arm-none-eabi/7.3.1/../../../../arm-none-eabi/lib/thumb/v7-m/libc.a(lib_a-closer.o)
 .debug_frame   0x0000000000000e20       0x3c /opt/gcc-arm-none-eabi-7-2018-q2-update/bin/../lib/gcc/arm-none-eabi/7.3.1/../../../../arm-none-eabi/lib/thumb/v7-m/libc.a(lib_a-fclose.o)
 .debug_frame   0x0000000000000e5c       0x5c /opt/gcc-arm-none-eabi-7-2018-q2-update/bin/../lib/gcc/arm-none-eabi/7.3.1/../../../../arm-none-eabi/lib/thumb/v7-m/libc.a(lib_a-fflush.o)
 .debug_frame   0x0000000000000eb8       0x80 /opt/gcc-arm-none-eabi-7-2018-q2-update/bin/../lib/gcc/arm-none-eabi/7.3.1/../../../../arm-none-eabi/lib/thumb/v7-m/libc.a(lib_a-freer.o)
 .debug_frame   0x0000000000000f38       0x30 /opt/gcc-arm-none-eabi-7-2018-q2-update/bin/../lib/gcc/arm-none-eabi/7.3.1/../../../../arm-none-eabi/lib/thumb/v7-m/libc.a(lib_a-lseekr.o)
 .debug_frame   0x0000000000000f68       0x64 /opt/gcc-arm-none-eabi-7-2018-q2-update/bin/../lib/gcc/arm-none-eabi/7.3.1/../../../../arm-none-eabi/lib/thumb/v7-m/libc.a(lib_a-makebuf.o)
 .debug_frame   0x0000000000000fcc       0x30 /opt/gcc-arm-none-eabi-7-2018-q2-update/bin/../lib/gcc/arm-none-eabi/7.3.1/../../../../arm-none-eabi/lib/thumb/v7-m/libc.a(lib_a-readr.o)
 .debug_frame   0x0000000000000ffc       0x68 /opt/gcc-arm-none-eabi-7-2018-q2-update/bin/../lib/gcc/arm-none-eabi/7.3.1/../../../../arm-none-eabi/lib/thumb/v7-m/libc.a(lib_a-reent.o)
 .debug_frame   0x0000000000001064       0x2c /opt/gcc-arm-none-eabi-7-2018-q2-update/bin/../lib/gcc/arm-none-eabi/7.3.1/../../../../arm-none-eabi/lib/thumb/v7-m/libc.a(lib_a-fstatr.o)
 .debug_frame   0x0000000000001090       0x2c /opt/gcc-arm-none-eabi-7-2018-q2-update/bin/../lib/gcc/arm-none-eabi/7.3.1/../../../../arm-none-eabi/lib/thumb/v7-m/libc.a(lib_a-isattyr.o)
 .debug_frame   0x00000000000010bc       0x20 /opt/gcc-arm-none-eabi-7-2018-q2-update/bin/../lib/gcc/arm-none-eabi/7.3.1/../../../../arm-none-eabi/lib/thumb/v7-m/libnosys.a(close.o)
 .debug_frame   0x00000000000010dc       0x20 /opt/gcc-arm-none-eabi-7-2018-q2-update/bin/../lib/gcc/arm-none-eabi/7.3.1/../../../../arm-none-eabi/lib/thumb/v7-m/libnosys.a(fstat.o)
 .debug_frame   0x00000000000010fc       0x20 /opt/gcc-arm-none-eabi-7-2018-q2-update/bin/../lib/gcc/arm-none-eabi/7.3.1/../../../../arm-none-eabi/lib/thumb/v7-m/libnosys.a(isatty.o)
 .debug_frame   0x000000000000111c       0x20 /opt/gcc-arm-none-eabi-7-2018-q2-update/bin/../lib/gcc/arm-none-eabi/7.3.1/../../../../arm-none-eabi/lib/thumb/v7-m/libnosys.a(lseek.o)
 .debug_frame   0x000000000000113c       0x20 /opt/gcc-arm-none-eabi-7-2018-q2-update/bin/../lib/gcc/arm-none-eabi/7.3.1/../../../../arm-none-eabi/lib/thumb/v7-m/libnosys.a(sbrk.o)

.stab           0x0000000000000000       0x6c
 .stab          0x0000000000000000       0x24 /opt/gcc-arm-none-eabi-7-2018-q2-update/bin/../lib/gcc/arm-none-eabi/7.3.1/../../../../arm-none-eabi/lib/thumb/v7-m/libnosys.a(close.o)
 .stab          0x0000000000000024       0x18 /opt/gcc-arm-none-eabi-7-2018-q2-update/bin/../lib/gcc/arm-none-eabi/7.3.1/../../../../arm-none-eabi/lib/thumb/v7-m/libnosys.a(fstat.o)
                                         0x24 (size before relaxing)
 .stab          0x000000000000003c       0x18 /opt/gcc-arm-none-eabi-7-2018-q2-update/bin/../lib/gcc/arm-none-eabi/7.3.1/../../../../arm-none-eabi/lib/thumb/v7-m/libnosys.a(isatty.o)
                                         0x24 (size before relaxing)
 .stab          0x0000000000000054       0x18 /opt/gcc-arm-none-eabi-7-2018-q2-update/bin/../lib/gcc/arm-none-eabi/7.3.1/../../../../arm-none-eabi/lib/thumb/v7-m/libnosys.a(lseek.o)
                                         0x24 (size before relaxing)

.stabstr        0x0000000000000000       0xe3
 .stabstr       0x0000000000000000       0xe3 /opt/gcc-arm-none-eabi-7-2018-q2-update/bin/../lib/gcc/arm-none-eabi/7.3.1/../../../../arm-none-eabi/lib/thumb/v7-m/libnosys.a(close.o)

Cross Reference Table

Symbol                                            File
ADC_IRQHandler                                    src/startup_LPC17xx.o
BOD_IRQHandler                                    src/startup_LPC17xx.o
BusFault_Handler                                  src/startup_LPC17xx.o
CAN_IRQHandler                                    src/startup_LPC17xx.o
DMA_IRQHandler                                    src/startup_LPC17xx.o
DebugMon_Handler                                  src/startup_LPC17xx.o
Default_Handler                                   src/startup_LPC17xx.o
EINT0_IRQHandler                                  src/startup_LPC17xx.o
EINT1_IRQHandler                                  src/startup_LPC17xx.o
EINT2_IRQHandler                                  src/startup_LPC17xx.o
EINT3_IRQHandler                                  src/startup_LPC17xx.o
ENET_IRQHandler                                   src/startup_LPC17xx.o
HardFault_Handler                                 src/startup_LPC17xx.o
I2C0_IRQHandler                                   src/startup_LPC17xx.o
I2C1_IRQHandler                                   src/startup_LPC17xx.o
I2C2_IRQHandler                                   src/startup_LPC17xx.o
I2S_IRQHandler                                    src/startup_LPC17xx.o
MCPWM_IRQHandler                                  src/startup_LPC17xx.o
MemManage_Handler                                 src/startup_LPC17xx.o
NMI_Handler                                       src/startup_LPC17xx.o
PIN_CLOCK                                         i2c_software.o
PIN_DADOS                                         i2c_software.o
PLL0_IRQHandler                                   src/startup_LPC17xx.o
PLL1_IRQHandler                                   src/startup_LPC17xx.o
PWM1_IRQHandler                                   src/startup_LPC17xx.o
PendSV_Handler                                    src/startup_LPC17xx.o
QEI_IRQHandler                                    src/startup_LPC17xx.o
RIT_IRQHandler                                    src/startup_LPC17xx.o
RTC_IRQHandler                                    src/startup_LPC17xx.o
Reset_Handler                                     src/startup_LPC17xx.o
SPI_IRQHandler                                    src/startup_LPC17xx.o
SSP0_IRQHandler                                   src/startup_LPC17xx.o
SSP1_IRQHandler                                   src/startup_LPC17xx.o
SVC_Handler                                       src/startup_LPC17xx.o
SysTick_Handler                                   delay.o
                                                  src/startup_LPC17xx.o
SystemCoreClock                                   src/system_LPC17xx.o
                                                  uart.o
                                                  delay.o
SystemCoreClockUpdate                             src/system_LPC17xx.o
SystemInit                                        src/system_LPC17xx.o
                                                  main.o
TIMER0_IRQHandler                                 src/startup_LPC17xx.o
TIMER1_IRQHandler                                 src/startup_LPC17xx.o
TIMER2_IRQHandler                                 src/startup_LPC17xx.o
TIMER3_IRQHandler                                 src/startup_LPC17xx.o
UART0_Getchar()                                   uart.o
UART0_IRQHandler                                  src/startup_LPC17xx.o
UART0_Init(int)                                   uart.o
                                                  main.o
UART0_PrintString(char*)                          uart.o
UART0_Sendchar(char)                              uart.o
UART1_Getchar()                                   uart.o
UART1_IRQHandler                                  src/startup_LPC17xx.o
UART1_Init(int)                                   uart.o
UART1_PrintString(char*)                          uart.o
UART1_Sendchar(char)                              uart.o
UART2_Getchar()                                   uart.o
UART2_IRQHandler                                  src/startup_LPC17xx.o
UART2_Init(int)                                   uart.o
UART2_PrintString(char*)                          uart.o
UART2_Sendchar(char)                              uart.o
UART3_Getchar()                                   uart.o
UART3_IRQHandler                                  src/startup_LPC17xx.o
UART3_Init(int)                                   uart.o
UART3_PrintString(char*)                          uart.o
UART3_Sendchar(char)                              uart.o
USB_IRQHandler                                    src/startup_LPC17xx.o
UsageFault_Handler                                src/startup_LPC17xx.o
WDT_IRQHandler                                    src/startup_LPC17xx.o
__LDREXB                                          src/core_cm3.o
__LDREXH                                          src/core_cm3.o
__LDREXW                                          src/core_cm3.o
__RBIT                                            src/core_cm3.o
__REV                                             src/core_cm3.o
__REV16                                           src/core_cm3.o
__REVSH                                           src/core_cm3.o
__STREXB                                          src/core_cm3.o
__STREXH                                          src/core_cm3.o
__STREXW                                          src/core_cm3.o
__aeabi_idiv0                                     /opt/gcc-arm-none-eabi-7-2018-q2-update/bin/../lib/gcc/arm-none-eabi/7.3.1/thumb/v7-m/libgcc.a(_dvmd_tls.o)
__aeabi_ldiv0                                     /opt/gcc-arm-none-eabi-7-2018-q2-update/bin/../lib/gcc/arm-none-eabi/7.3.1/thumb/v7-m/libgcc.a(_dvmd_tls.o)
                                                  /opt/gcc-arm-none-eabi-7-2018-q2-update/bin/../lib/gcc/arm-none-eabi/7.3.1/thumb/v7-m/libgcc.a(_aeabi_uldivmod.o)
__aeabi_uldivmod                                  /opt/gcc-arm-none-eabi-7-2018-q2-update/bin/../lib/gcc/arm-none-eabi/7.3.1/thumb/v7-m/libgcc.a(_aeabi_uldivmod.o)
                                                  src/system_LPC17xx.o
__atexit_recursive_mutex                          /opt/gcc-arm-none-eabi-7-2018-q2-update/bin/../lib/gcc/arm-none-eabi/7.3.1/../../../../arm-none-eabi/lib/thumb/v7-m/libc.a(lib_a-__call_atexit.o)
                                                  /opt/gcc-arm-none-eabi-7-2018-q2-update/bin/../lib/gcc/arm-none-eabi/7.3.1/../../../../arm-none-eabi/lib/thumb/v7-m/libc.a(lib_a-__atexit.o)
__bss_end__                                       src/startup_LPC17xx.o
                                                  /opt/gcc-arm-none-eabi-7-2018-q2-update/bin/../lib/gcc/arm-none-eabi/7.3.1/../../../../arm-none-eabi/lib/thumb/v7-m/crt0.o
__bss_start__                                     src/startup_LPC17xx.o
                                                  /opt/gcc-arm-none-eabi-7-2018-q2-update/bin/../lib/gcc/arm-none-eabi/7.3.1/../../../../arm-none-eabi/lib/thumb/v7-m/crt0.o
__call_exitprocs                                  /opt/gcc-arm-none-eabi-7-2018-q2-update/bin/../lib/gcc/arm-none-eabi/7.3.1/../../../../arm-none-eabi/lib/thumb/v7-m/libc.a(lib_a-__call_atexit.o)
                                                  /opt/gcc-arm-none-eabi-7-2018-q2-update/bin/../lib/gcc/arm-none-eabi/7.3.1/../../../../arm-none-eabi/lib/thumb/v7-m/libc.a(lib_a-exit.o)
__data_end__                                      src/startup_LPC17xx.o
__data_start__                                    src/startup_LPC17xx.o
__deregister_frame_info                           /opt/gcc-arm-none-eabi-7-2018-q2-update/bin/../lib/gcc/arm-none-eabi/7.3.1/thumb/v7-m/crtbegin.o
__dso_handle                                      /opt/gcc-arm-none-eabi-7-2018-q2-update/bin/../lib/gcc/arm-none-eabi/7.3.1/thumb/v7-m/crtbegin.o
__fini_array_end                                  /opt/gcc-arm-none-eabi-7-2018-q2-update/bin/../lib/gcc/arm-none-eabi/7.3.1/../../../../arm-none-eabi/lib/thumb/v7-m/libc.a(lib_a-fini.o)
__fini_array_start                                /opt/gcc-arm-none-eabi-7-2018-q2-update/bin/../lib/gcc/arm-none-eabi/7.3.1/../../../../arm-none-eabi/lib/thumb/v7-m/libc.a(lib_a-fini.o)
__fp_lock_all                                     /opt/gcc-arm-none-eabi-7-2018-q2-update/bin/../lib/gcc/arm-none-eabi/7.3.1/../../../../arm-none-eabi/lib/thumb/v7-m/libc.a(lib_a-findfp.o)
__fp_unlock_all                                   /opt/gcc-arm-none-eabi-7-2018-q2-update/bin/../lib/gcc/arm-none-eabi/7.3.1/../../../../arm-none-eabi/lib/thumb/v7-m/libc.a(lib_a-findfp.o)
__get_BASEPRI                                     src/core_cm3.o
__get_CONTROL                                     src/core_cm3.o
__get_FAULTMASK                                   src/core_cm3.o
__get_MSP                                         src/core_cm3.o
__get_PRIMASK                                     src/core_cm3.o
__get_PSP                                         src/core_cm3.o
__init_array_end                                  /opt/gcc-arm-none-eabi-7-2018-q2-update/bin/../lib/gcc/arm-none-eabi/7.3.1/../../../../arm-none-eabi/lib/thumb/v7-m/libc.a(lib_a-init.o)
__init_array_start                                /opt/gcc-arm-none-eabi-7-2018-q2-update/bin/../lib/gcc/arm-none-eabi/7.3.1/../../../../arm-none-eabi/lib/thumb/v7-m/libc.a(lib_a-init.o)
__libc_fini                                       /opt/gcc-arm-none-eabi-7-2018-q2-update/bin/../lib/gcc/arm-none-eabi/7.3.1/../../../../arm-none-eabi/lib/thumb/v7-m/libc.a(lib_a-__call_atexit.o)
__libc_fini_array                                 /opt/gcc-arm-none-eabi-7-2018-q2-update/bin/../lib/gcc/arm-none-eabi/7.3.1/../../../../arm-none-eabi/lib/thumb/v7-m/libc.a(lib_a-fini.o)
                                                  /opt/gcc-arm-none-eabi-7-2018-q2-update/bin/../lib/gcc/arm-none-eabi/7.3.1/../../../../arm-none-eabi/lib/thumb/v7-m/libc.a(lib_a-__call_atexit.o)
                                                  /opt/gcc-arm-none-eabi-7-2018-q2-update/bin/../lib/gcc/arm-none-eabi/7.3.1/../../../../arm-none-eabi/lib/thumb/v7-m/crt0.o
__libc_init_array                                 /opt/gcc-arm-none-eabi-7-2018-q2-update/bin/../lib/gcc/arm-none-eabi/7.3.1/../../../../arm-none-eabi/lib/thumb/v7-m/libc.a(lib_a-init.o)
                                                  /opt/gcc-arm-none-eabi-7-2018-q2-update/bin/../lib/gcc/arm-none-eabi/7.3.1/../../../../arm-none-eabi/lib/thumb/v7-m/crt0.o
__lock___arc4random_mutex                         /opt/gcc-arm-none-eabi-7-2018-q2-update/bin/../lib/gcc/arm-none-eabi/7.3.1/../../../../arm-none-eabi/lib/thumb/v7-m/libc.a(lib_a-lock.o)
__lock___at_quick_exit_mutex                      /opt/gcc-arm-none-eabi-7-2018-q2-update/bin/../lib/gcc/arm-none-eabi/7.3.1/../../../../arm-none-eabi/lib/thumb/v7-m/libc.a(lib_a-lock.o)
__lock___atexit_recursive_mutex                   /opt/gcc-arm-none-eabi-7-2018-q2-update/bin/../lib/gcc/arm-none-eabi/7.3.1/../../../../arm-none-eabi/lib/thumb/v7-m/libc.a(lib_a-lock.o)
                                                  /opt/gcc-arm-none-eabi-7-2018-q2-update/bin/../lib/gcc/arm-none-eabi/7.3.1/../../../../arm-none-eabi/lib/thumb/v7-m/libc.a(lib_a-__call_atexit.o)
__lock___dd_hash_mutex                            /opt/gcc-arm-none-eabi-7-2018-q2-update/bin/../lib/gcc/arm-none-eabi/7.3.1/../../../../arm-none-eabi/lib/thumb/v7-m/libc.a(lib_a-lock.o)
__lock___env_recursive_mutex                      /opt/gcc-arm-none-eabi-7-2018-q2-update/bin/../lib/gcc/arm-none-eabi/7.3.1/../../../../arm-none-eabi/lib/thumb/v7-m/libc.a(lib_a-lock.o)
__lock___malloc_recursive_mutex                   /opt/gcc-arm-none-eabi-7-2018-q2-update/bin/../lib/gcc/arm-none-eabi/7.3.1/../../../../arm-none-eabi/lib/thumb/v7-m/libc.a(lib_a-lock.o)
                                                  /opt/gcc-arm-none-eabi-7-2018-q2-update/bin/../lib/gcc/arm-none-eabi/7.3.1/../../../../arm-none-eabi/lib/thumb/v7-m/libc.a(lib_a-mlock.o)
__lock___sfp_recursive_mutex                      /opt/gcc-arm-none-eabi-7-2018-q2-update/bin/../lib/gcc/arm-none-eabi/7.3.1/../../../../arm-none-eabi/lib/thumb/v7-m/libc.a(lib_a-lock.o)
                                                  /opt/gcc-arm-none-eabi-7-2018-q2-update/bin/../lib/gcc/arm-none-eabi/7.3.1/../../../../arm-none-eabi/lib/thumb/v7-m/libc.a(lib_a-findfp.o)
__lock___sinit_recursive_mutex                    /opt/gcc-arm-none-eabi-7-2018-q2-update/bin/../lib/gcc/arm-none-eabi/7.3.1/../../../../arm-none-eabi/lib/thumb/v7-m/libc.a(lib_a-lock.o)
                                                  /opt/gcc-arm-none-eabi-7-2018-q2-update/bin/../lib/gcc/arm-none-eabi/7.3.1/../../../../arm-none-eabi/lib/thumb/v7-m/libc.a(lib_a-findfp.o)
__lock___tz_mutex                                 /opt/gcc-arm-none-eabi-7-2018-q2-update/bin/../lib/gcc/arm-none-eabi/7.3.1/../../../../arm-none-eabi/lib/thumb/v7-m/libc.a(lib_a-lock.o)
__malloc_av_                                      /opt/gcc-arm-none-eabi-7-2018-q2-update/bin/../lib/gcc/arm-none-eabi/7.3.1/../../../../arm-none-eabi/lib/thumb/v7-m/libc.a(lib_a-mallocr.o)
                                                  /opt/gcc-arm-none-eabi-7-2018-q2-update/bin/../lib/gcc/arm-none-eabi/7.3.1/../../../../arm-none-eabi/lib/thumb/v7-m/libc.a(lib_a-freer.o)
                                                  /opt/gcc-arm-none-eabi-7-2018-q2-update/bin/../lib/gcc/arm-none-eabi/7.3.1/../../../../arm-none-eabi/lib/thumb/v7-m/libc.a(lib_a-reallocr.o)
__malloc_current_mallinfo                         /opt/gcc-arm-none-eabi-7-2018-q2-update/bin/../lib/gcc/arm-none-eabi/7.3.1/../../../../arm-none-eabi/lib/thumb/v7-m/libc.a(lib_a-mallocr.o)
                                                  /opt/gcc-arm-none-eabi-7-2018-q2-update/bin/../lib/gcc/arm-none-eabi/7.3.1/../../../../arm-none-eabi/lib/thumb/v7-m/libc.a(lib_a-freer.o)
__malloc_lock                                     /opt/gcc-arm-none-eabi-7-2018-q2-update/bin/../lib/gcc/arm-none-eabi/7.3.1/../../../../arm-none-eabi/lib/thumb/v7-m/libc.a(lib_a-mlock.o)
                                                  /opt/gcc-arm-none-eabi-7-2018-q2-update/bin/../lib/gcc/arm-none-eabi/7.3.1/../../../../arm-none-eabi/lib/thumb/v7-m/libc.a(lib_a-freer.o)
                                                  /opt/gcc-arm-none-eabi-7-2018-q2-update/bin/../lib/gcc/arm-none-eabi/7.3.1/../../../../arm-none-eabi/lib/thumb/v7-m/libc.a(lib_a-reallocr.o)
                                                  /opt/gcc-arm-none-eabi-7-2018-q2-update/bin/../lib/gcc/arm-none-eabi/7.3.1/../../../../arm-none-eabi/lib/thumb/v7-m/libc.a(lib_a-mallocr.o)
__malloc_max_sbrked_mem                           /opt/gcc-arm-none-eabi-7-2018-q2-update/bin/../lib/gcc/arm-none-eabi/7.3.1/../../../../arm-none-eabi/lib/thumb/v7-m/libc.a(lib_a-mallocr.o)
__malloc_max_total_mem                            /opt/gcc-arm-none-eabi-7-2018-q2-update/bin/../lib/gcc/arm-none-eabi/7.3.1/../../../../arm-none-eabi/lib/thumb/v7-m/libc.a(lib_a-mallocr.o)
__malloc_sbrk_base                                /opt/gcc-arm-none-eabi-7-2018-q2-update/bin/../lib/gcc/arm-none-eabi/7.3.1/../../../../arm-none-eabi/lib/thumb/v7-m/libc.a(lib_a-mallocr.o)
                                                  /opt/gcc-arm-none-eabi-7-2018-q2-update/bin/../lib/gcc/arm-none-eabi/7.3.1/../../../../arm-none-eabi/lib/thumb/v7-m/libc.a(lib_a-freer.o)
__malloc_top_pad                                  /opt/gcc-arm-none-eabi-7-2018-q2-update/bin/../lib/gcc/arm-none-eabi/7.3.1/../../../../arm-none-eabi/lib/thumb/v7-m/libc.a(lib_a-mallocr.o)
                                                  /opt/gcc-arm-none-eabi-7-2018-q2-update/bin/../lib/gcc/arm-none-eabi/7.3.1/../../../../arm-none-eabi/lib/thumb/v7-m/libc.a(lib_a-freer.o)
__malloc_trim_threshold                           /opt/gcc-arm-none-eabi-7-2018-q2-update/bin/../lib/gcc/arm-none-eabi/7.3.1/../../../../arm-none-eabi/lib/thumb/v7-m/libc.a(lib_a-mallocr.o)
                                                  /opt/gcc-arm-none-eabi-7-2018-q2-update/bin/../lib/gcc/arm-none-eabi/7.3.1/../../../../arm-none-eabi/lib/thumb/v7-m/libc.a(lib_a-freer.o)
__malloc_unlock                                   /opt/gcc-arm-none-eabi-7-2018-q2-update/bin/../lib/gcc/arm-none-eabi/7.3.1/../../../../arm-none-eabi/lib/thumb/v7-m/libc.a(lib_a-mlock.o)
                                                  /opt/gcc-arm-none-eabi-7-2018-q2-update/bin/../lib/gcc/arm-none-eabi/7.3.1/../../../../arm-none-eabi/lib/thumb/v7-m/libc.a(lib_a-freer.o)
                                                  /opt/gcc-arm-none-eabi-7-2018-q2-update/bin/../lib/gcc/arm-none-eabi/7.3.1/../../../../arm-none-eabi/lib/thumb/v7-m/libc.a(lib_a-reallocr.o)
                                                  /opt/gcc-arm-none-eabi-7-2018-q2-update/bin/../lib/gcc/arm-none-eabi/7.3.1/../../../../arm-none-eabi/lib/thumb/v7-m/libc.a(lib_a-mallocr.o)
__preinit_array_end                               /opt/gcc-arm-none-eabi-7-2018-q2-update/bin/../lib/gcc/arm-none-eabi/7.3.1/../../../../arm-none-eabi/lib/thumb/v7-m/libc.a(lib_a-init.o)
__preinit_array_start                             /opt/gcc-arm-none-eabi-7-2018-q2-update/bin/../lib/gcc/arm-none-eabi/7.3.1/../../../../arm-none-eabi/lib/thumb/v7-m/libc.a(lib_a-init.o)
__register_exitproc                               /opt/gcc-arm-none-eabi-7-2018-q2-update/bin/../lib/gcc/arm-none-eabi/7.3.1/../../../../arm-none-eabi/lib/thumb/v7-m/libc.a(lib_a-__atexit.o)
                                                  /opt/gcc-arm-none-eabi-7-2018-q2-update/bin/../lib/gcc/arm-none-eabi/7.3.1/../../../../arm-none-eabi/lib/thumb/v7-m/libc.a(lib_a-atexit.o)
__register_frame_info                             /opt/gcc-arm-none-eabi-7-2018-q2-update/bin/../lib/gcc/arm-none-eabi/7.3.1/thumb/v7-m/crtbegin.o
__retarget_lock_acquire                           /opt/gcc-arm-none-eabi-7-2018-q2-update/bin/../lib/gcc/arm-none-eabi/7.3.1/../../../../arm-none-eabi/lib/thumb/v7-m/libc.a(lib_a-lock.o)
__retarget_lock_acquire_recursive                 /opt/gcc-arm-none-eabi-7-2018-q2-update/bin/../lib/gcc/arm-none-eabi/7.3.1/../../../../arm-none-eabi/lib/thumb/v7-m/libc.a(lib_a-lock.o)
                                                  /opt/gcc-arm-none-eabi-7-2018-q2-update/bin/../lib/gcc/arm-none-eabi/7.3.1/../../../../arm-none-eabi/lib/thumb/v7-m/libc.a(lib_a-fflush.o)
                                                  /opt/gcc-arm-none-eabi-7-2018-q2-update/bin/../lib/gcc/arm-none-eabi/7.3.1/../../../../arm-none-eabi/lib/thumb/v7-m/libc.a(lib_a-fclose.o)
                                                  /opt/gcc-arm-none-eabi-7-2018-q2-update/bin/../lib/gcc/arm-none-eabi/7.3.1/../../../../arm-none-eabi/lib/thumb/v7-m/libc.a(lib_a-__atexit.o)
                                                  /opt/gcc-arm-none-eabi-7-2018-q2-update/bin/../lib/gcc/arm-none-eabi/7.3.1/../../../../arm-none-eabi/lib/thumb/v7-m/libc.a(lib_a-mlock.o)
                                                  /opt/gcc-arm-none-eabi-7-2018-q2-update/bin/../lib/gcc/arm-none-eabi/7.3.1/../../../../arm-none-eabi/lib/thumb/v7-m/libc.a(lib_a-findfp.o)
                                                  /opt/gcc-arm-none-eabi-7-2018-q2-update/bin/../lib/gcc/arm-none-eabi/7.3.1/../../../../arm-none-eabi/lib/thumb/v7-m/libc.a(lib_a-__call_atexit.o)
                                                  /opt/gcc-arm-none-eabi-7-2018-q2-update/bin/../lib/gcc/arm-none-eabi/7.3.1/../../../../arm-none-eabi/lib/thumb/v7-m/libc.a(lib_a-puts.o)
__retarget_lock_close                             /opt/gcc-arm-none-eabi-7-2018-q2-update/bin/../lib/gcc/arm-none-eabi/7.3.1/../../../../arm-none-eabi/lib/thumb/v7-m/libc.a(lib_a-lock.o)
__retarget_lock_close_recursive                   /opt/gcc-arm-none-eabi-7-2018-q2-update/bin/../lib/gcc/arm-none-eabi/7.3.1/../../../../arm-none-eabi/lib/thumb/v7-m/libc.a(lib_a-lock.o)
                                                  /opt/gcc-arm-none-eabi-7-2018-q2-update/bin/../lib/gcc/arm-none-eabi/7.3.1/../../../../arm-none-eabi/lib/thumb/v7-m/libc.a(lib_a-fclose.o)
__retarget_lock_init                              /opt/gcc-arm-none-eabi-7-2018-q2-update/bin/../lib/gcc/arm-none-eabi/7.3.1/../../../../arm-none-eabi/lib/thumb/v7-m/libc.a(lib_a-lock.o)
__retarget_lock_init_recursive                    /opt/gcc-arm-none-eabi-7-2018-q2-update/bin/../lib/gcc/arm-none-eabi/7.3.1/../../../../arm-none-eabi/lib/thumb/v7-m/libc.a(lib_a-lock.o)
                                                  /opt/gcc-arm-none-eabi-7-2018-q2-update/bin/../lib/gcc/arm-none-eabi/7.3.1/../../../../arm-none-eabi/lib/thumb/v7-m/libc.a(lib_a-findfp.o)
__retarget_lock_release                           /opt/gcc-arm-none-eabi-7-2018-q2-update/bin/../lib/gcc/arm-none-eabi/7.3.1/../../../../arm-none-eabi/lib/thumb/v7-m/libc.a(lib_a-lock.o)
__retarget_lock_release_recursive                 /opt/gcc-arm-none-eabi-7-2018-q2-update/bin/../lib/gcc/arm-none-eabi/7.3.1/../../../../arm-none-eabi/lib/thumb/v7-m/libc.a(lib_a-lock.o)
                                                  /opt/gcc-arm-none-eabi-7-2018-q2-update/bin/../lib/gcc/arm-none-eabi/7.3.1/../../../../arm-none-eabi/lib/thumb/v7-m/libc.a(lib_a-fflush.o)
                                                  /opt/gcc-arm-none-eabi-7-2018-q2-update/bin/../lib/gcc/arm-none-eabi/7.3.1/../../../../arm-none-eabi/lib/thumb/v7-m/libc.a(lib_a-fclose.o)
                                                  /opt/gcc-arm-none-eabi-7-2018-q2-update/bin/../lib/gcc/arm-none-eabi/7.3.1/../../../../arm-none-eabi/lib/thumb/v7-m/libc.a(lib_a-__atexit.o)
                                                  /opt/gcc-arm-none-eabi-7-2018-q2-update/bin/../lib/gcc/arm-none-eabi/7.3.1/../../../../arm-none-eabi/lib/thumb/v7-m/libc.a(lib_a-mlock.o)
                                                  /opt/gcc-arm-none-eabi-7-2018-q2-update/bin/../lib/gcc/arm-none-eabi/7.3.1/../../../../arm-none-eabi/lib/thumb/v7-m/libc.a(lib_a-findfp.o)
                                                  /opt/gcc-arm-none-eabi-7-2018-q2-update/bin/../lib/gcc/arm-none-eabi/7.3.1/../../../../arm-none-eabi/lib/thumb/v7-m/libc.a(lib_a-__call_atexit.o)
                                                  /opt/gcc-arm-none-eabi-7-2018-q2-update/bin/../lib/gcc/arm-none-eabi/7.3.1/../../../../arm-none-eabi/lib/thumb/v7-m/libc.a(lib_a-puts.o)
__retarget_lock_try_acquire                       /opt/gcc-arm-none-eabi-7-2018-q2-update/bin/../lib/gcc/arm-none-eabi/7.3.1/../../../../arm-none-eabi/lib/thumb/v7-m/libc.a(lib_a-lock.o)
__retarget_lock_try_acquire_recursive             /opt/gcc-arm-none-eabi-7-2018-q2-update/bin/../lib/gcc/arm-none-eabi/7.3.1/../../../../arm-none-eabi/lib/thumb/v7-m/libc.a(lib_a-lock.o)
__sclose                                          /opt/gcc-arm-none-eabi-7-2018-q2-update/bin/../lib/gcc/arm-none-eabi/7.3.1/../../../../arm-none-eabi/lib/thumb/v7-m/libc.a(lib_a-stdio.o)
                                                  /opt/gcc-arm-none-eabi-7-2018-q2-update/bin/../lib/gcc/arm-none-eabi/7.3.1/../../../../arm-none-eabi/lib/thumb/v7-m/libc.a(lib_a-findfp.o)
__seofread                                        /opt/gcc-arm-none-eabi-7-2018-q2-update/bin/../lib/gcc/arm-none-eabi/7.3.1/../../../../arm-none-eabi/lib/thumb/v7-m/libc.a(lib_a-stdio.o)
__set_BASEPRI                                     src/core_cm3.o
__set_CONTROL                                     src/core_cm3.o
__set_FAULTMASK                                   src/core_cm3.o
__set_MSP                                         src/core_cm3.o
__set_PRIMASK                                     src/core_cm3.o
__set_PSP                                         src/core_cm3.o
__sflush_r                                        /opt/gcc-arm-none-eabi-7-2018-q2-update/bin/../lib/gcc/arm-none-eabi/7.3.1/../../../../arm-none-eabi/lib/thumb/v7-m/libc.a(lib_a-fflush.o)
                                                  /opt/gcc-arm-none-eabi-7-2018-q2-update/bin/../lib/gcc/arm-none-eabi/7.3.1/../../../../arm-none-eabi/lib/thumb/v7-m/libc.a(lib_a-fclose.o)
__sfmoreglue                                      /opt/gcc-arm-none-eabi-7-2018-q2-update/bin/../lib/gcc/arm-none-eabi/7.3.1/../../../../arm-none-eabi/lib/thumb/v7-m/libc.a(lib_a-findfp.o)
__sfp                                             /opt/gcc-arm-none-eabi-7-2018-q2-update/bin/../lib/gcc/arm-none-eabi/7.3.1/../../../../arm-none-eabi/lib/thumb/v7-m/libc.a(lib_a-findfp.o)
__sfp_lock_acquire                                /opt/gcc-arm-none-eabi-7-2018-q2-update/bin/../lib/gcc/arm-none-eabi/7.3.1/../../../../arm-none-eabi/lib/thumb/v7-m/libc.a(lib_a-findfp.o)
                                                  /opt/gcc-arm-none-eabi-7-2018-q2-update/bin/../lib/gcc/arm-none-eabi/7.3.1/../../../../arm-none-eabi/lib/thumb/v7-m/libc.a(lib_a-fclose.o)
__sfp_lock_release                                /opt/gcc-arm-none-eabi-7-2018-q2-update/bin/../lib/gcc/arm-none-eabi/7.3.1/../../../../arm-none-eabi/lib/thumb/v7-m/libc.a(lib_a-findfp.o)
                                                  /opt/gcc-arm-none-eabi-7-2018-q2-update/bin/../lib/gcc/arm-none-eabi/7.3.1/../../../../arm-none-eabi/lib/thumb/v7-m/libc.a(lib_a-fclose.o)
__sfvwrite_r                                      /opt/gcc-arm-none-eabi-7-2018-q2-update/bin/../lib/gcc/arm-none-eabi/7.3.1/../../../../arm-none-eabi/lib/thumb/v7-m/libc.a(lib_a-fvwrite.o)
                                                  /opt/gcc-arm-none-eabi-7-2018-q2-update/bin/../lib/gcc/arm-none-eabi/7.3.1/../../../../arm-none-eabi/lib/thumb/v7-m/libc.a(lib_a-puts.o)
__sidata                                          src/startup_LPC17xx.o
__sinit                                           /opt/gcc-arm-none-eabi-7-2018-q2-update/bin/../lib/gcc/arm-none-eabi/7.3.1/../../../../arm-none-eabi/lib/thumb/v7-m/libc.a(lib_a-findfp.o)
                                                  /opt/gcc-arm-none-eabi-7-2018-q2-update/bin/../lib/gcc/arm-none-eabi/7.3.1/../../../../arm-none-eabi/lib/thumb/v7-m/libc.a(lib_a-fflush.o)
                                                  /opt/gcc-arm-none-eabi-7-2018-q2-update/bin/../lib/gcc/arm-none-eabi/7.3.1/../../../../arm-none-eabi/lib/thumb/v7-m/libc.a(lib_a-fclose.o)
                                                  /opt/gcc-arm-none-eabi-7-2018-q2-update/bin/../lib/gcc/arm-none-eabi/7.3.1/../../../../arm-none-eabi/lib/thumb/v7-m/libc.a(lib_a-wsetup.o)
                                                  /opt/gcc-arm-none-eabi-7-2018-q2-update/bin/../lib/gcc/arm-none-eabi/7.3.1/../../../../arm-none-eabi/lib/thumb/v7-m/libc.a(lib_a-puts.o)
__sinit_lock_acquire                              /opt/gcc-arm-none-eabi-7-2018-q2-update/bin/../lib/gcc/arm-none-eabi/7.3.1/../../../../arm-none-eabi/lib/thumb/v7-m/libc.a(lib_a-findfp.o)
__sinit_lock_release                              /opt/gcc-arm-none-eabi-7-2018-q2-update/bin/../lib/gcc/arm-none-eabi/7.3.1/../../../../arm-none-eabi/lib/thumb/v7-m/libc.a(lib_a-findfp.o)
__smakebuf_r                                      /opt/gcc-arm-none-eabi-7-2018-q2-update/bin/../lib/gcc/arm-none-eabi/7.3.1/../../../../arm-none-eabi/lib/thumb/v7-m/libc.a(lib_a-makebuf.o)
                                                  /opt/gcc-arm-none-eabi-7-2018-q2-update/bin/../lib/gcc/arm-none-eabi/7.3.1/../../../../arm-none-eabi/lib/thumb/v7-m/libc.a(lib_a-wsetup.o)
__sread                                           /opt/gcc-arm-none-eabi-7-2018-q2-update/bin/../lib/gcc/arm-none-eabi/7.3.1/../../../../arm-none-eabi/lib/thumb/v7-m/libc.a(lib_a-stdio.o)
                                                  /opt/gcc-arm-none-eabi-7-2018-q2-update/bin/../lib/gcc/arm-none-eabi/7.3.1/../../../../arm-none-eabi/lib/thumb/v7-m/libc.a(lib_a-findfp.o)
__sseek                                           /opt/gcc-arm-none-eabi-7-2018-q2-update/bin/../lib/gcc/arm-none-eabi/7.3.1/../../../../arm-none-eabi/lib/thumb/v7-m/libc.a(lib_a-stdio.o)
                                                  /opt/gcc-arm-none-eabi-7-2018-q2-update/bin/../lib/gcc/arm-none-eabi/7.3.1/../../../../arm-none-eabi/lib/thumb/v7-m/libc.a(lib_a-findfp.o)
__stack                                           /opt/gcc-arm-none-eabi-7-2018-q2-update/bin/../lib/gcc/arm-none-eabi/7.3.1/../../../../arm-none-eabi/lib/thumb/v7-m/crt0.o
__swhatbuf_r                                      /opt/gcc-arm-none-eabi-7-2018-q2-update/bin/../lib/gcc/arm-none-eabi/7.3.1/../../../../arm-none-eabi/lib/thumb/v7-m/libc.a(lib_a-makebuf.o)
__swrite                                          /opt/gcc-arm-none-eabi-7-2018-q2-update/bin/../lib/gcc/arm-none-eabi/7.3.1/../../../../arm-none-eabi/lib/thumb/v7-m/libc.a(lib_a-stdio.o)
                                                  /opt/gcc-arm-none-eabi-7-2018-q2-update/bin/../lib/gcc/arm-none-eabi/7.3.1/../../../../arm-none-eabi/lib/thumb/v7-m/libc.a(lib_a-findfp.o)
__swsetup_r                                       /opt/gcc-arm-none-eabi-7-2018-q2-update/bin/../lib/gcc/arm-none-eabi/7.3.1/../../../../arm-none-eabi/lib/thumb/v7-m/libc.a(lib_a-wsetup.o)
                                                  /opt/gcc-arm-none-eabi-7-2018-q2-update/bin/../lib/gcc/arm-none-eabi/7.3.1/../../../../arm-none-eabi/lib/thumb/v7-m/libc.a(lib_a-fvwrite.o)
__udivmoddi4                                      /opt/gcc-arm-none-eabi-7-2018-q2-update/bin/../lib/gcc/arm-none-eabi/7.3.1/thumb/v7-m/libgcc.a(_udivmoddi4.o)
                                                  /opt/gcc-arm-none-eabi-7-2018-q2-update/bin/../lib/gcc/arm-none-eabi/7.3.1/thumb/v7-m/libgcc.a(_aeabi_uldivmod.o)
_cleanup                                          /opt/gcc-arm-none-eabi-7-2018-q2-update/bin/../lib/gcc/arm-none-eabi/7.3.1/../../../../arm-none-eabi/lib/thumb/v7-m/libc.a(lib_a-findfp.o)
_cleanup_r                                        /opt/gcc-arm-none-eabi-7-2018-q2-update/bin/../lib/gcc/arm-none-eabi/7.3.1/../../../../arm-none-eabi/lib/thumb/v7-m/libc.a(lib_a-findfp.o)
                                                  /opt/gcc-arm-none-eabi-7-2018-q2-update/bin/../lib/gcc/arm-none-eabi/7.3.1/../../../../arm-none-eabi/lib/thumb/v7-m/libc.a(lib_a-makebuf.o)
_close                                            /opt/gcc-arm-none-eabi-7-2018-q2-update/bin/../lib/gcc/arm-none-eabi/7.3.1/../../../../arm-none-eabi/lib/thumb/v7-m/libnosys.a(close.o)
                                                  /opt/gcc-arm-none-eabi-7-2018-q2-update/bin/../lib/gcc/arm-none-eabi/7.3.1/../../../../arm-none-eabi/lib/thumb/v7-m/libc.a(lib_a-closer.o)
_close_r                                          /opt/gcc-arm-none-eabi-7-2018-q2-update/bin/../lib/gcc/arm-none-eabi/7.3.1/../../../../arm-none-eabi/lib/thumb/v7-m/libc.a(lib_a-closer.o)
                                                  /opt/gcc-arm-none-eabi-7-2018-q2-update/bin/../lib/gcc/arm-none-eabi/7.3.1/../../../../arm-none-eabi/lib/thumb/v7-m/libc.a(lib_a-stdio.o)
_exit                                             /opt/gcc-arm-none-eabi-7-2018-q2-update/bin/../lib/gcc/arm-none-eabi/7.3.1/../../../../arm-none-eabi/lib/thumb/v7-m/libnosys.a(_exit.o)
                                                  /opt/gcc-arm-none-eabi-7-2018-q2-update/bin/../lib/gcc/arm-none-eabi/7.3.1/../../../../arm-none-eabi/lib/thumb/v7-m/libc.a(lib_a-exit.o)
_fclose_r                                         /opt/gcc-arm-none-eabi-7-2018-q2-update/bin/../lib/gcc/arm-none-eabi/7.3.1/../../../../arm-none-eabi/lib/thumb/v7-m/libc.a(lib_a-fclose.o)
                                                  /opt/gcc-arm-none-eabi-7-2018-q2-update/bin/../lib/gcc/arm-none-eabi/7.3.1/../../../../arm-none-eabi/lib/thumb/v7-m/libc.a(lib_a-findfp.o)
_fflush_r                                         /opt/gcc-arm-none-eabi-7-2018-q2-update/bin/../lib/gcc/arm-none-eabi/7.3.1/../../../../arm-none-eabi/lib/thumb/v7-m/libc.a(lib_a-fflush.o)
                                                  /opt/gcc-arm-none-eabi-7-2018-q2-update/bin/../lib/gcc/arm-none-eabi/7.3.1/../../../../arm-none-eabi/lib/thumb/v7-m/libc.a(lib_a-fvwrite.o)
_fini                                             /opt/gcc-arm-none-eabi-7-2018-q2-update/bin/../lib/gcc/arm-none-eabi/7.3.1/thumb/v7-m/crti.o
                                                  /opt/gcc-arm-none-eabi-7-2018-q2-update/bin/../lib/gcc/arm-none-eabi/7.3.1/../../../../arm-none-eabi/lib/thumb/v7-m/libc.a(lib_a-fini.o)
_free_r                                           /opt/gcc-arm-none-eabi-7-2018-q2-update/bin/../lib/gcc/arm-none-eabi/7.3.1/../../../../arm-none-eabi/lib/thumb/v7-m/libc.a(lib_a-freer.o)
                                                  /opt/gcc-arm-none-eabi-7-2018-q2-update/bin/../lib/gcc/arm-none-eabi/7.3.1/../../../../arm-none-eabi/lib/thumb/v7-m/libc.a(lib_a-reent.o)
                                                  /opt/gcc-arm-none-eabi-7-2018-q2-update/bin/../lib/gcc/arm-none-eabi/7.3.1/../../../../arm-none-eabi/lib/thumb/v7-m/libc.a(lib_a-fflush.o)
                                                  /opt/gcc-arm-none-eabi-7-2018-q2-update/bin/../lib/gcc/arm-none-eabi/7.3.1/../../../../arm-none-eabi/lib/thumb/v7-m/libc.a(lib_a-fclose.o)
                                                  /opt/gcc-arm-none-eabi-7-2018-q2-update/bin/../lib/gcc/arm-none-eabi/7.3.1/../../../../arm-none-eabi/lib/thumb/v7-m/libc.a(lib_a-wsetup.o)
                                                  /opt/gcc-arm-none-eabi-7-2018-q2-update/bin/../lib/gcc/arm-none-eabi/7.3.1/../../../../arm-none-eabi/lib/thumb/v7-m/libc.a(lib_a-reallocr.o)
                                                  /opt/gcc-arm-none-eabi-7-2018-q2-update/bin/../lib/gcc/arm-none-eabi/7.3.1/../../../../arm-none-eabi/lib/thumb/v7-m/libc.a(lib_a-mallocr.o)
                                                  /opt/gcc-arm-none-eabi-7-2018-q2-update/bin/../lib/gcc/arm-none-eabi/7.3.1/../../../../arm-none-eabi/lib/thumb/v7-m/libc.a(lib_a-fvwrite.o)
_fstat                                            /opt/gcc-arm-none-eabi-7-2018-q2-update/bin/../lib/gcc/arm-none-eabi/7.3.1/../../../../arm-none-eabi/lib/thumb/v7-m/libnosys.a(fstat.o)
                                                  /opt/gcc-arm-none-eabi-7-2018-q2-update/bin/../lib/gcc/arm-none-eabi/7.3.1/../../../../arm-none-eabi/lib/thumb/v7-m/libc.a(lib_a-fstatr.o)
_fstat_r                                          /opt/gcc-arm-none-eabi-7-2018-q2-update/bin/../lib/gcc/arm-none-eabi/7.3.1/../../../../arm-none-eabi/lib/thumb/v7-m/libc.a(lib_a-fstatr.o)
                                                  /opt/gcc-arm-none-eabi-7-2018-q2-update/bin/../lib/gcc/arm-none-eabi/7.3.1/../../../../arm-none-eabi/lib/thumb/v7-m/libc.a(lib_a-makebuf.o)
_fwalk                                            /opt/gcc-arm-none-eabi-7-2018-q2-update/bin/../lib/gcc/arm-none-eabi/7.3.1/../../../../arm-none-eabi/lib/thumb/v7-m/libc.a(lib_a-fwalk.o)
                                                  /opt/gcc-arm-none-eabi-7-2018-q2-update/bin/../lib/gcc/arm-none-eabi/7.3.1/../../../../arm-none-eabi/lib/thumb/v7-m/libc.a(lib_a-findfp.o)
_fwalk_reent                                      /opt/gcc-arm-none-eabi-7-2018-q2-update/bin/../lib/gcc/arm-none-eabi/7.3.1/../../../../arm-none-eabi/lib/thumb/v7-m/libc.a(lib_a-fwalk.o)
                                                  /opt/gcc-arm-none-eabi-7-2018-q2-update/bin/../lib/gcc/arm-none-eabi/7.3.1/../../../../arm-none-eabi/lib/thumb/v7-m/libc.a(lib_a-fflush.o)
                                                  /opt/gcc-arm-none-eabi-7-2018-q2-update/bin/../lib/gcc/arm-none-eabi/7.3.1/../../../../arm-none-eabi/lib/thumb/v7-m/libc.a(lib_a-findfp.o)
_global_impure_ptr                                /opt/gcc-arm-none-eabi-7-2018-q2-update/bin/../lib/gcc/arm-none-eabi/7.3.1/../../../../arm-none-eabi/lib/thumb/v7-m/libc.a(lib_a-impure.o)
                                                  /opt/gcc-arm-none-eabi-7-2018-q2-update/bin/../lib/gcc/arm-none-eabi/7.3.1/../../../../arm-none-eabi/lib/thumb/v7-m/libc.a(lib_a-fflush.o)
                                                  /opt/gcc-arm-none-eabi-7-2018-q2-update/bin/../lib/gcc/arm-none-eabi/7.3.1/../../../../arm-none-eabi/lib/thumb/v7-m/libc.a(lib_a-__atexit.o)
                                                  /opt/gcc-arm-none-eabi-7-2018-q2-update/bin/../lib/gcc/arm-none-eabi/7.3.1/../../../../arm-none-eabi/lib/thumb/v7-m/libc.a(lib_a-findfp.o)
                                                  /opt/gcc-arm-none-eabi-7-2018-q2-update/bin/../lib/gcc/arm-none-eabi/7.3.1/../../../../arm-none-eabi/lib/thumb/v7-m/libc.a(lib_a-__call_atexit.o)
                                                  /opt/gcc-arm-none-eabi-7-2018-q2-update/bin/../lib/gcc/arm-none-eabi/7.3.1/../../../../arm-none-eabi/lib/thumb/v7-m/libc.a(lib_a-exit.o)
_impure_ptr                                       /opt/gcc-arm-none-eabi-7-2018-q2-update/bin/../lib/gcc/arm-none-eabi/7.3.1/../../../../arm-none-eabi/lib/thumb/v7-m/libc.a(lib_a-impure.o)
                                                  /opt/gcc-arm-none-eabi-7-2018-q2-update/bin/../lib/gcc/arm-none-eabi/7.3.1/../../../../arm-none-eabi/lib/thumb/v7-m/libc.a(lib_a-reent.o)
                                                  /opt/gcc-arm-none-eabi-7-2018-q2-update/bin/../lib/gcc/arm-none-eabi/7.3.1/../../../../arm-none-eabi/lib/thumb/v7-m/libc.a(lib_a-fflush.o)
                                                  /opt/gcc-arm-none-eabi-7-2018-q2-update/bin/../lib/gcc/arm-none-eabi/7.3.1/../../../../arm-none-eabi/lib/thumb/v7-m/libc.a(lib_a-fclose.o)
                                                  /opt/gcc-arm-none-eabi-7-2018-q2-update/bin/../lib/gcc/arm-none-eabi/7.3.1/../../../../arm-none-eabi/lib/thumb/v7-m/libc.a(lib_a-wsetup.o)
                                                  /opt/gcc-arm-none-eabi-7-2018-q2-update/bin/../lib/gcc/arm-none-eabi/7.3.1/../../../../arm-none-eabi/lib/thumb/v7-m/libc.a(lib_a-findfp.o)
                                                  /opt/gcc-arm-none-eabi-7-2018-q2-update/bin/../lib/gcc/arm-none-eabi/7.3.1/../../../../arm-none-eabi/lib/thumb/v7-m/libc.a(lib_a-puts.o)
_init                                             /opt/gcc-arm-none-eabi-7-2018-q2-update/bin/../lib/gcc/arm-none-eabi/7.3.1/thumb/v7-m/crti.o
                                                  /opt/gcc-arm-none-eabi-7-2018-q2-update/bin/../lib/gcc/arm-none-eabi/7.3.1/../../../../arm-none-eabi/lib/thumb/v7-m/libc.a(lib_a-init.o)
_isatty                                           /opt/gcc-arm-none-eabi-7-2018-q2-update/bin/../lib/gcc/arm-none-eabi/7.3.1/../../../../arm-none-eabi/lib/thumb/v7-m/libnosys.a(isatty.o)
                                                  /opt/gcc-arm-none-eabi-7-2018-q2-update/bin/../lib/gcc/arm-none-eabi/7.3.1/../../../../arm-none-eabi/lib/thumb/v7-m/libc.a(lib_a-isattyr.o)
_isatty_r                                         /opt/gcc-arm-none-eabi-7-2018-q2-update/bin/../lib/gcc/arm-none-eabi/7.3.1/../../../../arm-none-eabi/lib/thumb/v7-m/libc.a(lib_a-isattyr.o)
                                                  /opt/gcc-arm-none-eabi-7-2018-q2-update/bin/../lib/gcc/arm-none-eabi/7.3.1/../../../../arm-none-eabi/lib/thumb/v7-m/libc.a(lib_a-makebuf.o)
_lseek                                            /opt/gcc-arm-none-eabi-7-2018-q2-update/bin/../lib/gcc/arm-none-eabi/7.3.1/../../../../arm-none-eabi/lib/thumb/v7-m/libnosys.a(lseek.o)
                                                  /opt/gcc-arm-none-eabi-7-2018-q2-update/bin/../lib/gcc/arm-none-eabi/7.3.1/../../../../arm-none-eabi/lib/thumb/v7-m/libc.a(lib_a-lseekr.o)
_lseek_r                                          /opt/gcc-arm-none-eabi-7-2018-q2-update/bin/../lib/gcc/arm-none-eabi/7.3.1/../../../../arm-none-eabi/lib/thumb/v7-m/libc.a(lib_a-lseekr.o)
                                                  /opt/gcc-arm-none-eabi-7-2018-q2-update/bin/../lib/gcc/arm-none-eabi/7.3.1/../../../../arm-none-eabi/lib/thumb/v7-m/libc.a(lib_a-stdio.o)
_mainCRTStartup                                   /opt/gcc-arm-none-eabi-7-2018-q2-update/bin/../lib/gcc/arm-none-eabi/7.3.1/../../../../arm-none-eabi/lib/thumb/v7-m/crt0.o
_malloc_r                                         /opt/gcc-arm-none-eabi-7-2018-q2-update/bin/../lib/gcc/arm-none-eabi/7.3.1/../../../../arm-none-eabi/lib/thumb/v7-m/libc.a(lib_a-mallocr.o)
                                                  /opt/gcc-arm-none-eabi-7-2018-q2-update/bin/../lib/gcc/arm-none-eabi/7.3.1/../../../../arm-none-eabi/lib/thumb/v7-m/libc.a(lib_a-makebuf.o)