Archive member included because of file (symbol)

C:\code_red\ws_examples_to_committ\RDB1768_usbstack\Release\libRDB1768_usbstack.a(usbcontrol.o)
                              ./src/main_msc.o (USBRegisterRequestHandler)
C:\code_red\ws_examples_to_committ\RDB1768_usbstack\Release\libRDB1768_usbstack.a(usbhw_lpc.o)
                              ./src/main_msc.o (USBHwConnect)
C:\code_red\ws_examples_to_committ\RDB1768_usbstack\Release\libRDB1768_usbstack.a(usbinit.o)
                              ./src/main_msc.o (USBInit)
C:\code_red\ws_examples_to_committ\RDB1768_usbstack\Release\libRDB1768_usbstack.a(usbstdreq.o)
                              ./src/main_msc.o (USBRegisterDescriptors)
c:/code_red/red_suite/tools/bin/../lib/gcc/arm-none-eabi/4.3.2/../../../../arm-none-eabi/lib/thumb2\libc.a(lib_a-memcpy.o)
                              ./src/msc_scsi.o (memcpy)
c:/code_red/red_suite/tools/bin/../lib/gcc/arm-none-eabi/4.3.2/../../../../arm-none-eabi/lib/thumb2\libc.a(lib_a-printf.o)
                              ./src/blockdev_sd.o (printf)
c:/code_red/red_suite/tools/bin/../lib/gcc/arm-none-eabi/4.3.2/../../../../arm-none-eabi/lib/thumb2\libc.a(lib_a-vfprintf.o)
                              c:/code_red/red_suite/tools/bin/../lib/gcc/arm-none-eabi/4.3.2/../../../../arm-none-eabi/lib/thumb2\libc.a(lib_a-printf.o) (_vfprintf_r)
c:/code_red/red_suite/tools/bin/../lib/gcc/arm-none-eabi/4.3.2/../../../../arm-none-eabi/lib/thumb2\libc.a(lib_a-wsetup.o)
                              c:/code_red/red_suite/tools/bin/../lib/gcc/arm-none-eabi/4.3.2/../../../../arm-none-eabi/lib/thumb2\libc.a(lib_a-vfprintf.o) (__swsetup_r)
c:/code_red/red_suite/tools/bin/../lib/gcc/arm-none-eabi/4.3.2/../../../../arm-none-eabi/lib/thumb2\libc.a(lib_a-dtoa.o)
                              c:/code_red/red_suite/tools/bin/../lib/gcc/arm-none-eabi/4.3.2/../../../../arm-none-eabi/lib/thumb2\libc.a(lib_a-vfprintf.o) (_dtoa_r)
c:/code_red/red_suite/tools/bin/../lib/gcc/arm-none-eabi/4.3.2/../../../../arm-none-eabi/lib/thumb2\libc.a(lib_a-fflush.o)
                              c:/code_red/red_suite/tools/bin/../lib/gcc/arm-none-eabi/4.3.2/../../../../arm-none-eabi/lib/thumb2\libc.a(lib_a-vfprintf.o) (_fflush_r)
c:/code_red/red_suite/tools/bin/../lib/gcc/arm-none-eabi/4.3.2/../../../../arm-none-eabi/lib/thumb2\libc.a(lib_a-findfp.o)
                              c:/code_red/red_suite/tools/bin/../lib/gcc/arm-none-eabi/4.3.2/../../../../arm-none-eabi/lib/thumb2\libc.a(lib_a-printf.o) (__sinit)
c:/code_red/red_suite/tools/bin/../lib/gcc/arm-none-eabi/4.3.2/../../../../arm-none-eabi/lib/thumb2\libc.a(lib_a-freer.o)
                              c:/code_red/red_suite/tools/bin/../lib/gcc/arm-none-eabi/4.3.2/../../../../arm-none-eabi/lib/thumb2\libc.a(lib_a-wsetup.o) (_free_r)
c:/code_red/red_suite/tools/bin/../lib/gcc/arm-none-eabi/4.3.2/../../../../arm-none-eabi/lib/thumb2\libc.a(lib_a-fvwrite.o)
                              c:/code_red/red_suite/tools/bin/../lib/gcc/arm-none-eabi/4.3.2/../../../../arm-none-eabi/lib/thumb2\libc.a(lib_a-vfprintf.o) (__sfvwrite_r)
c:/code_red/red_suite/tools/bin/../lib/gcc/arm-none-eabi/4.3.2/../../../../arm-none-eabi/lib/thumb2\libc.a(lib_a-fwalk.o)
                              c:/code_red/red_suite/tools/bin/../lib/gcc/arm-none-eabi/4.3.2/../../../../arm-none-eabi/lib/thumb2\libc.a(lib_a-fflush.o) (_fwalk_reent)
c:/code_red/red_suite/tools/bin/../lib/gcc/arm-none-eabi/4.3.2/../../../../arm-none-eabi/lib/thumb2\libc.a(lib_a-impure.o)
                              c:/code_red/red_suite/tools/bin/../lib/gcc/arm-none-eabi/4.3.2/../../../../arm-none-eabi/lib/thumb2\libc.a(lib_a-printf.o) (_impure_ptr)
c:/code_red/red_suite/tools/bin/../lib/gcc/arm-none-eabi/4.3.2/../../../../arm-none-eabi/lib/thumb2\libc.a(lib_a-locale.o)
                              c:/code_red/red_suite/tools/bin/../lib/gcc/arm-none-eabi/4.3.2/../../../../arm-none-eabi/lib/thumb2\libc.a(lib_a-vfprintf.o) (_localeconv_r)
c:/code_red/red_suite/tools/bin/../lib/gcc/arm-none-eabi/4.3.2/../../../../arm-none-eabi/lib/thumb2\libc.a(lib_a-makebuf.o)
                              c:/code_red/red_suite/tools/bin/../lib/gcc/arm-none-eabi/4.3.2/../../../../arm-none-eabi/lib/thumb2\libc.a(lib_a-wsetup.o) (__smakebuf_r)
c:/code_red/red_suite/tools/bin/../lib/gcc/arm-none-eabi/4.3.2/../../../../arm-none-eabi/lib/thumb2\libc.a(lib_a-malloc.o)
                              c:/code_red/red_suite/tools/bin/../lib/gcc/arm-none-eabi/4.3.2/../../../../arm-none-eabi/lib/thumb2\libc.a(lib_a-dtoa.o) (malloc)
c:/code_red/red_suite/tools/bin/../lib/gcc/arm-none-eabi/4.3.2/../../../../arm-none-eabi/lib/thumb2\libc.a(lib_a-mallocr.o)
                              c:/code_red/red_suite/tools/bin/../lib/gcc/arm-none-eabi/4.3.2/../../../../arm-none-eabi/lib/thumb2\libc.a(lib_a-findfp.o) (_malloc_r)
c:/code_red/red_suite/tools/bin/../lib/gcc/arm-none-eabi/4.3.2/../../../../arm-none-eabi/lib/thumb2\libc.a(lib_a-memchr.o)
[...]
Memory Configuration

Name             Origin             Length             Attributes
MFlash512        0x00000000         0x00080000         xr
RamLoc32         0x10000000         0x00008000         xrw
RamAHB32         0x2007c000         0x00008000         xrw
*default*        0x00000000         0xffffffff

Linker script and memory map

LOAD ./src/blockdev_sd.o
LOAD ./src/cr_startup_lpc17.o
LOAD ./src/lpc2000_spi.o
LOAD ./src/main_msc.o
LOAD ./src/msc_bot.o
LOAD ./src/msc_scsi.o
LOAD ./src/target.o
LOAD C:\code_red\ws_examples_to_committ\RDB1768_usbstack\Release\libRDB1768_usbstack.a
START GROUP
LOAD c:/code_red/red_suite/tools/bin/../lib/gcc/arm-none-eabi/4.3.2/thumb2\libgcc.a
LOAD c:/code_red/red_suite/tools/bin/../lib/gcc/arm-none-eabi/4.3.2/../../../../arm-none-eabi/lib/thumb2\libc.a
LOAD c:/code_red/red_suite/tools/bin/../lib/gcc/arm-none-eabi/4.3.2/../../../../arm-none-eabi/lib/thumb2\libm.a
LOAD c:/code_red/red_suite/tools/bin/../lib/gcc/arm-none-eabi/4.3.2/../../../../arm-none-eabi/lib/thumb2\libcr_newlib_semihost.a
END GROUP
                0x00080000                __top_MFlash512 = 0x80000
                0x10008000                __top_RamLoc32 = 0x10008000
                0x20084000                __top_RamAHB32 = 0x20084000

.text           0x00000000     0x938c
 *(.isr_vector)
 .isr_vector    0x00000000       0xc4 ./src/cr_startup_lpc17.o
                0x00000000                g_pfnVectors
 *(.text*)
 .text.Resp8bError
                0x000000c4       0xc0 ./src/blockdev_sd.o
 .text.BlockDevGetSize
                0x00000184      0x24c ./src/blockdev_sd.o
                0x00000184                BlockDevGetSize
 .text.BlockDevWrite
                0x000003d0       0xb0 ./src/blockdev_sd.o
                0x000003d0                BlockDevWrite
 .text.BlockDevRead
                0x00000480      0x128 ./src/blockdev_sd.o
                0x00000480                BlockDevRead
 .text.BlockDevInit
                0x000005a8      0x308 ./src/blockdev_sd.o
                0x000005a8                BlockDevInit
 .text.NMI_Handler
                0x000008b0        0x4 ./src/cr_startup_lpc17.o
 .text.HardFault_Handler
                0x000008b4        0x4 ./src/cr_startup_lpc17.o
 .text.MemManage_Handler
                0x000008b8        0x4 ./src/cr_startup_lpc17.o
 .text.BusFault_Handler
                0x000008bc        0x4 ./src/cr_startup_lpc17.o
 .text.UsageFault_Handler
                0x000008c0        0x4 ./src/cr_startup_lpc17.o
 .text.SVCall_Handler
                0x000008c4        0x4 ./src/cr_startup_lpc17.o
 .text.DebugMon_Handler
                0x000008c8        0x4 ./src/cr_startup_lpc17.o
 .text.PendSV_Handler
                0x000008cc        0x4 ./src/cr_startup_lpc17.o
 .text.SysTick_Handler
                0x000008d0        0x4 ./src/cr_startup_lpc17.o
 .text.IntDefaultHandler
                0x000008d4        0x4 ./src/cr_startup_lpc17.o
                0x000008d4                TIMER2_IRQHandler
                0x000008d4                RIT_IRQHandler
                0x000008d4                I2C0_IRQHandler
                0x000008d4                PWM1_IRQHandler
                0x000008d4                I2C1_IRQHandler
                0x000008d4                EINT2_IRQHandler
                0x000008d4                UART1_IRQHandler
                0x000008d4                EINT3_IRQHandler
                0x000008d4                TIMER3_IRQHandler
                0x000008d4                UART0_IRQHandler
                0x000008d4                PLL0_IRQHandler
                0x000008d4                CAN_IRQHandler
                0x000008d4                PLL1_IRQHandler
                0x000008d4                SSP0_IRQHandler
                0x000008d4                I2S_IRQHandler
                0x000008d4                I2C2_IRQHandler
                0x000008d4                RTC_IRQHandler
                0x000008d4                TIMER0_IRQHandler
                0x000008d4                SPI_IRQHandler
                0x000008d4                EINT1_IRQHandler
                0x000008d4                TIMER1_IRQHandler
                0x000008d4                UART2_IRQHandler
                0x000008d4                ADC_IRQHandler
                0x000008d4                SSP1_IRQHandler
                0x000008d4                USB_IRQHandler
                0x000008d4                BOD_IRQHandler
                0x000008d4                WDT_IRQHandler
                0x000008d4                QEI_IRQHandler
                0x000008d4                EINT0_IRQHandler
                0x000008d4                DMA_IRQHandler
                0x000008d4                UART3_IRQHandler
                0x000008d4                MCPWM_IRQHandler
                0x000008d4                ENET_IRQHandler
 .text.Reset_Handler
                0x000008d8       0x70 ./src/cr_startup_lpc17.o
                0x000008d8                Reset_Handler
                0x000008d8                ResetISR
 .text.SPISetSpeed
                0x00000948       0x18 ./src/lpc2000_spi.o
                0x00000948                SPISetSpeed
 .text.SPISend  0x00000960       0x44 ./src/lpc2000_spi.o
                0x00000960                SPISend
 .text.SPISendN
                0x000009a4       0x54 ./src/lpc2000_spi.o
                0x000009a4                SPISendN
 .text.SPIRecvN
                0x000009f8       0x58 ./src/lpc2000_spi.o
                0x000009f8                SPIRecvN
 .text.SPIInit  0x00000a50       0xf4 ./src/lpc2000_spi.o
                0x00000a50                SPIInit
 .text.main     0x00000b44       0x7c ./src/main_msc.o
                0x00000b44                main
 .text.HandleClassRequest
                0x00000bc0       0x64 ./src/main_msc.o
 .text.BOTStall
                0x00000c24       0x2c ./src/msc_bot.o
 .text.SendCSW  0x00000c50       0x40 ./src/msc_bot.o
 .text.MSCBotReset
                0x00000c90       0x28 ./src/msc_bot.o
                0x00000c90                MSCBotReset
 .text.HandleDataIn
                0x00000cb8       0xc4 ./src/msc_bot.o
 .text.MSCBotBulkIn
                0x00000d7c       0x84 ./src/msc_bot.o
                0x00000d7c                MSCBotBulkIn
 .text.MSCBotBulkOut
                0x00000e00      0x284 ./src/msc_bot.o
                0x00000e00                MSCBotBulkOut
 .text.SCSIReset
                0x00001084       0x10 ./src/msc_scsi.o
                0x00001084                SCSIReset
 .text.SCSIHandleCmd
                0x00001094      0x20c ./src/msc_scsi.o
                0x00001094                SCSIHandleCmd
 .text.SCSIHandleData
                0x000012a0      0x19c ./src/msc_scsi.o
                0x000012a0                SCSIHandleData
 .text.TargetResetInit
                0x0000143c      0x2bc ./src/target.o
                0x0000143c                TargetResetInit
 .text.USBRegisterRequestHandler
                0x000016f8       0x78 C:\code_red\ws_examples_to_committ\RDB1768_usbstack\Release\libRDB1768_usbstack.a(usbcontrol.o)
                0x000016f8                USBRegisterRequestHandler
 .text._HandleRequest
                0x00001770       0x30 C:\code_red\ws_examples_to_committ\RDB1768_usbstack\Release\libRDB1768_usbstack.a(usbcontrol.o)
 .text.StallControlPipe
                0x000017a0       0x90 C:\code_red\ws_examples_to_committ\RDB1768_usbstack\Release\libRDB1768_usbstack.a(usbcontrol.o)
 .text.USBHandleControlTransfer
                0x00001830      0x188 C:\code_red\ws_examples_to_committ\RDB1768_usbstack\Release\libRDB1768_usbstack.a(usbcontrol.o)
                0x00001830                USBHandleControlTransfer
 .text.USBHwEPConfig
                0x000019b8       0xb0 C:\code_red\ws_examples_to_committ\RDB1768_usbstack\Release\libRDB1768_usbstack.a(usbhw_lpc.o)
                0x000019b8                USBHwEPConfig
 .text.USBHwSetAddress
                0x00001a68       0x6c C:\code_red\ws_examples_to_committ\RDB1768_usbstack\Release\libRDB1768_usbstack.a(usbhw_lpc.o)
                0x00001a68                USBHwSetAddress
 .text.USBHwConnect
                0x00001ad4       0x70 C:\code_red\ws_examples_to_committ\RDB1768_usbstack\Release\libRDB1768_usbstack.a(usbhw_lpc.o)
                0x00001ad4                USBHwConnect
 .text.USBHwNakIntEnable
                0x00001b44       0x68 C:\code_red\ws_examples_to_committ\RDB1768_usbstack\Release\libRDB1768_usbstack.a(usbhw_lpc.o)
                0x00001b44                USBHwNakIntEnable
 .text.USBHwEPGetStatus
                0x00001bac       0x7c C:\code_red\ws_examples_to_committ\RDB1768_usbstack\Release\libRDB1768_usbstack.a(usbhw_lpc.o)
                0x00001bac                USBHwEPGetStatus
 .text.USBHwEPStall
                0x00001c28       0x80 C:\code_red\ws_examples_to_committ\RDB1768_usbstack\Release\libRDB1768_usbstack.a(usbhw_lpc.o)
                0x00001c28                USBHwEPStall
 .text.USBHwEPWrite
                0x00001ca8       0xd0 C:\code_red\ws_examples_to_committ\RDB1768_usbstack\Release\libRDB1768_usbstack.a(usbhw_lpc.o)
                0x00001ca8                USBHwEPWrite
 .text.USBHwEPRead
                0x00001d78      0x100 C:\code_red\ws_examples_to_committ\RDB1768_usbstack\Release\libRDB1768_usbstack.a(usbhw_lpc.o)
                0x00001d78                USBHwEPRead
 .text.USBHwConfigDevice
                0x00001e78       0x70 C:\code_red\ws_examples_to_committ\RDB1768_usbstack\Release\libRDB1768_usbstack.a(usbhw_lpc.o)
                0x00001e78                USBHwConfigDevice
 .text.USBHwISR
                0x00001ee8      0x1b8 C:\code_red\ws_examples_to_committ\RDB1768_usbstack\Release\libRDB1768_usbstack.a(usbhw_lpc.o)
                0x00001ee8                USBHwISR
 .text.USBHwInit
                0x000020a0      0x124 C:\code_red\ws_examples_to_committ\RDB1768_usbstack\Release\libRDB1768_usbstack.a(usbhw_lpc.o)
                0x000020a0                USBHwInit
 .text.USBHwRegisterDevIntHandler
                0x000021c4       0x2c C:\code_red\ws_examples_to_committ\RDB1768_usbstack\Release\libRDB1768_usbstack.a(usbhw_lpc.o)
                0x000021c4                USBHwRegisterDevIntHandler
 .text.USBHwRegisterEPIntHandler
                0x000021f0       0x54 C:\code_red\ws_examples_to_committ\RDB1768_usbstack\Release\libRDB1768_usbstack.a(usbhw_lpc.o)
                0x000021f0                USBHwRegisterEPIntHandler
 .text.USBInit  0x00002244       0x54 C:\code_red\ws_examples_to_committ\RDB1768_usbstack\Release\libRDB1768_usbstack.a(usbinit.o)
                0x00002244                USBInit
 .text.HandleUsbReset
                0x00002298       0x18 C:\code_red\ws_examples_to_committ\RDB1768_usbstack\Release\libRDB1768_usbstack.a(usbinit.o)
 .text.USBRegisterDescriptors
                0x000022b0        0xc C:\code_red\ws_examples_to_committ\RDB1768_usbstack\Release\libRDB1768_usbstack.a(usbstdreq.o)
                0x000022b0                USBRegisterDescriptors
 .text.USBHandleStandardRequest
                0x000022bc      0x2bc C:\code_red\ws_examples_to_committ\RDB1768_usbstack\Release\libRDB1768_usbstack.a(usbstdreq.o)
                0x000022bc                USBHandleStandardRequest
 .text          0x00002578       0x98 c:/code_red/red_suite/tools/bin/../lib/gcc/arm-none-eabi/4.3.2/../../../../arm-none-eabi/lib/thumb2\libc.a(lib_a-memcpy.o)
                0x00002578                memcpy
 .text          0x00002610       0x60 c:/code_red/red_suite/tools/bin/../lib/gcc/arm-none-eabi/4.3.2/../../../../arm-none-eabi/lib/thumb2\libc.a(lib_a-printf.o)
                0x00002610                printf
                0x00002644                _printf_r
 .text          0x00002670     0x16fc c:/code_red/red_suite/tools/bin/../lib/gcc/arm-none-eabi/4.3.2/../../../../arm-none-eabi/lib/thumb2\libc.a(lib_a-vfprintf.o)
                0x0000268c                _vfprintf_r
                0x00003d50                vfprintf
 .text          0x00003d6c      0x104 c:/code_red/red_suite/tools/bin/../lib/gcc/arm-none-eabi/4.3.2/../../../../arm-none-eabi/lib/thumb2\libc.a(lib_a-wsetup.o)
                0x00003d6c                __swsetup_r
 .text          0x00003e70      0xfa8 c:/code_red/red_suite/tools/bin/../lib/gcc/arm-none-eabi/4.3.2/../../../../arm-none-eabi/lib/thumb2\libc.a(lib_a-dtoa.o)
                0x00003fb8                _dtoa_r
 .text          0x00004e18      0x15c c:/code_red/red_suite/tools/bin/../lib/gcc/arm-none-eabi/4.3.2/../../../../arm-none-eabi/lib/thumb2\libc.a(lib_a-fflush.o)
                0x00004f44                fflush
                0x00004e18                _fflush_r
 .text          0x00004f74      0x200 c:/code_red/red_suite/tools/bin/../lib/gcc/arm-none-eabi/4.3.2/../../../../arm-none-eabi/lib/thumb2\libc.a(lib_a-findfp.o)
                0x0000509c                __sinit
                0x00004ff0                __sfmoreglue
                0x00004fd4                _cleanup
                0x00004fc4                _cleanup_r
                0x00004fa8                __fp_lock_all
                0x00004f74                __sfp_lock_acquire
                0x00005020                __sfp
                0x00004f80                __sinit_lock_release
                0x00004f8c                __fp_unlock_all
                0x00004f78                __sfp_lock_release
                0x00004f7c                __sinit_lock_acquire
 .text          0x00005174      0x238 c:/code_red/red_suite/tools/bin/../lib/gcc/arm-none-eabi/4.3.2/../../../../arm-none-eabi/lib/thumb2\libc.a(lib_a-freer.o)
                0x00005220                _free_r
                0x00005174                _malloc_trim_r
 .text          0x000053ac      0x2e8 c:/code_red/red_suite/tools/bin/../lib/gcc/arm-none-eabi/4.3.2/../../../../arm-none-eabi/lib/thumb2\libc.a(lib_a-fvwrite.o)
                0x000053ac                __sfvwrite_r
 .text          0x00005694       0xb0 c:/code_red/red_suite/tools/bin/../lib/gcc/arm-none-eabi/4.3.2/../../../../arm-none-eabi/lib/thumb2\libc.a(lib_a-fwalk.o)
                0x000056ec                _fwalk
                0x00005694                _fwalk_reent
 .text          0x00005744       0x74 c:/code_red/red_suite/tools/bin/../lib/gcc/arm-none-eabi/4.3.2/../../../../arm-none-eabi/lib/thumb2\libc.a(lib_a-locale.o)
                0x00005760                _setlocale_r
                0x00005744                __locale_charset
                0x00005750                _localeconv_r
                0x000057a0                setlocale
                0x00005758                localeconv
 .text          0x000057b8       0xe0 c:/code_red/red_suite/tools/bin/../lib/gcc/arm-none-eabi/4.3.2/../../../../arm-none-eabi/lib/thumb2\libc.a(lib_a-makebuf.o)
                0x000057b8                __smakebuf_r
 .text          0x00005898       0x28 c:/code_red/red_suite/tools/bin/../lib/gcc/arm-none-eabi/4.3.2/../../../../arm-none-eabi/lib/thumb2\libc.a(lib_a-malloc.o)
                0x000058ac                malloc
                0x00005898                free
 .text          0x000058c0      0x538 c:/code_red/red_suite/tools/bin/../lib/gcc/arm-none-eabi/4.3.2/../../../../arm-none-eabi/lib/thumb2\libc.a(lib_a-mallocr.o)
                0x000058c0                _malloc_r
 .text          0x00005df8       0x80 c:/code_red/red_suite/tools/bin/../lib/gcc/arm-none-eabi/4.3.2/../../../../arm-none-eabi/lib/thumb2\libc.a(lib_a-memchr.o)
                0x00005df8                memchr
 .text          0x00005e78       0xc0 c:/code_red/red_suite/tools/bin/../lib/gcc/arm-none-eabi/4.3.2/../../../../arm-none-eabi/lib/thumb2\libc.a(lib_a-memmove.o)
                0x00005e78                memmove
 .text          0x00005f38       0x88 c:/code_red/red_suite/tools/bin/../lib/gcc/arm-none-eabi/4.3.2/../../../../arm-none-eabi/lib/thumb2\libc.a(lib_a-memset.o)
                0x00005f38                memset
 .text          0x00005fc0        0x8 c:/code_red/red_suite/tools/bin/../lib/gcc/arm-none-eabi/4.3.2/../../../../arm-none-eabi/lib/thumb2\libc.a(lib_a-mlock.o)
                0x00005fc4                __malloc_unlock
                0x00005fc0                __malloc_lock
 .text          0x00005fc8      0x944 c:/code_red/red_suite/tools/bin/../lib/gcc/arm-none-eabi/4.3.2/../../../../arm-none-eabi/lib/thumb2\libc.a(lib_a-mprec.o)
                0x000061f8                _mprec_log10
                0x00006284                __any_on
                0x0000631c                _Balloc
                0x000061a4                __ratio
                0x00006730                __i2b
                0x000060f8                __b2d
                0x00006878                __s2b
                0x00006070                __mcmp
                0x00005fc8                __hi0bits
                0x000067c4                __pow5mult
                0x00006540                __lshift
                0x000065f4                __multiply
                0x0000638c                __d2b
                0x00006234                __copybits
                0x000060b0                __ulp
                0x00006444                __mdiff
                0x00006008                __lo0bits
                0x00006744                __multadd
                0x000062ec                _Bfree
 .text          0x0000690c      0x388 c:/code_red/red_suite/tools/bin/../lib/gcc/arm-none-eabi/4.3.2/../../../../arm-none-eabi/lib/thumb2\libc.a(lib_a-reallocr.o)
                0x0000690c                _realloc_r
 .text          0x00006c94       0x24 c:/code_red/red_suite/tools/bin/../lib/gcc/arm-none-eabi/4.3.2/../../../../arm-none-eabi/lib/thumb2\libc.a(lib_a-s_isinfd.o)
                0x00006c94                __isinfd
 .text          0x00006cb8       0x20 c:/code_red/red_suite/tools/bin/../lib/gcc/arm-none-eabi/4.3.2/../../../../arm-none-eabi/lib/thumb2\libc.a(lib_a-s_isnand.o)
                0x00006cb8                __isnand
 .text          0x00006cd8       0x28 c:/code_red/red_suite/tools/bin/../lib/gcc/arm-none-eabi/4.3.2/../../../../arm-none-eabi/lib/thumb2\libc.a(lib_a-sbrkr.o)
                0x00006cd8                _sbrk_r
 .text          0x00006d00       0x94 c:/code_red/red_suite/tools/bin/../lib/gcc/arm-none-eabi/4.3.2/../../../../arm-none-eabi/lib/thumb2\libc.a(lib_a-stdio.o)
                0x00006d0c                __sseek
                0x00006d70                __sread
                0x00006d00                __sclose
                0x00006d34                __swrite
 .text          0x00006d94       0x50 c:/code_red/red_suite/tools/bin/../lib/gcc/arm-none-eabi/4.3.2/../../../../arm-none-eabi/lib/thumb2\libc.a(lib_a-strcmp.o)
                0x00006d94                strcmp
 .text          0x00006de4       0x34 c:/code_red/red_suite/tools/bin/../lib/gcc/arm-none-eabi/4.3.2/../../../../arm-none-eabi/lib/thumb2\libc.a(lib_a-strlen.o)
                0x00006de4                strlen
 .text          0x00006e18       0x2c c:/code_red/red_suite/tools/bin/../lib/gcc/arm-none-eabi/4.3.2/../../../../arm-none-eabi/lib/thumb2\libc.a(lib_a-writer.o)
                0x00006e18                _write_r
 .text          0x00006e44       0x5c c:/code_red/red_suite/tools/bin/../lib/gcc/arm-none-eabi/4.3.2/../../../../arm-none-eabi/lib/thumb2\libc.a(lib_a-callocr.o)
                0x00006e44                _calloc_r
 .text          0x00006ea0       0x28 c:/code_red/red_suite/tools/bin/../lib/gcc/arm-none-eabi/4.3.2/../../../../arm-none-eabi/lib/thumb2\libc.a(lib_a-closer.o)
                0x00006ea0                _close_r
 .text          0x00006ec8       0xcc c:/code_red/red_suite/tools/bin/../lib/gcc/arm-none-eabi/4.3.2/../../../../arm-none-eabi/lib/thumb2\libc.a(lib_a-fclose.o)
                0x00006ec8                _fclose_r
                0x00006f80                fclose
 .text          0x00006f94       0x2c c:/code_red/red_suite/tools/bin/../lib/gcc/arm-none-eabi/4.3.2/../../../../arm-none-eabi/lib/thumb2\libc.a(lib_a-fstatr.o)
                0x00006f94                _fstat_r
 .text          0x00006fc0       0x28 c:/code_red/red_suite/tools/bin/../lib/gcc/arm-none-eabi/4.3.2/../../../../arm-none-eabi/lib/thumb2\libc.a(lib_a-isattyr.o)
                0x00006fc0                _isatty_r
 .text          0x00006fe8       0x2c c:/code_red/red_suite/tools/bin/../lib/gcc/arm-none-eabi/4.3.2/../../../../arm-none-eabi/lib/thumb2\libc.a(lib_a-lseekr.o)
                0x00006fe8                _lseek_r
 .text          0x00007014       0x2c c:/code_red/red_suite/tools/bin/../lib/gcc/arm-none-eabi/4.3.2/../../../../arm-none-eabi/lib/thumb2\libc.a(lib_a-readr.o)
                0x00007014                _read_r
 .text.initialise_monitor_handles
                0x00007040       0xbc c:/code_red/red_suite/tools/bin/../lib/gcc/arm-none-eabi/4.3.2/../../../../arm-none-eabi/lib/thumb2\libcr_newlib_semihost.a(syscalls.o)
 .text._sbrk    0x000070fc       0x7c c:/code_red/red_suite/tools/bin/../lib/gcc/arm-none-eabi/4.3.2/../../../../arm-none-eabi/lib/thumb2\libcr_newlib_semihost.a(syscalls.o)
                0x000070fc                _sbrk
 .text._swilseek
                0x00007178       0xdc c:/code_red/red_suite/tools/bin/../lib/gcc/arm-none-eabi/4.3.2/../../../../arm-none-eabi/lib/thumb2\libcr_newlib_semihost.a(syscalls.o)
                0x00007178                _swilseek
 .text._lseek   0x00007254        0x8 c:/code_red/red_suite/tools/bin/../lib/gcc/arm-none-eabi/4.3.2/../../../../arm-none-eabi/lib/thumb2\libcr_newlib_semihost.a(syscalls.o)
                0x00007254                _lseek
 .text._isatty  0x0000725c       0x60 c:/code_red/red_suite/tools/bin/../lib/gcc/arm-none-eabi/4.3.2/../../../../arm-none-eabi/lib/thumb2\libcr_newlib_semihost.a(syscalls.o)
                0x0000725c                _isatty
 .text._close   0x000072bc       0x9c c:/code_red/red_suite/tools/bin/../lib/gcc/arm-none-eabi/4.3.2/../../../../arm-none-eabi/lib/thumb2\libcr_newlib_semihost.a(syscalls.o)
                0x000072bc                _close
 .text._read    0x00007358       0x84 c:/code_red/red_suite/tools/bin/../lib/gcc/arm-none-eabi/4.3.2/../../../../arm-none-eabi/lib/thumb2\libcr_newlib_semihost.a(syscalls.o)
                0x00007358                _read
 .text._write   0x000073dc       0xa8 c:/code_red/red_suite/tools/bin/../lib/gcc/arm-none-eabi/4.3.2/../../../../arm-none-eabi/lib/thumb2\libcr_newlib_semihost.a(syscalls.o)
                0x000073dc                _write
 .text._fstat   0x00007484       0x80 c:/code_red/red_suite/tools/bin/../lib/gcc/arm-none-eabi/4.3.2/../../../../arm-none-eabi/lib/thumb2\libcr_newlib_semihost.a(syscalls.o)
                0x00007484                _fstat
 .text          0x00007504       0x8c c:/code_red/red_suite/tools/bin/../lib/gcc/arm-none-eabi/4.3.2/thumb2\libgcc.a(_udivsi3.o)
                0x00007504                __udivsi3
                0x00007504                __aeabi_uidiv
                0x0000757c                __aeabi_uidivmod
 .text          0x00007590        0x4 c:/code_red/red_suite/tools/bin/../lib/gcc/arm-none-eabi/4.3.2/thumb2\libgcc.a(_dvmd_tls.o)
                0x00007590                __aeabi_ldiv0
                0x00007590                __aeabi_idiv0
 .text          0x00007594      0x370 c:/code_red/red_suite/tools/bin/../lib/gcc/arm-none-eabi/4.3.2/thumb2\libgcc.a(_arm_addsubdf3.o)
                0x000078a8                __floatdidf
                0x00007838                __floatsidf
                0x00007818                __aeabi_ui2d
                0x00007594                __aeabi_drsub
                0x0000785c                __extendsfdf2
                0x000075a0                __adddf3
                0x00007818                __floatunsidf
                0x000075a0                __aeabi_dadd
                0x00007898                __aeabi_ul2d
                0x0000759c                __aeabi_dsub
                0x00007898                __floatundidf
                0x00007838                __aeabi_i2d
                0x000078a8                __aeabi_l2d
                0x0000785c                __aeabi_f2d
                0x0000759c                __subdf3
 .text          0x00007904      0x424 c:/code_red/red_suite/tools/bin/../lib/gcc/arm-none-eabi/4.3.2/thumb2\libgcc.a(_arm_muldivdf3.o)
                0x00007b58                __aeabi_ddiv
                0x00007904                __aeabi_dmul
                0x00007b58                __divdf3
                0x00007904                __muldf3
 .text          0x00007d28      0x10c c:/code_red/red_suite/tools/bin/../lib/gcc/arm-none-eabi/4.3.2/thumb2\libgcc.a(_arm_cmpdf2.o)
                0x00007df8                __aeabi_dcmple
                0x00007d38                __cmpdf2
                0x00007d38                __eqdf2
                0x00007d28                __gtdf2
                0x00007dc0                __aeabi_cdcmple
                0x00007db0                __aeabi_cdrcmple
                0x00007d30                __ltdf2
                0x00007de4                __aeabi_dcmplt
                0x00007d30                __ledf2
                0x00007e20                __aeabi_dcmpgt
                0x00007e0c                __aeabi_dcmpge
                0x00007d38                __nedf2
                0x00007dd0                __aeabi_dcmpeq
                0x00007dc0                __aeabi_cdcmpeq
                0x00007d28                __gedf2
 .text          0x00007e34       0x50 c:/code_red/red_suite/tools/bin/../lib/gcc/arm-none-eabi/4.3.2/thumb2\libgcc.a(_arm_fixdfsi.o)
                0x00007e34                __fixdfsi
                0x00007e34                __aeabi_d2iz
 .text          0x00007e84       0x2c c:/code_red/red_suite/tools/bin/../lib/gcc/arm-none-eabi/4.3.2/thumb2\libgcc.a(_aeabi_uldivmod.o)
                0x00007e84                __aeabi_uldivmod
 .text          0x00007eb0       0x60 c:/code_red/red_suite/tools/bin/../lib/gcc/arm-none-eabi/4.3.2/thumb2\libgcc.a(bpabi.o)
                0x00007eb0                __gnu_uldivmod_helper
                0x00007ee0                __gnu_ldivmod_helper
 .text          0x00007f10      0x424 c:/code_red/red_suite/tools/bin/../lib/gcc/arm-none-eabi/4.3.2/thumb2\libgcc.a(_divdi3.o)
                0x00007f10                __divdi3
 .text          0x00008334      0x3e4 c:/code_red/red_suite/tools/bin/../lib/gcc/arm-none-eabi/4.3.2/thumb2\libgcc.a(_udivdi3.o)
                0x00008334                __udivdi3
 .text          0x00008718        0xc c:/code_red/red_suite/tools/bin/../lib/gcc/arm-none-eabi/4.3.2/../../../../arm-none-eabi/lib/thumb2\libc.a(lib_a-errno.o)
                0x00008718                __errno
 *(.rodata*)
 .rodata.str1.4
                0x00008724      0x2b8 ./src/blockdev_sd.o
                                0x2bc (size before relaxing)
 .rodata.str1.4
                0x000089dc       0x14 ./src/lpc2000_spi.o
 .rodata        0x000089f0       0x74 ./src/main_msc.o
 .rodata.str1.4
                0x00008a64       0x65 ./src/main_msc.o
                                 0x68 (size before relaxing)
 *fill*         0x00008ac9        0x3 00
 .rodata        0x00008acc       0x20 ./src/msc_bot.o
 .rodata.str1.4
                0x00008aec      0x18a ./src/msc_bot.o
                                0x18c (size before relaxing)
 *fill*         0x00008c76        0x2 00
 .rodata        0x00008c78       0x40 ./src/msc_scsi.o
 .rodata.str1.4
                0x00008cb8      0x126 ./src/msc_scsi.o
                                0x12c (size before relaxing)
 *fill*         0x00008dde        0x2 00
 .rodata        0x00008de0       0x38 C:\code_red\ws_examples_to_committ\RDB1768_usbstack\Release\libRDB1768_usbstack.a(usbcontrol.o)
 .rodata.str1.4
                0x00008e18       0x96 C:\code_red\ws_examples_to_committ\RDB1768_usbstack\Release\libRDB1768_usbstack.a(usbcontrol.o)
                                 0xd4 (size before relaxing)
 *fill*         0x00008eae        0x2 00
 .rodata.str1.4
                0x00008eb0       0x84 C:\code_red\ws_examples_to_committ\RDB1768_usbstack\Release\libRDB1768_usbstack.a(usbhw_lpc.o)
                                 0xac (size before relaxing)
 .rodata.str1.4
                0x00008f34        0x3 C:\code_red\ws_examples_to_committ\RDB1768_usbstack\Release\libRDB1768_usbstack.a(usbinit.o)
                                  0x4 (size before relaxing)
 *fill*         0x00008f37        0x1 00
 .rodata        0x00008f38       0x28 C:\code_red\ws_examples_to_committ\RDB1768_usbstack\Release\libRDB1768_usbstack.a(usbstdreq.o)
 .rodata.str1.4
                0x00008f60       0xc3 C:\code_red\ws_examples_to_committ\RDB1768_usbstack\Release\libRDB1768_usbstack.a(usbstdreq.o)
                                 0xec (size before relaxing)
 .rodata        0x00009023       0x20 c:/code_red/red_suite/tools/bin/../lib/gcc/arm-none-eabi/4.3.2/../../../../arm-none-eabi/lib/thumb2\libc.a(lib_a-vfprintf.o)
 *fill*         0x00009043        0x1 00
 .rodata.str1.4
                0x00009044       0x5e c:/code_red/red_suite/tools/bin/../lib/gcc/arm-none-eabi/4.3.2/../../../../arm-none-eabi/lib/thumb2\libc.a(lib_a-vfprintf.o)
                                 0x60 (size before relaxing)
 *fill*         0x000090a2        0x2 00
 .rodata.str1.4
                0x000090a4       0x10 c:/code_red/red_suite/tools/bin/../lib/gcc/arm-none-eabi/4.3.2/../../../../arm-none-eabi/lib/thumb2\libc.a(lib_a-dtoa.o)
                                 0x14 (size before relaxing)
 .rodata        0x000090b4       0x60 c:/code_red/red_suite/tools/bin/../lib/gcc/arm-none-eabi/4.3.2/../../../../arm-none-eabi/lib/thumb2\libc.a(lib_a-findfp.o)
                0x000090f4                __sf_fake_stderr
                0x000090b4                __sf_fake_stdin
                0x000090d4                __sf_fake_stdout
 .rodata        0x00009114        0x4 c:/code_red/red_suite/tools/bin/../lib/gcc/arm-none-eabi/4.3.2/../../../../arm-none-eabi/lib/thumb2\libc.a(lib_a-impure.o)
                0x00009114                _global_impure_ptr
 .rodata.str1.4
                0x00009118        0x2 c:/code_red/red_suite/tools/bin/../lib/gcc/arm-none-eabi/4.3.2/../../../../arm-none-eabi/lib/thumb2\libc.a(lib_a-impure.o)
                                  0x4 (size before relaxing)
 *fill*         0x0000911a        0x2 00
 .rodata        0x0000911c       0x34 c:/code_red/red_suite/tools/bin/../lib/gcc/arm-none-eabi/4.3.2/../../../../arm-none-eabi/lib/thumb2\libc.a(lib_a-locale.o)
 .rodata.str1.4
                0x00009150        0xf c:/code_red/red_suite/tools/bin/../lib/gcc/arm-none-eabi/4.3.2/../../../../arm-none-eabi/lib/thumb2\libc.a(lib_a-locale.o)
                                 0x18 (size before relaxing)
 *fill*         0x0000915f        0x1 00
 .rodata        0x00009160      0x128 c:/code_red/red_suite/tools/bin/../lib/gcc/arm-none-eabi/4.3.2/../../../../arm-none-eabi/lib/thumb2\libc.a(lib_a-mprec.o)
                0x00009260                __mprec_tinytens
                0x00009160                __mprec_tens
                0x00009238                __mprec_bigtens
 .rodata.str1.4
                0x00009288        0x4 c:/code_red/red_suite/tools/bin/../lib/gcc/arm-none-eabi/4.3.2/../../../../arm-none-eabi/lib/thumb2\libcr_newlib_semihost.a(syscalls.o)
 .rodata        0x0000928c      0x100 c:/code_red/red_suite/tools/bin/../lib/gcc/arm-none-eabi/4.3.2/thumb2\libgcc.a(_clz.o)
                0x0000928c                __clz_tab

.glue_7         0x0000938c        0x0
 .glue_7        0x0000938c        0x0 ./src/blockdev_sd.o
 .glue_7        0x0000938c        0x0 ./src/cr_startup_lpc17.o
 .glue_7        0x0000938c        0x0 ./src/lpc2000_spi.o
 .glue_7        0x0000938c        0x0 ./src/main_msc.o
 .glue_7        0x0000938c        0x0 ./src/msc_bot.o
 .glue_7        0x0000938c        0x0 ./src/msc_scsi.o
 .glue_7        0x0000938c        0x0 ./src/target.o
 .glue_7        0x0000938c        0x0 C:\code_red\ws_examples_to_committ\RDB1768_usbstack\Release\libRDB1768_usbstack.a(usbcontrol.o)
 .glue_7        0x0000938c        0x0 C:\code_red\ws_examples_to_committ\RDB1768_usbstack\Release\libRDB1768_usbstack.a(usbhw_lpc.o)
 .glue_7        0x0000938c        0x0 C:\code_red\ws_examples_to_committ\RDB1768_usbstack\Release\libRDB1768_usbstack.a(usbinit.o)
 .glue_7        0x0000938c        0x0 C:\code_red\ws_examples_to_committ\RDB1768_usbstack\Release\libRDB1768_usbstack.a(usbstdreq.o)
 .glue_7        0x0000938c        0x0 c:/code_red/red_suite/tools/bin/../lib/gcc/arm-none-eabi/4.3.2/../../../../arm-none-eabi/lib/thumb2\libc.a(lib_a-memcpy.o)
 .glue_7        0x0000938c        0x0 c:/code_red/red_suite/tools/bin/../lib/gcc/arm-none-eabi/4.3.2/../../../../arm-none-eabi/lib/thumb2\libc.a(lib_a-printf.o)
 .glue_7        0x0000938c        0x0 c:/code_red/red_suite/tools/bin/../lib/gcc/arm-none-eabi/4.3.2/../../../../arm-none-eabi/lib/thumb2\libc.a(lib_a-vfprintf.o)
 .glue_7        0x0000938c        0x0 c:/code_red/red_suite/tools/bin/../lib/gcc/arm-none-eabi/4.3.2/../../../../arm-none-eabi/lib/thumb2\libc.a(lib_a-wsetup.o)
 .glue_7        0x0000938c        0x0 c:/code_red/red_suite/tools/bin/../lib/gcc/arm-none-eabi/4.3.2/../../../../arm-none-eabi/lib/thumb2\libc.a(lib_a-dtoa.o)
 .glue_7        0x0000938c        0x0 c:/code_red/red_suite/tools/bin/../lib/gcc/arm-none-eabi/4.3.2/../../../../arm-none-eabi/lib/thumb2\libc.a(lib_a-fflush.o)
 .glue_7        0x0000938c        0x0 c:/code_red/red_suite/tools/bin/../lib/gcc/arm-none-eabi/4.3.2/../../../../arm-none-eabi/lib/thumb2\libc.a(lib_a-findfp.o)
 .glue_7        0x0000938c        0x0 c:/code_red/red_suite/tools/bin/../lib/gcc/arm-none-eabi/4.3.2/../../../../arm-none-eabi/lib/thumb2\libc.a(lib_a-freer.o)
 .glue_7        0x0000938c        0x0 c:/code_red/red_suite/tools/bin/../lib/gcc/arm-none-eabi/4.3.2/../../../../arm-none-eabi/lib/thumb2\libc.a(lib_a-fvwrite.o)
 .glue_7        0x0000938c        0x0 c:/code_red/red_suite/tools/bin/../lib/gcc/arm-none-eabi/4.3.2/../../../../arm-none-eabi/lib/thumb2\libc.a(lib_a-fwalk.o)
 .glue_7        0x0000938c        0x0 c:/code_red/red_suite/tools/bin/../lib/gcc/arm-none-eabi/4.3.2/../../../../arm-none-eabi/lib/thumb2\libc.a(lib_a-impure.o)
 .glue_7        0x0000938c        0x0 c:/code_red/red_suite/tools/bin/../lib/gcc/arm-none-eabi/4.3.2/../../../../arm-none-eabi/lib/thumb2\libc.a(lib_a-locale.o)
 .glue_7        0x0000938c        0x0 c:/code_red/red_suite/tools/bin/../lib/gcc/arm-none-eabi/4.3.2/../../../../arm-none-eabi/lib/thumb2\libc.a(lib_a-makebuf.o)
 .glue_7        0x0000938c        0x0 c:/code_red/red_suite/tools/bin/../lib/gcc/arm-none-eabi/4.3.2/../../../../arm-none-eabi/lib/thumb2\libc.a(lib_a-malloc.o)
 .glue_7        0x0000938c        0x0 c:/code_red/red_suite/tools/bin/../lib/gcc/arm-none-eabi/4.3.2/../../../../arm-none-eabi/lib/thumb2\libc.a(lib_a-mallocr.o)
 .glue_7        0x0000938c        0x0 c:/code_red/red_suite/tools/bin/../lib/gcc/arm-none-eabi/4.3.2/../../../../arm-none-eabi/lib/thumb2\libc.a(lib_a-memchr.o)
 .glue_7        0x0000938c        0x0 c:/code_red/red_suite/tools/bin/../lib/gcc/arm-none-eabi/4.3.2/../../../../arm-none-eabi/lib/thumb2\libc.a(lib_a-memmove.o)
 .glue_7        0x0000938c        0x0 c:/code_red/red_suite/tools/bin/../lib/gcc/arm-none-eabi/4.3.2/../../../../arm-none-eabi/lib/thumb2\libc.a(lib_a-memset.o)
 .glue_7        0x0000938c        0x0 c:/code_red/red_suite/tools/bin/../lib/gcc/arm-none-eabi/4.3.2/../../../../arm-none-eabi/lib/thumb2\libc.a(lib_a-mlock.o)
 .glue_7        0x0000938c        0x0 c:/code_red/red_suite/tools/bin/../lib/gcc/arm-none-eabi/4.3.2/../../../../arm-none-eabi/lib/thumb2\libc.a(lib_a-mprec.o)
 .glue_7        0x0000938c        0x0 c:/code_red/red_suite/tools/bin/../lib/gcc/arm-none-eabi/4.3.2/../../../../arm-none-eabi/lib/thumb2\libc.a(lib_a-reallocr.o)
 .glue_7        0x0000938c        0x0 c:/code_red/red_suite/tools/bin/../lib/gcc/arm-none-eabi/4.3.2/../../../../arm-none-eabi/lib/thumb2\libc.a(lib_a-s_isinfd.o)
 .glue_7        0x0000938c        0x0 c:/code_red/red_suite/tools/bin/../lib/gcc/arm-none-eabi/4.3.2/../../../../arm-none-eabi/lib/thumb2\libc.a(lib_a-s_isnand.o)
 .glue_7        0x0000938c        0x0 c:/code_red/red_suite/tools/bin/../lib/gcc/arm-none-eabi/4.3.2/../../../../arm-none-eabi/lib/thumb2\libc.a(lib_a-sbrkr.o)
 .glue_7        0x0000938c        0x0 c:/code_red/red_suite/tools/bin/../lib/gcc/arm-none-eabi/4.3.2/../../../../arm-none-eabi/lib/thumb2\libc.a(lib_a-stdio.o)
 .glue_7        0x0000938c        0x0 c:/code_red/red_suite/tools/bin/../lib/gcc/arm-none-eabi/4.3.2/../../../../arm-none-eabi/lib/thumb2\libc.a(lib_a-strcmp.o)
 .glue_7        0x0000938c        0x0 c:/code_red/red_suite/tools/bin/../lib/gcc/arm-none-eabi/4.3.2/../../../../arm-none-eabi/lib/thumb2\libc.a(lib_a-strlen.o)
 .glue_7        0x0000938c        0x0 c:/code_red/red_suite/tools/bin/../lib/gcc/arm-none-eabi/4.3.2/../../../../arm-none-eabi/lib/thumb2\libc.a(lib_a-writer.o)
 .glue_7        0x0000938c        0x0 c:/code_red/red_suite/tools/bin/../lib/gcc/arm-none-eabi/4.3.2/../../../../arm-none-eabi/lib/thumb2\libc.a(lib_a-callocr.o)
 .glue_7        0x0000938c        0x0 c:/code_red/red_suite/tools/bin/../lib/gcc/arm-none-eabi/4.3.2/../../../../arm-none-eabi/lib/thumb2\libc.a(lib_a-closer.o)
 .glue_7        0x0000938c        0x0 c:/code_red/red_suite/tools/bin/../lib/gcc/arm-none-eabi/4.3.2/../../../../arm-none-eabi/lib/thumb2\libc.a(lib_a-fclose.o)
 .glue_7        0x0000938c        0x0 c:/code_red/red_suite/tools/bin/../lib/gcc/arm-none-eabi/4.3.2/../../../../arm-none-eabi/lib/thumb2\libc.a(lib_a-fstatr.o)
 .glue_7        0x0000938c        0x0 c:/code_red/red_suite/tools/bin/../lib/gcc/arm-none-eabi/4.3.2/../../../../arm-none-eabi/lib/thumb2\libc.a(lib_a-isattyr.o)
 .glue_7        0x0000938c        0x0 c:/code_red/red_suite/tools/bin/../lib/gcc/arm-none-eabi/4.3.2/../../../../arm-none-eabi/lib/thumb2\libc.a(lib_a-lseekr.o)
 .glue_7        0x0000938c        0x0 c:/code_red/red_suite/tools/bin/../lib/gcc/arm-none-eabi/4.3.2/../../../../arm-none-eabi/lib/thumb2\libc.a(lib_a-readr.o)
 .glue_7        0x0000938c        0x0 c:/code_red/red_suite/tools/bin/../lib/gcc/arm-none-eabi/4.3.2/../../../../arm-none-eabi/lib/thumb2\libc.a(lib_a-reent.o)
 .glue_7        0x0000938c        0x0 c:/code_red/red_suite/tools/bin/../lib/gcc/arm-none-eabi/4.3.2/../../../../arm-none-eabi/lib/thumb2\libcr_newlib_semihost.a(syscalls.o)
 .glue_7        0x0000938c        0x0 c:/code_red/red_suite/tools/bin/../lib/gcc/arm-none-eabi/4.3.2/thumb2\libgcc.a(_udivsi3.o)
 .glue_7        0x0000938c        0x0 c:/code_red/red_suite/tools/bin/../lib/gcc/arm-none-eabi/4.3.2/thumb2\libgcc.a(_dvmd_tls.o)
 .glue_7        0x0000938c        0x0 c:/code_red/red_suite/tools/bin/../lib/gcc/arm-none-eabi/4.3.2/thumb2\libgcc.a(_arm_addsubdf3.o)
 .glue_7        0x0000938c        0x0 c:/code_red/red_suite/tools/bin/../lib/gcc/arm-none-eabi/4.3.2/thumb2\libgcc.a(_arm_muldivdf3.o)
 .glue_7        0x0000938c        0x0 c:/code_red/red_suite/tools/bin/../lib/gcc/arm-none-eabi/4.3.2/thumb2\libgcc.a(_arm_cmpdf2.o)
 .glue_7        0x0000938c        0x0 c:/code_red/red_suite/tools/bin/../lib/gcc/arm-none-eabi/4.3.2/thumb2\libgcc.a(_arm_fixdfsi.o)
 .glue_7        0x0000938c        0x0 c:/code_red/red_suite/tools/bin/../lib/gcc/arm-none-eabi/4.3.2/thumb2\libgcc.a(_aeabi_uldivmod.o)
 .glue_7        0x0000938c        0x0 c:/code_red/red_suite/tools/bin/../lib/gcc/arm-none-eabi/4.3.2/thumb2\libgcc.a(bpabi.o)
 .glue_7        0x0000938c        0x0 c:/code_red/red_suite/tools/bin/../lib/gcc/arm-none-eabi/4.3.2/thumb2\libgcc.a(_divdi3.o)
 .glue_7        0x0000938c        0x0 c:/code_red/red_suite/tools/bin/../lib/gcc/arm-none-eabi/4.3.2/thumb2\libgcc.a(_udivdi3.o)
 .glue_7        0x0000938c        0x0 c:/code_red/red_suite/tools/bin/../lib/gcc/arm-none-eabi/4.3.2/thumb2\libgcc.a(_clz.o)
 .glue_7        0x0000938c        0x0 c:/code_red/red_suite/tools/bin/../lib/gcc/arm-none-eabi/4.3.2/../../../../arm-none-eabi/lib/thumb2\libc.a(lib_a-errno.o)

.glue_7t        0x0000938c        0x0
 .glue_7t       0x0000938c        0x0 ./src/blockdev_sd.o
 .glue_7t       0x0000938c        0x0 ./src/cr_startup_lpc17.o
 .glue_7t       0x0000938c        0x0 ./src/lpc2000_spi.o
 .glue_7t       0x0000938c        0x0 ./src/main_msc.o
 .glue_7t       0x0000938c        0x0 ./src/msc_bot.o
 .glue_7t       0x0000938c        0x0 ./src/msc_scsi.o
 .glue_7t       0x0000938c        0x0 ./src/target.o
 .glue_7t       0x0000938c        0x0 C:\code_red\ws_examples_to_committ\RDB1768_usbstack\Release\libRDB1768_usbstack.a(usbcontrol.o)
 .glue_7t       0x0000938c        0x0 C:\code_red\ws_examples_to_committ\RDB1768_usbstack\Release\libRDB1768_usbstack.a(usbhw_lpc.o)
 .glue_7t       0x0000938c        0x0 C:\code_red\ws_examples_to_committ\RDB1768_usbstack\Release\libRDB1768_usbstack.a(usbinit.o)
 .glue_7t       0x0000938c        0x0 C:\code_red\ws_examples_to_committ\RDB1768_usbstack\Release\libRDB1768_usbstack.a(usbstdreq.o)
 .glue_7t       0x0000938c        0x0 c:/code_red/red_suite/tools/bin/../lib/gcc/arm-none-eabi/4.3.2/../../../../arm-none-eabi/lib/thumb2\libc.a(lib_a-memcpy.o)
 .glue_7t       0x0000938c        0x0 c:/code_red/red_suite/tools/bin/../lib/gcc/arm-none-eabi/4.3.2/../../../../arm-none-eabi/lib/thumb2\libc.a(lib_a-printf.o)
 .glue_7t       0x0000938c        0x0 c:/code_red/red_suite/tools/bin/../lib/gcc/arm-none-eabi/4.3.2/../../../../arm-none-eabi/lib/thumb2\libc.a(lib_a-vfprintf.o)
 .glue_7t       0x0000938c        0x0 c:/code_red/red_suite/tools/bin/../lib/gcc/arm-none-eabi/4.3.2/../../../../arm-none-eabi/lib/thumb2\libc.a(lib_a-wsetup.o)
 .glue_7t       0x0000938c        0x0 c:/code_red/red_suite/tools/bin/../lib/gcc/arm-none-eabi/4.3.2/../../../../arm-none-eabi/lib/thumb2\libc.a(lib_a-dtoa.o)
 .glue_7t       0x0000938c        0x0 c:/code_red/red_suite/tools/bin/../lib/gcc/arm-none-eabi/4.3.2/../../../../arm-none-eabi/lib/thumb2\libc.a(lib_a-fflush.o)
 .glue_7t       0x0000938c        0x0 c:/code_red/red_suite/tools/bin/../lib/gcc/arm-none-eabi/4.3.2/../../../../arm-none-eabi/lib/thumb2\libc.a(lib_a-findfp.o)
 .glue_7t       0x0000938c        0x0 c:/code_red/red_suite/tools/bin/../lib/gcc/arm-none-eabi/4.3.2/../../../../arm-none-eabi/lib/thumb2\libc.a(lib_a-freer.o)
 .glue_7t       0x0000938c        0x0 c:/code_red/red_suite/tools/bin/../lib/gcc/arm-none-eabi/4.3.2/../../../../arm-none-eabi/lib/thumb2\libc.a(lib_a-fvwrite.o)
 .glue_7t       0x0000938c        0x0 c:/code_red/red_suite/tools/bin/../lib/gcc/arm-none-eabi/4.3.2/../../../../arm-none-eabi/lib/thumb2\libc.a(lib_a-fwalk.o)
 .glue_7t       0x0000938c        0x0 c:/code_red/red_suite/tools/bin/../lib/gcc/arm-none-eabi/4.3.2/../../../../arm-none-eabi/lib/thumb2\libc.a(lib_a-impure.o)
 .glue_7t       0x0000938c        0x0 c:/code_red/red_suite/tools/bin/../lib/gcc/arm-none-eabi/4.3.2/../../../../arm-none-eabi/lib/thumb2\libc.a(lib_a-locale.o)
 .glue_7t       0x0000938c        0x0 c:/code_red/red_suite/tools/bin/../lib/gcc/arm-none-eabi/4.3.2/../../../../arm-none-eabi/lib/thumb2\libc.a(lib_a-makebuf.o)
 .glue_7t       0x0000938c        0x0 c:/code_red/red_suite/tools/bin/../lib/gcc/arm-none-eabi/4.3.2/../../../../arm-none-eabi/lib/thumb2\libc.a(lib_a-malloc.o)
 .glue_7t       0x0000938c        0x0 c:/code_red/red_suite/tools/bin/../lib/gcc/arm-none-eabi/4.3.2/../../../../arm-none-eabi/lib/thumb2\libc.a(lib_a-mallocr.o)
 .glue_7t       0x0000938c        0x0 c:/code_red/red_suite/tools/bin/../lib/gcc/arm-none-eabi/4.3.2/../../../../arm-none-eabi/lib/thumb2\libc.a(lib_a-memchr.o)
 .glue_7t       0x0000938c        0x0 c:/code_red/red_suite/tools/bin/../lib/gcc/arm-none-eabi/4.3.2/../../../../arm-none-eabi/lib/thumb2\libc.a(lib_a-memmove.o)
 .glue_7t       0x0000938c        0x0 c:/code_red/red_suite/tools/bin/../lib/gcc/arm-none-eabi/4.3.2/../../../../arm-none-eabi/lib/thumb2\libc.a(lib_a-memset.o)
 .glue_7t       0x0000938c        0x0 c:/code_red/red_suite/tools/bin/../lib/gcc/arm-none-eabi/4.3.2/../../../../arm-none-eabi/lib/thumb2\libc.a(lib_a-mlock.o)
 .glue_7t       0x0000938c        0x0 c:/code_red/red_suite/tools/bin/../lib/gcc/arm-none-eabi/4.3.2/../../../../arm-none-eabi/lib/thumb2\libc.a(lib_a-mprec.o)
 .glue_7t       0x0000938c        0x0 c:/code_red/red_suite/tools/bin/../lib/gcc/arm-none-eabi/4.3.2/../../../../arm-none-eabi/lib/thumb2\libc.a(lib_a-reallocr.o)
 .glue_7t       0x0000938c        0x0 c:/code_red/red_suite/tools/bin/../lib/gcc/arm-none-eabi/4.3.2/../../../../arm-none-eabi/lib/thumb2\libc.a(lib_a-s_isinfd.o)
 .glue_7t       0x0000938c        0x0 c:/code_red/red_suite/tools/bin/../lib/gcc/arm-none-eabi/4.3.2/../../../../arm-none-eabi/lib/thumb2\libc.a(lib_a-s_isnand.o)
 .glue_7t       0x0000938c        0x0 c:/code_red/red_suite/tools/bin/../lib/gcc/arm-none-eabi/4.3.2/../../../../arm-none-eabi/lib/thumb2\libc.a(lib_a-sbrkr.o)
 .glue_7t       0x0000938c        0x0 c:/code_red/red_suite/tools/bin/../lib/gcc/arm-none-eabi/4.3.2/../../../../arm-none-eabi/lib/thumb2\libc.a(lib_a-stdio.o)
 .glue_7t       0x0000938c        0x0 c:/code_red/red_suite/tools/bin/../lib/gcc/arm-none-eabi/4.3.2/../../../../arm-none-eabi/lib/thumb2\libc.a(lib_a-strcmp.o)
 .glue_7t       0x0000938c        0x0 c:/code_red/red_suite/tools/bin/../lib/gcc/arm-none-eabi/4.3.2/../../../../arm-none-eabi/lib/thumb2\libc.a(lib_a-strlen.o)
 .glue_7t       0x0000938c        0x0 c:/code_red/red_suite/tools/bin/../lib/gcc/arm-none-eabi/4.3.2/../../../../arm-none-eabi/lib/thumb2\libc.a(lib_a-writer.o)
 .glue_7t       0x0000938c        0x0 c:/code_red/red_suite/tools/bin/../lib/gcc/arm-none-eabi/4.3.2/../../../../arm-none-eabi/lib/thumb2\libc.a(lib_a-callocr.o)
 .glue_7t       0x0000938c        0x0 c:/code_red/red_suite/tools/bin/../lib/gcc/arm-none-eabi/4.3.2/../../../../arm-none-eabi/lib/thumb2\libc.a(lib_a-closer.o)
 .glue_7t       0x0000938c        0x0 c:/code_red/red_suite/tools/bin/../lib/gcc/arm-none-eabi/4.3.2/../../../../arm-none-eabi/lib/thumb2\libc.a(lib_a-fclose.o)
 .glue_7t       0x0000938c        0x0 c:/code_red/red_suite/tools/bin/../lib/gcc/arm-none-eabi/4.3.2/../../../../arm-none-eabi/lib/thumb2\libc.a(lib_a-fstatr.o)
 .glue_7t       0x0000938c        0x0 c:/code_red/red_suite/tools/bin/../lib/gcc/arm-none-eabi/4.3.2/../../../../arm-none-eabi/lib/thumb2\libc.a(lib_a-isattyr.o)
 .glue_7t       0x0000938c        0x0 c:/code_red/red_suite/tools/bin/../lib/gcc/arm-none-eabi/4.3.2/../../../../arm-none-eabi/lib/thumb2\libc.a(lib_a-lseekr.o)
 .glue_7t       0x0000938c        0x0 c:/code_red/red_suite/tools/bin/../lib/gcc/arm-none-eabi/4.3.2/../../../../arm-none-eabi/lib/thumb2\libc.a(lib_a-readr.o)
 .glue_7t       0x0000938c        0x0 c:/code_red/red_suite/tools/bin/../lib/gcc/arm-none-eabi/4.3.2/../../../../arm-none-eabi/lib/thumb2\libc.a(lib_a-reent.o)
 .glue_7t       0x0000938c        0x0 c:/code_red/red_suite/tools/bin/../lib/gcc/arm-none-eabi/4.3.2/../../../../arm-none-eabi/lib/thumb2\libcr_newlib_semihost.a(syscalls.o)
 .glue_7t       0x0000938c        0x0 c:/code_red/red_suite/tools/bin/../lib/gcc/arm-none-eabi/4.3.2/thumb2\libgcc.a(_udivsi3.o)
 .glue_7t       0x0000938c        0x0 c:/code_red/red_suite/tools/bin/../lib/gcc/arm-none-eabi/4.3.2/thumb2\libgcc.a(_dvmd_tls.o)
 .glue_7t       0x0000938c        0x0 c:/code_red/red_suite/tools/bin/../lib/gcc/arm-none-eabi/4.3.2/thumb2\libgcc.a(_arm_addsubdf3.o)
 .glue_7t       0x0000938c        0x0 c:/code_red/red_suite/tools/bin/../lib/gcc/arm-none-eabi/4.3.2/thumb2\libgcc.a(_arm_muldivdf3.o)
 .glue_7t       0x0000938c        0x0 c:/code_red/red_suite/tools/bin/../lib/gcc/arm-none-eabi/4.3.2/thumb2\libgcc.a(_arm_cmpdf2.o)
 .glue_7t       0x0000938c        0x0 c:/code_red/red_suite/tools/bin/../lib/gcc/arm-none-eabi/4.3.2/thumb2\libgcc.a(_arm_fixdfsi.o)
 .glue_7t       0x0000938c        0x0 c:/code_red/red_suite/tools/bin/../lib/gcc/arm-none-eabi/4.3.2/thumb2\libgcc.a(_aeabi_uldivmod.o)
 .glue_7t       0x0000938c        0x0 c:/code_red/red_suite/tools/bin/../lib/gcc/arm-none-eabi/4.3.2/thumb2\libgcc.a(bpabi.o)
 .glue_7t       0x0000938c        0x0 c:/code_red/red_suite/tools/bin/../lib/gcc/arm-none-eabi/4.3.2/thumb2\libgcc.a(_divdi3.o)
 .glue_7t       0x0000938c        0x0 c:/code_red/red_suite/tools/bin/../lib/gcc/arm-none-eabi/4.3.2/thumb2\libgcc.a(_udivdi3.o)
 .glue_7t       0x0000938c        0x0 c:/code_red/red_suite/tools/bin/../lib/gcc/arm-none-eabi/4.3.2/thumb2\libgcc.a(_clz.o)
 .glue_7t       0x0000938c        0x0 c:/code_red/red_suite/tools/bin/../lib/gcc/arm-none-eabi/4.3.2/../../../../arm-none-eabi/lib/thumb2\libc.a(lib_a-errno.o)

.vfp11_veneer   0x0000938c        0x0
 .vfp11_veneer  0x0000938c        0x0 ./src/blockdev_sd.o
 .vfp11_veneer  0x0000938c        0x0 ./src/cr_startup_lpc17.o
 .vfp11_veneer  0x0000938c        0x0 ./src/lpc2000_spi.o
 .vfp11_veneer  0x0000938c        0x0 ./src/main_msc.o
 .vfp11_veneer  0x0000938c        0x0 ./src/msc_bot.o
 .vfp11_veneer  0x0000938c        0x0 ./src/msc_scsi.o
 .vfp11_veneer  0x0000938c        0x0 ./src/target.o
 .vfp11_veneer  0x0000938c        0x0 C:\code_red\ws_examples_to_committ\RDB1768_usbstack\Release\libRDB1768_usbstack.a(usbcontrol.o)
 .vfp11_veneer  0x0000938c        0x0 C:\code_red\ws_examples_to_committ\RDB1768_usbstack\Release\libRDB1768_usbstack.a(usbhw_lpc.o)
 .vfp11_veneer  0x0000938c        0x0 C:\code_red\ws_examples_to_committ\RDB1768_usbstack\Release\libRDB1768_usbstack.a(usbinit.o)
 .vfp11_veneer  0x0000938c        0x0 C:\code_red\ws_examples_to_committ\RDB1768_usbstack\Release\libRDB1768_usbstack.a(usbstdreq.o)
 .vfp11_veneer  0x0000938c        0x0 c:/code_red/red_suite/tools/bin/../lib/gcc/arm-none-eabi/4.3.2/../../../../arm-none-eabi/lib/thumb2\libc.a(lib_a-memcpy.o)
 .vfp11_veneer  0x0000938c        0x0 c:/code_red/red_suite/tools/bin/../lib/gcc/arm-none-eabi/4.3.2/../../../../arm-none-eabi/lib/thumb2\libc.a(lib_a-printf.o)
 .vfp11_veneer  0x0000938c        0x0 c:/code_red/red_suite/tools/bin/../lib/gcc/arm-none-eabi/4.3.2/../../../../arm-none-eabi/lib/thumb2\libc.a(lib_a-vfprintf.o)
 .vfp11_veneer  0x0000938c        0x0 c:/code_red/red_suite/tools/bin/../lib/gcc/arm-none-eabi/4.3.2/../../../../arm-none-eabi/lib/thumb2\libc.a(lib_a-wsetup.o)
 .vfp11_veneer  0x0000938c        0x0 c:/code_red/red_suite/tools/bin/../lib/gcc/arm-none-eabi/4.3.2/../../../../arm-none-eabi/lib/thumb2\libc.a(lib_a-dtoa.o)
 .vfp11_veneer  0x0000938c        0x0 c:/code_red/red_suite/tools/bin/../lib/gcc/arm-none-eabi/4.3.2/../../../../arm-none-eabi/lib/thumb2\libc.a(lib_a-fflush.o)
 .vfp11_veneer  0x0000938c        0x0 c:/code_red/red_suite/tools/bin/../lib/gcc/arm-none-eabi/4.3.2/../../../../arm-none-eabi/lib/thumb2\libc.a(lib_a-findfp.o)
 .vfp11_veneer  0x0000938c        0x0 c:/code_red/red_suite/tools/bin/../lib/gcc/arm-none-eabi/4.3.2/../../../../arm-none-eabi/lib/thumb2\libc.a(lib_a-freer.o)
 .vfp11_veneer  0x0000938c        0x0 c:/code_red/red_suite/tools/bin/../lib/gcc/arm-none-eabi/4.3.2/../../../../arm-none-eabi/lib/thumb2\libc.a(lib_a-fvwrite.o)
 .vfp11_veneer  0x0000938c        0x0 c:/code_red/red_suite/tools/bin/../lib/gcc/arm-none-eabi/4.3.2/../../../../arm-none-eabi/lib/thumb2\libc.a(lib_a-fwalk.o)
 .vfp11_veneer  0x0000938c        0x0 c:/code_red/red_suite/tools/bin/../lib/gcc/arm-none-eabi/4.3.2/../../../../arm-none-eabi/lib/thumb2\libc.a(lib_a-impure.o)
 .vfp11_veneer  0x0000938c        0x0 c:/code_red/red_suite/tools/bin/../lib/gcc/arm-none-eabi/4.3.2/../../../../arm-none-eabi/lib/thumb2\libc.a(lib_a-locale.o)
 .vfp11_veneer  0x0000938c        0x0 c:/code_red/red_suite/tools/bin/../lib/gcc/arm-none-eabi/4.3.2/../../../../arm-none-eabi/lib/thumb2\libc.a(lib_a-makebuf.o)
 .vfp11_veneer  0x0000938c        0x0 c:/code_red/red_suite/tools/bin/../lib/gcc/arm-none-eabi/4.3.2/../../../../arm-none-eabi/lib/thumb2\libc.a(lib_a-malloc.o)
 .vfp11_veneer  0x0000938c        0x0 c:/code_red/red_suite/tools/bin/../lib/gcc/arm-none-eabi/4.3.2/../../../../arm-none-eabi/lib/thumb2\libc.a(lib_a-mallocr.o)
 .vfp11_veneer  0x0000938c        0x0 c:/code_red/red_suite/tools/bin/../lib/gcc/arm-none-eabi/4.3.2/../../../../arm-none-eabi/lib/thumb2\libc.a(lib_a-memchr.o)
 .vfp11_veneer  0x0000938c        0x0 c:/code_red/red_suite/tools/bin/../lib/gcc/arm-none-eabi/4.3.2/../../../../arm-none-eabi/lib/thumb2\libc.a(lib_a-memmove.o)
 .vfp11_veneer  0x0000938c        0x0 c:/code_red/red_suite/tools/bin/../lib/gcc/arm-none-eabi/4.3.2/../../../../arm-none-eabi/lib/thumb2\libc.a(lib_a-memset.o)
 .vfp11_veneer  0x0000938c        0x0 c:/code_red/red_suite/tools/bin/../lib/gcc/arm-none-eabi/4.3.2/../../../../arm-none-eabi/lib/thumb2\libc.a(lib_a-mlock.o)
 .vfp11_veneer  0x0000938c        0x0 c:/code_red/red_suite/tools/bin/../lib/gcc/arm-none-eabi/4.3.2/../../../../arm-none-eabi/lib/thumb2\libc.a(lib_a-mprec.o)
 .vfp11_veneer  0x0000938c        0x0 c:/code_red/red_suite/tools/bin/../lib/gcc/arm-none-eabi/4.3.2/../../../../arm-none-eabi/lib/thumb2\libc.a(lib_a-reallocr.o)
 .vfp11_veneer  0x0000938c        0x0 c:/code_red/red_suite/tools/bin/../lib/gcc/arm-none-eabi/4.3.2/../../../../arm-none-eabi/lib/thumb2\libc.a(lib_a-s_isinfd.o)
 .vfp11_veneer  0x0000938c        0x0 c:/code_red/red_suite/tools/bin/../lib/gcc/arm-none-eabi/4.3.2/../../../../arm-none-eabi/lib/thumb2\libc.a(lib_a-s_isnand.o)
 .vfp11_veneer  0x0000938c        0x0 c:/code_red/red_suite/tools/bin/../lib/gcc/arm-none-eabi/4.3.2/../../../../arm-none-eabi/lib/thumb2\libc.a(lib_a-sbrkr.o)
 .vfp11_veneer  0x0000938c        0x0 c:/code_red/red_suite/tools/bin/../lib/gcc/arm-none-eabi/4.3.2/../../../../arm-none-eabi/lib/thumb2\libc.a(lib_a-stdio.o)
 .vfp11_veneer  0x0000938c        0x0 c:/code_red/red_suite/tools/bin/../lib/gcc/arm-none-eabi/4.3.2/../../../../arm-none-eabi/lib/thumb2\libc.a(lib_a-strcmp.o)
 .vfp11_veneer  0x0000938c        0x0 c:/code_red/red_suite/tools/bin/../lib/gcc/arm-none-eabi/4.3.2/../../../../arm-none-eabi/lib/thumb2\libc.a(lib_a-strlen.o)
 .vfp11_veneer  0x0000938c        0x0 c:/code_red/red_suite/tools/bin/../lib/gcc/arm-none-eabi/4.3.2/../../../../arm-none-eabi/lib/thumb2\libc.a(lib_a-writer.o)
 .vfp11_veneer  0x0000938c        0x0 c:/code_red/red_suite/tools/bin/../lib/gcc/arm-none-eabi/4.3.2/../../../../arm-none-eabi/lib/thumb2\libc.a(lib_a-callocr.o)
 .vfp11_veneer  0x0000938c        0x0 c:/code_red/red_suite/tools/bin/../lib/gcc/arm-none-eabi/4.3.2/../../../../arm-none-eabi/lib/thumb2\libc.a(lib_a-closer.o)
 .vfp11_veneer  0x0000938c        0x0 c:/code_red/red_suite/tools/bin/../lib/gcc/arm-none-eabi/4.3.2/../../../../arm-none-eabi/lib/thumb2\libc.a(lib_a-fclose.o)
 .vfp11_veneer  0x0000938c        0x0 c:/code_red/red_suite/tools/bin/../lib/gcc/arm-none-eabi/4.3.2/../../../../arm-none-eabi/lib/thumb2\libc.a(lib_a-fstatr.o)
 .vfp11_veneer  0x0000938c        0x0 c:/code_red/red_suite/tools/bin/../lib/gcc/arm-none-eabi/4.3.2/../../../../arm-none-eabi/lib/thumb2\libc.a(lib_a-isattyr.o)
 .vfp11_veneer  0x0000938c        0x0 c:/code_red/red_suite/tools/bin/../lib/gcc/arm-none-eabi/4.3.2/../../../../arm-none-eabi/lib/thumb2\libc.a(lib_a-lseekr.o)
 .vfp11_veneer  0x0000938c        0x0 c:/code_red/red_suite/tools/bin/../lib/gcc/arm-none-eabi/4.3.2/../../../../arm-none-eabi/lib/thumb2\libc.a(lib_a-readr.o)
 .vfp11_veneer  0x0000938c        0x0 c:/code_red/red_suite/tools/bin/../lib/gcc/arm-none-eabi/4.3.2/../../../../arm-none-eabi/lib/thumb2\libc.a(lib_a-reent.o)
 .vfp11_veneer  0x0000938c        0x0 c:/code_red/red_suite/tools/bin/../lib/gcc/arm-none-eabi/4.3.2/../../../../arm-none-eabi/lib/thumb2\libcr_newlib_semihost.a(syscalls.o)
 .vfp11_veneer  0x0000938c        0x0 c:/code_red/red_suite/tools/bin/../lib/gcc/arm-none-eabi/4.3.2/thumb2\libgcc.a(_udivsi3.o)
 .vfp11_veneer  0x0000938c        0x0 c:/code_red/red_suite/tools/bin/../lib/gcc/arm-none-eabi/4.3.2/thumb2\libgcc.a(_dvmd_tls.o)
 .vfp11_veneer  0x0000938c        0x0 c:/code_red/red_suite/tools/bin/../lib/gcc/arm-none-eabi/4.3.2/thumb2\libgcc.a(_arm_addsubdf3.o)
 .vfp11_veneer  0x0000938c        0x0 c:/code_red/red_suite/tools/bin/../lib/gcc/arm-none-eabi/4.3.2/thumb2\libgcc.a(_arm_muldivdf3.o)
 .vfp11_veneer  0x0000938c        0x0 c:/code_red/red_suite/tools/bin/../lib/gcc/arm-none-eabi/4.3.2/thumb2\libgcc.a(_arm_cmpdf2.o)
 .vfp11_veneer  0x0000938c        0x0 c:/code_red/red_suite/tools/bin/../lib/gcc/arm-none-eabi/4.3.2/thumb2\libgcc.a(_arm_fixdfsi.o)
 .vfp11_veneer  0x0000938c        0x0 c:/code_red/red_suite/tools/bin/../lib/gcc/arm-none-eabi/4.3.2/thumb2\libgcc.a(_aeabi_uldivmod.o)
 .vfp11_veneer  0x0000938c        0x0 c:/code_red/red_suite/tools/bin/../lib/gcc/arm-none-eabi/4.3.2/thumb2\libgcc.a(bpabi.o)
 .vfp11_veneer  0x0000938c        0x0 c:/code_red/red_suite/tools/bin/../lib/gcc/arm-none-eabi/4.3.2/thumb2\libgcc.a(_divdi3.o)
 .vfp11_veneer  0x0000938c        0x0 c:/code_red/red_suite/tools/bin/../lib/gcc/arm-none-eabi/4.3.2/thumb2\libgcc.a(_udivdi3.o)
 .vfp11_veneer  0x0000938c        0x0 c:/code_red/red_suite/tools/bin/../lib/gcc/arm-none-eabi/4.3.2/thumb2\libgcc.a(_clz.o)
 .vfp11_veneer  0x0000938c        0x0 c:/code_red/red_suite/tools/bin/../lib/gcc/arm-none-eabi/4.3.2/../../../../arm-none-eabi/lib/thumb2\libc.a(lib_a-errno.o)

.janus_2cc_veneer
                0x0000938c        0x0
 .janus_2cc_veneer
                0x0000938c        0x0 ./src/blockdev_sd.o
 .janus_2cc_veneer
                0x0000938c        0x0 ./src/cr_startup_lpc17.o
 .janus_2cc_veneer
                0x0000938c        0x0 ./src/lpc2000_spi.o
 .janus_2cc_veneer
                0x0000938c        0x0 ./src/main_msc.o
 .janus_2cc_veneer
                0x0000938c        0x0 ./src/msc_bot.o
 .janus_2cc_veneer
                0x0000938c        0x0 ./src/msc_scsi.o
 .janus_2cc_veneer
                0x0000938c        0x0 ./src/target.o
 .janus_2cc_veneer
                0x0000938c        0x0 C:\code_red\ws_examples_to_committ\RDB1768_usbstack\Release\libRDB1768_usbstack.a(usbcontrol.o)
 .janus_2cc_veneer
                0x0000938c        0x0 C:\code_red\ws_examples_to_committ\RDB1768_usbstack\Release\libRDB1768_usbstack.a(usbhw_lpc.o)
 .janus_2cc_veneer
                0x0000938c        0x0 C:\code_red\ws_examples_to_committ\RDB1768_usbstack\Release\libRDB1768_usbstack.a(usbinit.o)
 .janus_2cc_veneer
                0x0000938c        0x0 C:\code_red\ws_examples_to_committ\RDB1768_usbstack\Release\libRDB1768_usbstack.a(usbstdreq.o)
 .janus_2cc_veneer
                0x0000938c        0x0 c:/code_red/red_suite/tools/bin/../lib/gcc/arm-none-eabi/4.3.2/../../../../arm-none-eabi/lib/thumb2\libc.a(lib_a-memcpy.o)
 .janus_2cc_veneer
                0x0000938c        0x0 c:/code_red/red_suite/tools/bin/../lib/gcc/arm-none-eabi/4.3.2/../../../../arm-none-eabi/lib/thumb2\libc.a(lib_a-printf.o)
 .janus_2cc_veneer
                0x0000938c        0x0 c:/code_red/red_suite/tools/bin/../lib/gcc/arm-none-eabi/4.3.2/../../../../arm-none-eabi/lib/thumb2\libc.a(lib_a-vfprintf.o)
 .janus_2cc_veneer
                0x0000938c        0x0 c:/code_red/red_suite/tools/bin/../lib/gcc/arm-none-eabi/4.3.2/../../../../arm-none-eabi/lib/thumb2\libc.a(lib_a-wsetup.o)
 .janus_2cc_veneer
                0x0000938c        0x0 c:/code_red/red_suite/tools/bin/../lib/gcc/arm-none-eabi/4.3.2/../../../../arm-none-eabi/lib/thumb2\libc.a(lib_a-dtoa.o)
 .janus_2cc_veneer
                0x0000938c        0x0 c:/code_red/red_suite/tools/bin/../lib/gcc/arm-none-eabi/4.3.2/../../../../arm-none-eabi/lib/thumb2\libc.a(lib_a-fflush.o)
 .janus_2cc_veneer
                0x0000938c        0x0 c:/code_red/red_suite/tools/bin/../lib/gcc/arm-none-eabi/4.3.2/../../../../arm-none-eabi/lib/thumb2\libc.a(lib_a-findfp.o)
 .janus_2cc_veneer
                0x0000938c        0x0 c:/code_red/red_suite/tools/bin/../lib/gcc/arm-none-eabi/4.3.2/../../../../arm-none-eabi/lib/thumb2\libc.a(lib_a-freer.o)
 .janus_2cc_veneer
                0x0000938c        0x0 c:/code_red/red_suite/tools/bin/../lib/gcc/arm-none-eabi/4.3.2/../../../../arm-none-eabi/lib/thumb2\libc.a(lib_a-fvwrite.o)
 .janus_2cc_veneer
                0x0000938c        0x0 c:/code_red/red_suite/tools/bin/../lib/gcc/arm-none-eabi/4.3.2/../../../../arm-none-eabi/lib/thumb2\libc.a(lib_a-fwalk.o)
 .janus_2cc_veneer
                0x0000938c        0x0 c:/code_red/red_suite/tools/bin/../lib/gcc/arm-none-eabi/4.3.2/../../../../arm-none-eabi/lib/thumb2\libc.a(lib_a-impure.o)
 .janus_2cc_veneer
                0x0000938c        0x0 c:/code_red/red_suite/tools/bin/../lib/gcc/arm-none-eabi/4.3.2/../../../../arm-none-eabi/lib/thumb2\libc.a(lib_a-locale.o)
 .janus_2cc_veneer
                0x0000938c        0x0 c:/code_red/red_suite/tools/bin/../lib/gcc/arm-none-eabi/4.3.2/../../../../arm-none-eabi/lib/thumb2\libc.a(lib_a-makebuf.o)
 .janus_2cc_veneer
                0x0000938c        0x0 c:/code_red/red_suite/tools/bin/../lib/gcc/arm-none-eabi/4.3.2/../../../../arm-none-eabi/lib/thumb2\libc.a(lib_a-malloc.o)
 .janus_2cc_veneer
                0x0000938c        0x0 c:/code_red/red_suite/tools/bin/../lib/gcc/arm-none-eabi/4.3.2/../../../../arm-none-eabi/lib/thumb2\libc.a(lib_a-mallocr.o)
 .janus_2cc_veneer
                0x0000938c        0x0 c:/code_red/red_suite/tools/bin/../lib/gcc/arm-none-eabi/4.3.2/../../../../arm-none-eabi/lib/thumb2\libc.a(lib_a-memchr.o)
 .janus_2cc_veneer
                0x0000938c        0x0 c:/code_red/red_suite/tools/bin/../lib/gcc/arm-none-eabi/4.3.2/../../../../arm-none-eabi/lib/thumb2\libc.a(lib_a-memmove.o)
 .janus_2cc_veneer
                0x0000938c        0x0 c:/code_red/red_suite/tools/bin/../lib/gcc/arm-none-eabi/4.3.2/../../../../arm-none-eabi/lib/thumb2\libc.a(lib_a-memset.o)
 .janus_2cc_veneer
                0x0000938c        0x0 c:/code_red/red_suite/tools/bin/../lib/gcc/arm-none-eabi/4.3.2/../../../../arm-none-eabi/lib/thumb2\libc.a(lib_a-mlock.o)
 .janus_2cc_veneer
                0x0000938c        0x0 c:/code_red/red_suite/tools/bin/../lib/gcc/arm-none-eabi/4.3.2/../../../../arm-none-eabi/lib/thumb2\libc.a(lib_a-mprec.o)
 .janus_2cc_veneer
                0x0000938c        0x0 c:/code_red/red_suite/tools/bin/../lib/gcc/arm-none-eabi/4.3.2/../../../../arm-none-eabi/lib/thumb2\libc.a(lib_a-reallocr.o)
 .janus_2cc_veneer
                0x0000938c        0x0 c:/code_red/red_suite/tools/bin/../lib/gcc/arm-none-eabi/4.3.2/../../../../arm-none-eabi/lib/thumb2\libc.a(lib_a-s_isinfd.o)
 .janus_2cc_veneer
                0x0000938c        0x0 c:/code_red/red_suite/tools/bin/../lib/gcc/arm-none-eabi/4.3.2/../../../../arm-none-eabi/lib/thumb2\libc.a(lib_a-s_isnand.o)
 .janus_2cc_veneer
                0x0000938c        0x0 c:/code_red/red_suite/tools/bin/../lib/gcc/arm-none-eabi/4.3.2/../../../../arm-none-eabi/lib/thumb2\libc.a(lib_a-sbrkr.o)
 .janus_2cc_veneer
                0x0000938c        0x0 c:/code_red/red_suite/tools/bin/../lib/gcc/arm-none-eabi/4.3.2/../../../../arm-none-eabi/lib/thumb2\libc.a(lib_a-stdio.o)
 .janus_2cc_veneer
                0x0000938c        0x0 c:/code_red/red_suite/tools/bin/../lib/gcc/arm-none-eabi/4.3.2/../../../../arm-none-eabi/lib/thumb2\libc.a(lib_a-strcmp.o)
 .janus_2cc_veneer
                0x0000938c        0x0 c:/code_red/red_suite/tools/bin/../lib/gcc/arm-none-eabi/4.3.2/../../../../arm-none-eabi/lib/thumb2\libc.a(lib_a-strlen.o)
 .janus_2cc_veneer
                0x0000938c        0x0 c:/code_red/red_suite/tools/bin/../lib/gcc/arm-none-eabi/4.3.2/../../../../arm-none-eabi/lib/thumb2\libc.a(lib_a-writer.o)
 .janus_2cc_veneer
                0x0000938c        0x0 c:/code_red/red_suite/tools/bin/../lib/gcc/arm-none-eabi/4.3.2/../../../../arm-none-eabi/lib/thumb2\libc.a(lib_a-callocr.o)
 .janus_2cc_veneer
                0x0000938c        0x0 c:/code_red/red_suite/tools/bin/../lib/gcc/arm-none-eabi/4.3.2/../../../../arm-none-eabi/lib/thumb2\libc.a(lib_a-closer.o)
 .janus_2cc_veneer
                0x0000938c        0x0 c:/code_red/red_suite/tools/bin/../lib/gcc/arm-none-eabi/4.3.2/../../../../arm-none-eabi/lib/thumb2\libc.a(lib_a-fclose.o)
 .janus_2cc_veneer
                0x0000938c        0x0 c:/code_red/red_suite/tools/bin/../lib/gcc/arm-none-eabi/4.3.2/../../../../arm-none-eabi/lib/thumb2\libc.a(lib_a-fstatr.o)
 .janus_2cc_veneer
                0x0000938c        0x0 c:/code_red/red_suite/tools/bin/../lib/gcc/arm-none-eabi/4.3.2/../../../../arm-none-eabi/lib/thumb2\libc.a(lib_a-isattyr.o)
 .janus_2cc_veneer
                0x0000938c        0x0 c:/code_red/red_suite/tools/bin/../lib/gcc/arm-none-eabi/4.3.2/../../../../arm-none-eabi/lib/thumb2\libc.a(lib_a-lseekr.o)
 .janus_2cc_veneer
                0x0000938c        0x0 c:/code_red/red_suite/tools/bin/../lib/gcc/arm-none-eabi/4.3.2/../../../../arm-none-eabi/lib/thumb2\libc.a(lib_a-readr.o)
 .janus_2cc_veneer
                0x0000938c        0x0 c:/code_red/red_suite/tools/bin/../lib/gcc/arm-none-eabi/4.3.2/../../../../arm-none-eabi/lib/thumb2\libc.a(lib_a-reent.o)
 .janus_2cc_veneer
                0x0000938c        0x0 c:/code_red/red_suite/tools/bin/../lib/gcc/arm-none-eabi/4.3.2/../../../../arm-none-eabi/lib/thumb2\libcr_newlib_semihost.a(syscalls.o)
 .janus_2cc_veneer
                0x0000938c        0x0 c:/code_red/red_suite/tools/bin/../lib/gcc/arm-none-eabi/4.3.2/thumb2\libgcc.a(_udivsi3.o)
 .janus_2cc_veneer
                0x0000938c        0x0 c:/code_red/red_suite/tools/bin/../lib/gcc/arm-none-eabi/4.3.2/thumb2\libgcc.a(_dvmd_tls.o)
 .janus_2cc_veneer
                0x0000938c        0x0 c:/code_red/red_suite/tools/bin/../lib/gcc/arm-none-eabi/4.3.2/thumb2\libgcc.a(_arm_addsubdf3.o)
 .janus_2cc_veneer
                0x0000938c        0x0 c:/code_red/red_suite/tools/bin/../lib/gcc/arm-none-eabi/4.3.2/thumb2\libgcc.a(_arm_muldivdf3.o)
 .janus_2cc_veneer
                0x0000938c        0x0 c:/code_red/red_suite/tools/bin/../lib/gcc/arm-none-eabi/4.3.2/thumb2\libgcc.a(_arm_cmpdf2.o)
 .janus_2cc_veneer
                0x0000938c        0x0 c:/code_red/red_suite/tools/bin/../lib/gcc/arm-none-eabi/4.3.2/thumb2\libgcc.a(_arm_fixdfsi.o)
 .janus_2cc_veneer
                0x0000938c        0x0 c:/code_red/red_suite/tools/bin/../lib/gcc/arm-none-eabi/4.3.2/thumb2\libgcc.a(_aeabi_uldivmod.o)
 .janus_2cc_veneer
                0x0000938c        0x0 c:/code_red/red_suite/tools/bin/../lib/gcc/arm-none-eabi/4.3.2/thumb2\libgcc.a(bpabi.o)
 .janus_2cc_veneer
                0x0000938c        0x0 c:/code_red/red_suite/tools/bin/../lib/gcc/arm-none-eabi/4.3.2/thumb2\libgcc.a(_divdi3.o)
 .janus_2cc_veneer
                0x0000938c        0x0 c:/code_red/red_suite/tools/bin/../lib/gcc/arm-none-eabi/4.3.2/thumb2\libgcc.a(_udivdi3.o)
 .janus_2cc_veneer
                0x0000938c        0x0 c:/code_red/red_suite/tools/bin/../lib/gcc/arm-none-eabi/4.3.2/thumb2\libgcc.a(_clz.o)
 .janus_2cc_veneer
                0x0000938c        0x0 c:/code_red/red_suite/tools/bin/../lib/gcc/arm-none-eabi/4.3.2/../../../../arm-none-eabi/lib/thumb2\libc.a(lib_a-errno.o)

.v4_bx          0x0000938c        0x0
 .v4_bx         0x0000938c        0x0 ./src/blockdev_sd.o
 .v4_bx         0x0000938c        0x0 ./src/cr_startup_lpc17.o
 .v4_bx         0x0000938c        0x0 ./src/lpc2000_spi.o
 .v4_bx         0x0000938c        0x0 ./src/main_msc.o
 .v4_bx         0x0000938c        0x0 ./src/msc_bot.o
 .v4_bx         0x0000938c        0x0 ./src/msc_scsi.o
 .v4_bx         0x0000938c        0x0 ./src/target.o
 .v4_bx         0x0000938c        0x0 C:\code_red\ws_examples_to_committ\RDB1768_usbstack\Release\libRDB1768_usbstack.a(usbcontrol.o)
 .v4_bx         0x0000938c        0x0 C:\code_red\ws_examples_to_committ\RDB1768_usbstack\Release\libRDB1768_usbstack.a(usbhw_lpc.o)
 .v4_bx         0x0000938c        0x0 C:\code_red\ws_examples_to_committ\RDB1768_usbstack\Release\libRDB1768_usbstack.a(usbinit.o)
 .v4_bx         0x0000938c        0x0 C:\code_red\ws_examples_to_committ\RDB1768_usbstack\Release\libRDB1768_usbstack.a(usbstdreq.o)
 .v4_bx         0x0000938c        0x0 c:/code_red/red_suite/tools/bin/../lib/gcc/arm-none-eabi/4.3.2/../../../../arm-none-eabi/lib/thumb2\libc.a(lib_a-memcpy.o)
 .v4_bx         0x0000938c        0x0 c:/code_red/red_suite/tools/bin/../lib/gcc/arm-none-eabi/4.3.2/../../../../arm-none-eabi/lib/thumb2\libc.a(lib_a-printf.o)
 .v4_bx         0x0000938c        0x0 c:/code_red/red_suite/tools/bin/../lib/gcc/arm-none-eabi/4.3.2/../../../../arm-none-eabi/lib/thumb2\libc.a(lib_a-vfprintf.o)
 .v4_bx         0x0000938c        0x0 c:/code_red/red_suite/tools/bin/../lib/gcc/arm-none-eabi/4.3.2/../../../../arm-none-eabi/lib/thumb2\libc.a(lib_a-wsetup.o)
 .v4_bx         0x0000938c        0x0 c:/code_red/red_suite/tools/bin/../lib/gcc/arm-none-eabi/4.3.2/../../../../arm-none-eabi/lib/thumb2\libc.a(lib_a-dtoa.o)
 .v4_bx         0x0000938c        0x0 c:/code_red/red_suite/tools/bin/../lib/gcc/arm-none-eabi/4.3.2/../../../../arm-none-eabi/lib/thumb2\libc.a(lib_a-fflush.o)
 .v4_bx         0x0000938c        0x0 c:/code_red/red_suite/tools/bin/../lib/gcc/arm-none-eabi/4.3.2/../../../../arm-none-eabi/lib/thumb2\libc.a(lib_a-findfp.o)
 .v4_bx         0x0000938c        0x0 c:/code_red/red_suite/tools/bin/../lib/gcc/arm-none-eabi/4.3.2/../../../../arm-none-eabi/lib/thumb2\libc.a(lib_a-freer.o)
 .v4_bx         0x0000938c        0x0 c:/code_red/red_suite/tools/bin/../lib/gcc/arm-none-eabi/4.3.2/../../../../arm-none-eabi/lib/thumb2\libc.a(lib_a-fvwrite.o)
 .v4_bx         0x0000938c        0x0 c:/code_red/red_suite/tools/bin/../lib/gcc/arm-none-eabi/4.3.2/../../../../arm-none-eabi/lib/thumb2\libc.a(lib_a-fwalk.o)
 .v4_bx         0x0000938c        0x0 c:/code_red/red_suite/tools/bin/../lib/gcc/arm-none-eabi/4.3.2/../../../../arm-none-eabi/lib/thumb2\libc.a(lib_a-impure.o)
 .v4_bx         0x0000938c        0x0 c:/code_red/red_suite/tools/bin/../lib/gcc/arm-none-eabi/4.3.2/../../../../arm-none-eabi/lib/thumb2\libc.a(lib_a-locale.o)
 .v4_bx         0x0000938c        0x0 c:/code_red/red_suite/tools/bin/../lib/gcc/arm-none-eabi/4.3.2/../../../../arm-none-eabi/lib/thumb2\libc.a(lib_a-makebuf.o)
 .v4_bx         0x0000938c        0x0 c:/code_red/red_suite/tools/bin/../lib/gcc/arm-none-eabi/4.3.2/../../../../arm-none-eabi/lib/thumb2\libc.a(lib_a-malloc.o)
 .v4_bx         0x0000938c        0x0 c:/code_red/red_suite/tools/bin/../lib/gcc/arm-none-eabi/4.3.2/../../../../arm-none-eabi/lib/thumb2\libc.a(lib_a-mallocr.o)
 .v4_bx         0x0000938c        0x0 c:/code_red/red_suite/tools/bin/../lib/gcc/arm-none-eabi/4.3.2/../../../../arm-none-eabi/lib/thumb2\libc.a(lib_a-memchr.o)
 .v4_bx         0x0000938c        0x0 c:/code_red/red_suite/tools/bin/../lib/gcc/arm-none-eabi/4.3.2/../../../../arm-none-eabi/lib/thumb2\libc.a(lib_a-memmove.o)
 .v4_bx         0x0000938c        0x0 c:/code_red/red_suite/tools/bin/../lib/gcc/arm-none-eabi/4.3.2/../../../../arm-none-eabi/lib/thumb2\libc.a(lib_a-memset.o)
 .v4_bx         0x0000938c        0x0 c:/code_red/red_suite/tools/bin/../lib/gcc/arm-none-eabi/4.3.2/../../../../arm-none-eabi/lib/thumb2\libc.a(lib_a-mlock.o)
 .v4_bx         0x0000938c        0x0 c:/code_red/red_suite/tools/bin/../lib/gcc/arm-none-eabi/4.3.2/../../../../arm-none-eabi/lib/thumb2\libc.a(lib_a-mprec.o)
 .v4_bx         0x0000938c        0x0 c:/code_red/red_suite/tools/bin/../lib/gcc/arm-none-eabi/4.3.2/../../../../arm-none-eabi/lib/thumb2\libc.a(lib_a-reallocr.o)
 .v4_bx         0x0000938c        0x0 c:/code_red/red_suite/tools/bin/../lib/gcc/arm-none-eabi/4.3.2/../../../../arm-none-eabi/lib/thumb2\libc.a(lib_a-s_isinfd.o)
 .v4_bx         0x0000938c        0x0 c:/code_red/red_suite/tools/bin/../lib/gcc/arm-none-eabi/4.3.2/../../../../arm-none-eabi/lib/thumb2\libc.a(lib_a-s_isnand.o)
 .v4_bx         0x0000938c        0x0 c:/code_red/red_suite/tools/bin/../lib/gcc/arm-none-eabi/4.3.2/../../../../arm-none-eabi/lib/thumb2\libc.a(lib_a-sbrkr.o)
 .v4_bx         0x0000938c        0x0 c:/code_red/red_suite/tools/bin/../lib/gcc/arm-none-eabi/4.3.2/../../../../arm-none-eabi/lib/thumb2\libc.a(lib_a-stdio.o)
 .v4_bx         0x0000938c        0x0 c:/code_red/red_suite/tools/bin/../lib/gcc/arm-none-eabi/4.3.2/../../../../arm-none-eabi/lib/thumb2\libc.a(lib_a-strcmp.o)
 .v4_bx         0x0000938c        0x0 c:/code_red/red_suite/tools/bin/../lib/gcc/arm-none-eabi/4.3.2/../../../../arm-none-eabi/lib/thumb2\libc.a(lib_a-strlen.o)
 .v4_bx         0x0000938c        0x0 c:/code_red/red_suite/tools/bin/../lib/gcc/arm-none-eabi/4.3.2/../../../../arm-none-eabi/lib/thumb2\libc.a(lib_a-writer.o)
 .v4_bx         0x0000938c        0x0 c:/code_red/red_suite/tools/bin/../lib/gcc/arm-none-eabi/4.3.2/../../../../arm-none-eabi/lib/thumb2\libc.a(lib_a-callocr.o)
 .v4_bx         0x0000938c        0x0 c:/code_red/red_suite/tools/bin/../lib/gcc/arm-none-eabi/4.3.2/../../../../arm-none-eabi/lib/thumb2\libc.a(lib_a-closer.o)
 .v4_bx         0x0000938c        0x0 c:/code_red/red_suite/tools/bin/../lib/gcc/arm-none-eabi/4.3.2/../../../../arm-none-eabi/lib/thumb2\libc.a(lib_a-fclose.o)
 .v4_bx         0x0000938c        0x0 c:/code_red/red_suite/tools/bin/../lib/gcc/arm-none-eabi/4.3.2/../../../../arm-none-eabi/lib/thumb2\libc.a(lib_a-fstatr.o)
 .v4_bx         0x0000938c        0x0 c:/code_red/red_suite/tools/bin/../lib/gcc/arm-none-eabi/4.3.2/../../../../arm-none-eabi/lib/thumb2\libc.a(lib_a-isattyr.o)
 .v4_bx         0x0000938c        0x0 c:/code_red/red_suite/tools/bin/../lib/gcc/arm-none-eabi/4.3.2/../../../../arm-none-eabi/lib/thumb2\libc.a(lib_a-lseekr.o)
 .v4_bx         0x0000938c        0x0 c:/code_red/red_suite/tools/bin/../lib/gcc/arm-none-eabi/4.3.2/../../../../arm-none-eabi/lib/thumb2\libc.a(lib_a-readr.o)
 .v4_bx         0x0000938c        0x0 c:/code_red/red_suite/tools/bin/../lib/gcc/arm-none-eabi/4.3.2/../../../../arm-none-eabi/lib/thumb2\libc.a(lib_a-reent.o)
 .v4_bx         0x0000938c        0x0 c:/code_red/red_suite/tools/bin/../lib/gcc/arm-none-eabi/4.3.2/../../../../arm-none-eabi/lib/thumb2\libcr_newlib_semihost.a(syscalls.o)
 .v4_bx         0x0000938c        0x0 c:/code_red/red_suite/tools/bin/../lib/gcc/arm-none-eabi/4.3.2/thumb2\libgcc.a(_udivsi3.o)
 .v4_bx         0x0000938c        0x0 c:/code_red/red_suite/tools/bin/../lib/gcc/arm-none-eabi/4.3.2/thumb2\libgcc.a(_dvmd_tls.o)
 .v4_bx         0x0000938c        0x0 c:/code_red/red_suite/tools/bin/../lib/gcc/arm-none-eabi/4.3.2/thumb2\libgcc.a(_arm_addsubdf3.o)
 .v4_bx         0x0000938c        0x0 c:/code_red/red_suite/tools/bin/../lib/gcc/arm-none-eabi/4.3.2/thumb2\libgcc.a(_arm_muldivdf3.o)
 .v4_bx         0x0000938c        0x0 c:/code_red/red_suite/tools/bin/../lib/gcc/arm-none-eabi/4.3.2/thumb2\libgcc.a(_arm_cmpdf2.o)
 .v4_bx         0x0000938c        0x0 c:/code_red/red_suite/tools/bin/../lib/gcc/arm-none-eabi/4.3.2/thumb2\libgcc.a(_arm_fixdfsi.o)
 .v4_bx         0x0000938c        0x0 c:/code_red/red_suite/tools/bin/../lib/gcc/arm-none-eabi/4.3.2/thumb2\libgcc.a(_aeabi_uldivmod.o)
 .v4_bx         0x0000938c        0x0 c:/code_red/red_suite/tools/bin/../lib/gcc/arm-none-eabi/4.3.2/thumb2\libgcc.a(bpabi.o)
 .v4_bx         0x0000938c        0x0 c:/code_red/red_suite/tools/bin/../lib/gcc/arm-none-eabi/4.3.2/thumb2\libgcc.a(_divdi3.o)
 .v4_bx         0x0000938c        0x0 c:/code_red/red_suite/tools/bin/../lib/gcc/arm-none-eabi/4.3.2/thumb2\libgcc.a(_udivdi3.o)
 .v4_bx         0x0000938c        0x0 c:/code_red/red_suite/tools/bin/../lib/gcc/arm-none-eabi/4.3.2/thumb2\libgcc.a(_clz.o)
 .v4_bx         0x0000938c        0x0 c:/code_red/red_suite/tools/bin/../lib/gcc/arm-none-eabi/4.3.2/../../../../arm-none-eabi/lib/thumb2\libc.a(lib_a-errno.o)

.ARM.extab
 *(.ARM.extab* .gnu.linkonce.armextab.*)
                0x0000938c                __exidx_start = .

.ARM.exidx      0x0000938c       0x10
 *(.ARM.exidx* .gnu.linkonce.armexidx.*)
 .ARM.exidx     0x0000938c        0x8 c:/code_red/red_suite/tools/bin/../lib/gcc/arm-none-eabi/4.3.2/thumb2\libgcc.a(_divdi3.o)
 .ARM.exidx     0x00009394        0x8 c:/code_red/red_suite/tools/bin/../lib/gcc/arm-none-eabi/4.3.2/thumb2\libgcc.a(_udivdi3.o)
                0x0000939c                __exidx_end = .
                0x0000939c                _etext = .

.data           0x10000000      0x504 load address 0x0000939c
                0x10000000                _data = .
 *(vtable)
 *(.data*)
 .data          0x10000000       0xf4 c:/code_red/red_suite/tools/bin/../lib/gcc/arm-none-eabi/4.3.2/../../../../arm-none-eabi/lib/thumb2\libc.a(lib_a-impure.o)
                0x10000000                _impure_ptr
 .data          0x100000f4      0x410 c:/code_red/red_suite/tools/bin/../lib/gcc/arm-none-eabi/4.3.2/../../../../arm-none-eabi/lib/thumb2\libc.a(lib_a-mallocr.o)
                0x100004fc                __malloc_sbrk_base
                0x100000f4                __malloc_av_
                0x10000500                __malloc_trim_threshold
                0x10000504                _edata = .

.bss            0x10000504      0x350 load address 0x000098a0
                0x10000504                _bss = .
 *(.bss*)
 .bss           0x10000504        0x4 ./src/main_msc.o
 .bss           0x10000508       0x40 ./src/msc_bot.o
 .bss           0x10000548      0x204 ./src/msc_scsi.o
 .bss           0x1000074c       0x34 C:\code_red\ws_examples_to_committ\RDB1768_usbstack\Release\libRDB1768_usbstack.a(usbcontrol.o)
 .bss           0x10000780       0x48 C:\code_red\ws_examples_to_committ\RDB1768_usbstack\Release\libRDB1768_usbstack.a(usbhw_lpc.o)
 .bss           0x100007c8        0x8 C:\code_red\ws_examples_to_committ\RDB1768_usbstack\Release\libRDB1768_usbstack.a(usbinit.o)
 .bss           0x100007d0        0xc C:\code_red\ws_examples_to_committ\RDB1768_usbstack\Release\libRDB1768_usbstack.a(usbstdreq.o)
 .bss           0x100007dc       0x34 c:/code_red/red_suite/tools/bin/../lib/gcc/arm-none-eabi/4.3.2/../../../../arm-none-eabi/lib/thumb2\libc.a(lib_a-mallocr.o)
                0x100007dc                __malloc_top_pad
                0x10000808                __malloc_max_sbrked_mem
                0x100007e0                __malloc_current_mallinfo
                0x1000080c                __malloc_max_total_mem
 .bss.monitor_stdout
                0x10000810        0x4 c:/code_red/red_suite/tools/bin/../lib/gcc/arm-none-eabi/4.3.2/../../../../arm-none-eabi/lib/thumb2\libcr_newlib_semihost.a(syscalls.o)
 .bss.initialized.2363
                0x10000814        0x4 c:/code_red/red_suite/tools/bin/../lib/gcc/arm-none-eabi/4.3.2/../../../../arm-none-eabi/lib/thumb2\libcr_newlib_semihost.a(syscalls.o)
 .bss.heap_end.2542
                0x10000818        0x4 c:/code_red/red_suite/tools/bin/../lib/gcc/arm-none-eabi/4.3.2/../../../../arm-none-eabi/lib/thumb2\libcr_newlib_semihost.a(syscalls.o)
 .bss.monitor_stdin
                0x1000081c        0x4 c:/code_red/red_suite/tools/bin/../lib/gcc/arm-none-eabi/4.3.2/../../../../arm-none-eabi/lib/thumb2\libcr_newlib_semihost.a(syscalls.o)
 .bss.heap_base.2543
                0x10000820        0x4 c:/code_red/red_suite/tools/bin/../lib/gcc/arm-none-eabi/4.3.2/../../../../arm-none-eabi/lib/thumb2\libcr_newlib_semihost.a(syscalls.o)
 .bss.monitor_stderr
                0x10000824        0x4 c:/code_red/red_suite/tools/bin/../lib/gcc/arm-none-eabi/4.3.2/../../../../arm-none-eabi/lib/thumb2\libcr_newlib_semihost.a(syscalls.o)
 .bss.openfiles
                0x10000828       0x28 c:/code_red/red_suite/tools/bin/../lib/gcc/arm-none-eabi/4.3.2/../../../../arm-none-eabi/lib/thumb2\libcr_newlib_semihost.a(syscalls.o)
 *(COMMON)
 COMMON         0x10000850        0x4 c:/code_red/red_suite/tools/bin/../lib/gcc/arm-none-eabi/4.3.2/../../../../arm-none-eabi/lib/thumb2\libc.a(lib_a-reent.o)
                0x10000850                errno
                0x10000854                _ebss = .

.cr_heap        0x10000854        0x0
                0x10000854                end = .
                0x10000854                _pvHeapStart = .
                0x10008000                _vRamTop = __top_RamLoc32
                0x10007ff0                _vStackTop = (_vRamTop - 0x10)
OUTPUT(RDB1768_usb_msc.axf elf32-littlearm)

.debug_abbrev   0x00000000     0x1033
 .debug_abbrev  0x00000000      0x23c ./src/blockdev_sd.o
 .debug_abbrev  0x0000023c       0xd0 ./src/cr_startup_lpc17.o
 .debug_abbrev  0x0000030c      0x15d ./src/lpc2000_spi.o
 .debug_abbrev  0x00000469       0xdb ./src/main_msc.o
 .debug_abbrev  0x00000544      0x208 ./src/msc_bot.o
 .debug_abbrev  0x0000074c      0x10f ./src/msc_scsi.o
 .debug_abbrev  0x0000085b       0xd1 ./src/target.o
 .debug_abbrev  0x0000092c      0x18a C:\code_red\ws_examples_to_committ\RDB1768_usbstack\Release\libRDB1768_usbstack.a(usbcontrol.o)
 .debug_abbrev  0x00000ab6      0x2b8 C:\code_red\ws_examples_to_committ\RDB1768_usbstack\Release\libRDB1768_usbstack.a(usbhw_lpc.o)
 .debug_abbrev  0x00000d6e       0xad C:\code_red\ws_examples_to_committ\RDB1768_usbstack\Release\libRDB1768_usbstack.a(usbinit.o)
 .debug_abbrev  0x00000e1b      0x218 C:\code_red\ws_examples_to_committ\RDB1768_usbstack\Release\libRDB1768_usbstack.a(usbstdreq.o)

.debug_info     0x00000000     0x280e
 .debug_info    0x00000000      0x549 ./src/blockdev_sd.o
 .debug_info    0x00000549      0x18a ./src/cr_startup_lpc17.o
 .debug_info    0x000006d3      0x21a ./src/lpc2000_spi.o
 .debug_info    0x000008ed      0x1ba ./src/main_msc.o
 .debug_info    0x00000aa7      0x491 ./src/msc_bot.o
 .debug_info    0x00000f38      0x309 ./src/msc_scsi.o
 .debug_info    0x00001241      0x11c ./src/target.o
 .debug_info    0x0000135d      0x3ae C:\code_red\ws_examples_to_committ\RDB1768_usbstack\Release\libRDB1768_usbstack.a(usbcontrol.o)
 .debug_info    0x0000170b      0xaa2 C:\code_red\ws_examples_to_committ\RDB1768_usbstack\Release\libRDB1768_usbstack.a(usbhw_lpc.o)
 .debug_info    0x000021ad       0xf5 C:\code_red\ws_examples_to_committ\RDB1768_usbstack\Release\libRDB1768_usbstack.a(usbinit.o)
 .debug_info    0x000022a2      0x56c C:\code_red\ws_examples_to_committ\RDB1768_usbstack\Release\libRDB1768_usbstack.a(usbstdreq.o)

.debug_line     0x00000000     0x2db1
 .debug_line    0x00000000      0x5b1 ./src/blockdev_sd.o
 .debug_line    0x000005b1       0xf8 ./src/cr_startup_lpc17.o
 .debug_line    0x000006a9      0x4bb ./src/lpc2000_spi.o
 .debug_line    0x00000b64      0x3b7 ./src/main_msc.o
 .debug_line    0x00000f1b      0x4c1 ./src/msc_bot.o
 .debug_line    0x000013dc      0x43d ./src/msc_scsi.o
 .debug_line    0x00001819      0x257 ./src/target.o
 .debug_line    0x00001a70      0x402 C:\code_red\ws_examples_to_committ\RDB1768_usbstack\Release\libRDB1768_usbstack.a(usbcontrol.o)
 .debug_line    0x00001e72      0x738 C:\code_red\ws_examples_to_committ\RDB1768_usbstack\Release\libRDB1768_usbstack.a(usbhw_lpc.o)
 .debug_line    0x000025aa      0x381 C:\code_red\ws_examples_to_committ\RDB1768_usbstack\Release\libRDB1768_usbstack.a(usbinit.o)
 .debug_line    0x0000292b      0x486 C:\code_red\ws_examples_to_committ\RDB1768_usbstack\Release\libRDB1768_usbstack.a(usbstdreq.o)

.debug_macinfo  0x00000000    0x4e63c
 .debug_macinfo
                0x00000000     0x370a ./src/blockdev_sd.o
 .debug_macinfo
                0x0000370a      0xc4c ./src/cr_startup_lpc17.o
 .debug_macinfo
                0x00004356    0x11de0 ./src/lpc2000_spi.o
 .debug_macinfo
                0x00016136     0x3db8 ./src/main_msc.o
 .debug_macinfo
                0x00019eee     0x3d7a ./src/msc_bot.o
 .debug_macinfo
                0x0001dc68     0x38b6 ./src/msc_scsi.o
 .debug_macinfo
                0x0002151e     0xf2da ./src/target.o
 .debug_macinfo
                0x000307f8     0x3c64 C:\code_red\ws_examples_to_committ\RDB1768_usbstack\Release\libRDB1768_usbstack.a(usbcontrol.o)
 .debug_macinfo
                0x0003445c    0x12880 C:\code_red\ws_examples_to_committ\RDB1768_usbstack\Release\libRDB1768_usbstack.a(usbhw_lpc.o)
 .debug_macinfo
                0x00046cdc     0x3c34 C:\code_red\ws_examples_to_committ\RDB1768_usbstack\Release\libRDB1768_usbstack.a(usbinit.o)
 .debug_macinfo
                0x0004a910     0x3d2c C:\code_red\ws_examples_to_committ\RDB1768_usbstack\Release\libRDB1768_usbstack.a(usbstdreq.o)

.debug_frame    0x00000000     0x124c
 .debug_frame   0x00000000       0xa8 ./src/blockdev_sd.o
 .debug_frame   0x000000a8       0xc8 ./src/cr_startup_lpc17.o
 .debug_frame   0x00000170       0x90 ./src/lpc2000_spi.o
 .debug_frame   0x00000200       0x44 ./src/main_msc.o
 .debug_frame   0x00000244       0xb0 ./src/msc_bot.o
 .debug_frame   0x000002f4       0x64 ./src/msc_scsi.o
 .debug_frame   0x00000358       0x60 ./src/target.o
 .debug_frame   0x000003b8       0x84 C:\code_red\ws_examples_to_committ\RDB1768_usbstack\Release\libRDB1768_usbstack.a(usbcontrol.o)
 .debug_frame   0x0000043c      0x150 C:\code_red\ws_examples_to_committ\RDB1768_usbstack\Release\libRDB1768_usbstack.a(usbhw_lpc.o)
 .debug_frame   0x0000058c       0x40 C:\code_red\ws_examples_to_committ\RDB1768_usbstack\Release\libRDB1768_usbstack.a(usbinit.o)
 .debug_frame   0x000005cc       0x74 C:\code_red\ws_examples_to_committ\RDB1768_usbstack\Release\libRDB1768_usbstack.a(usbstdreq.o)
 .debug_frame   0x00000640       0x2c c:/code_red/red_suite/tools/bin/../lib/gcc/arm-none-eabi/4.3.2/../../../../arm-none-eabi/lib/thumb2\libc.a(lib_a-memcpy.o)
 .debug_frame   0x0000066c       0x5c c:/code_red/red_suite/tools/bin/../lib/gcc/arm-none-eabi/4.3.2/../../../../arm-none-eabi/lib/thumb2\libc.a(lib_a-printf.o)
 .debug_frame   0x000006c8       0x74 c:/code_red/red_suite/tools/bin/../lib/gcc/arm-none-eabi/4.3.2/../../../../arm-none-eabi/lib/thumb2\libc.a(lib_a-vfprintf.o)
 .debug_frame   0x0000073c       0x2c c:/code_red/red_suite/tools/bin/../lib/gcc/arm-none-eabi/4.3.2/../../../../arm-none-eabi/lib/thumb2\libc.a(lib_a-wsetup.o)
 .debug_frame   0x00000768       0x64 c:/code_red/red_suite/tools/bin/../lib/gcc/arm-none-eabi/4.3.2/../../../../arm-none-eabi/lib/thumb2\libc.a(lib_a-dtoa.o)
 .debug_frame   0x000007cc       0x48 c:/code_red/red_suite/tools/bin/../lib/gcc/arm-none-eabi/4.3.2/../../../../arm-none-eabi/lib/thumb2\libc.a(lib_a-fflush.o)
 .debug_frame   0x00000814      0x12c c:/code_red/red_suite/tools/bin/../lib/gcc/arm-none-eabi/4.3.2/../../../../arm-none-eabi/lib/thumb2\libc.a(lib_a-findfp.o)
 .debug_frame   0x00000940       0x50 c:/code_red/red_suite/tools/bin/../lib/gcc/arm-none-eabi/4.3.2/../../../../arm-none-eabi/lib/thumb2\libc.a(lib_a-freer.o)
 .debug_frame   0x00000990       0x38 c:/code_red/red_suite/tools/bin/../lib/gcc/arm-none-eabi/4.3.2/../../../../arm-none-eabi/lib/thumb2\libc.a(lib_a-fvwrite.o)
 .debug_frame   0x000009c8       0x58 c:/code_red/red_suite/tools/bin/../lib/gcc/arm-none-eabi/4.3.2/../../../../arm-none-eabi/lib/thumb2\libc.a(lib_a-fwalk.o)
 .debug_frame   0x00000a20       0x74 c:/code_red/red_suite/tools/bin/../lib/gcc/arm-none-eabi/4.3.2/../../../../arm-none-eabi/lib/thumb2\libc.a(lib_a-locale.o)
 .debug_frame   0x00000a94       0x30 c:/code_red/red_suite/tools/bin/../lib/gcc/arm-none-eabi/4.3.2/../../../../arm-none-eabi/lib/thumb2\libc.a(lib_a-makebuf.o)
 .debug_frame   0x00000ac4       0x40 c:/code_red/red_suite/tools/bin/../lib/gcc/arm-none-eabi/4.3.2/../../../../arm-none-eabi/lib/thumb2\libc.a(lib_a-malloc.o)
 .debug_frame   0x00000b04       0x38 c:/code_red/red_suite/tools/bin/../lib/gcc/arm-none-eabi/4.3.2/../../../../arm-none-eabi/lib/thumb2\libc.a(lib_a-mallocr.o)
 .debug_frame   0x00000b3c       0x28 c:/code_red/red_suite/tools/bin/../lib/gcc/arm-none-eabi/4.3.2/../../../../arm-none-eabi/lib/thumb2\libc.a(lib_a-memchr.o)
 .debug_frame   0x00000b64       0x2c c:/code_red/red_suite/tools/bin/../lib/gcc/arm-none-eabi/4.3.2/../../../../arm-none-eabi/lib/thumb2\libc.a(lib_a-memmove.o)
 .debug_frame   0x00000b90       0x28 c:/code_red/red_suite/tools/bin/../lib/gcc/arm-none-eabi/4.3.2/../../../../arm-none-eabi/lib/thumb2\libc.a(lib_a-memset.o)
 .debug_frame   0x00000bb8       0x30 c:/code_red/red_suite/tools/bin/../lib/gcc/arm-none-eabi/4.3.2/../../../../arm-none-eabi/lib/thumb2\libc.a(lib_a-mlock.o)
 .debug_frame   0x00000be8      0x228 c:/code_red/red_suite/tools/bin/../lib/gcc/arm-none-eabi/4.3.2/../../../../arm-none-eabi/lib/thumb2\libc.a(lib_a-mprec.o)
 .debug_frame   0x00000e10       0x38 c:/code_red/red_suite/tools/bin/../lib/gcc/arm-none-eabi/4.3.2/../../../../arm-none-eabi/lib/thumb2\libc.a(lib_a-reallocr.o)
 .debug_frame   0x00000e48       0x20 c:/code_red/red_suite/tools/bin/../lib/gcc/arm-none-eabi/4.3.2/../../../../arm-none-eabi/lib/thumb2\libc.a(lib_a-s_isinfd.o)
 .debug_frame   0x00000e68       0x28 c:/code_red/red_suite/tools/bin/../lib/gcc/arm-none-eabi/4.3.2/../../../../arm-none-eabi/lib/thumb2\libc.a(lib_a-s_isnand.o)
 .debug_frame   0x00000e90       0x2c c:/code_red/red_suite/tools/bin/../lib/gcc/arm-none-eabi/4.3.2/../../../../arm-none-eabi/lib/thumb2\libc.a(lib_a-sbrkr.o)
 .debug_frame   0x00000ebc       0x78 c:/code_red/red_suite/tools/bin/../lib/gcc/arm-none-eabi/4.3.2/../../../../arm-none-eabi/lib/thumb2\libc.a(lib_a-stdio.o)
 .debug_frame   0x00000f34       0x20 c:/code_red/red_suite/tools/bin/../lib/gcc/arm-none-eabi/4.3.2/../../../../arm-none-eabi/lib/thumb2\libc.a(lib_a-strcmp.o)
 .debug_frame   0x00000f54       0x20 c:/code_red/red_suite/tools/bin/../lib/gcc/arm-none-eabi/4.3.2/../../../../arm-none-eabi/lib/thumb2\libc.a(lib_a-strlen.o)
 .debug_frame   0x00000f74       0x2c c:/code_red/red_suite/tools/bin/../lib/gcc/arm-none-eabi/4.3.2/../../../../arm-none-eabi/lib/thumb2\libc.a(lib_a-writer.o)
 .debug_frame   0x00000fa0       0x28 c:/code_red/red_suite/tools/bin/../lib/gcc/arm-none-eabi/4.3.2/../../../../arm-none-eabi/lib/thumb2\libc.a(lib_a-callocr.o)
 .debug_frame   0x00000fc8       0x2c c:/code_red/red_suite/tools/bin/../lib/gcc/arm-none-eabi/4.3.2/../../../../arm-none-eabi/lib/thumb2\libc.a(lib_a-closer.o)
 .debug_frame   0x00000ff4       0x44 c:/code_red/red_suite/tools/bin/../lib/gcc/arm-none-eabi/4.3.2/../../../../arm-none-eabi/lib/thumb2\libc.a(lib_a-fclose.o)
 .debug_frame   0x00001038       0x2c c:/code_red/red_suite/tools/bin/../lib/gcc/arm-none-eabi/4.3.2/../../../../arm-none-eabi/lib/thumb2\libc.a(lib_a-fstatr.o)
 .debug_frame   0x00001064       0x2c c:/code_red/red_suite/tools/bin/../lib/gcc/arm-none-eabi/4.3.2/../../../../arm-none-eabi/lib/thumb2\libc.a(lib_a-isattyr.o)
 .debug_frame   0x00001090       0x2c c:/code_red/red_suite/tools/bin/../lib/gcc/arm-none-eabi/4.3.2/../../../../arm-none-eabi/lib/thumb2\libc.a(lib_a-lseekr.o)
 .debug_frame   0x000010bc       0x2c c:/code_red/red_suite/tools/bin/../lib/gcc/arm-none-eabi/4.3.2/../../../../arm-none-eabi/lib/thumb2\libc.a(lib_a-readr.o)
 .debug_frame   0x000010e8       0x64 c:/code_red/red_suite/tools/bin/../lib/gcc/arm-none-eabi/4.3.2/../../../../arm-none-eabi/lib/thumb2\libc.a(lib_a-reent.o)
 .debug_frame   0x0000114c       0x20 c:/code_red/red_suite/tools/bin/../lib/gcc/arm-none-eabi/4.3.2/thumb2\libgcc.a(_udivsi3.o)
 .debug_frame   0x0000116c       0x50 c:/code_red/red_suite/tools/bin/../lib/gcc/arm-none-eabi/4.3.2/thumb2\libgcc.a(bpabi.o)
 .debug_frame   0x000011bc       0x38 c:/code_red/red_suite/tools/bin/../lib/gcc/arm-none-eabi/4.3.2/thumb2\libgcc.a(_divdi3.o)
 .debug_frame   0x000011f4       0x38 c:/code_red/red_suite/tools/bin/../lib/gcc/arm-none-eabi/4.3.2/thumb2\libgcc.a(_udivdi3.o)
 .debug_frame   0x0000122c       0x20 c:/code_red/red_suite/tools/bin/../lib/gcc/arm-none-eabi/4.3.2/../../../../arm-none-eabi/lib/thumb2\libc.a(lib_a-errno.o)

.debug_loc      0x00000000     0x16f2
 .debug_loc     0x00000000      0x4c3 ./src/blockdev_sd.o
 .debug_loc     0x000004c3       0x1f ./src/cr_startup_lpc17.o
 .debug_loc     0x000004e2      0x151 ./src/lpc2000_spi.o
 .debug_loc     0x00000633       0xfb ./src/main_msc.o
 .debug_loc     0x0000072e      0x330 ./src/msc_bot.o
 .debug_loc     0x00000a5e      0x24b ./src/msc_scsi.o
 .debug_loc     0x00000ca9       0x3e ./src/target.o
 .debug_loc     0x00000ce7      0x246 C:\code_red\ws_examples_to_committ\RDB1768_usbstack\Release\libRDB1768_usbstack.a(usbcontrol.o)
 .debug_loc     0x00000f2d      0x33d C:\code_red\ws_examples_to_committ\RDB1768_usbstack\Release\libRDB1768_usbstack.a(usbhw_lpc.o)
 .debug_loc     0x0000126a       0x5c C:\code_red\ws_examples_to_committ\RDB1768_usbstack\Release\libRDB1768_usbstack.a(usbinit.o)
 .debug_loc     0x000012c6      0x42c C:\code_red\ws_examples_to_committ\RDB1768_usbstack\Release\libRDB1768_usbstack.a(usbstdreq.o)

.debug_pubnames
                0x00000000      0x409
 .debug_pubnames
                0x00000000       0x5a ./src/blockdev_sd.o
 .debug_pubnames
                0x0000005a       0x35 ./src/cr_startup_lpc17.o
 .debug_pubnames
                0x0000008f       0x61 ./src/lpc2000_spi.o
 .debug_pubnames
                0x000000f0       0x1b ./src/main_msc.o
 .debug_pubnames
                0x0000010b       0x45 ./src/msc_bot.o
 .debug_pubnames
                0x00000150       0x45 ./src/msc_scsi.o
 .debug_pubnames
                0x00000195       0x58 ./src/target.o
 .debug_pubnames
                0x000001ed       0x4d C:\code_red\ws_examples_to_committ\RDB1768_usbstack\Release\libRDB1768_usbstack.a(usbcontrol.o)
 .debug_pubnames
                0x0000023a      0x132 C:\code_red\ws_examples_to_committ\RDB1768_usbstack\Release\libRDB1768_usbstack.a(usbhw_lpc.o)
 .debug_pubnames
                0x0000036c       0x1e C:\code_red\ws_examples_to_committ\RDB1768_usbstack\Release\libRDB1768_usbstack.a(usbinit.o)
 .debug_pubnames
                0x0000038a       0x7f C:\code_red\ws_examples_to_committ\RDB1768_usbstack\Release\libRDB1768_usbstack.a(usbstdreq.o)

.debug_aranges  0x00000000      0x2f0
 .debug_aranges
                0x00000000       0x40 ./src/blockdev_sd.o
 .debug_aranges
                0x00000040       0x70 ./src/cr_startup_lpc17.o
 .debug_aranges
                0x000000b0       0x48 ./src/lpc2000_spi.o
 .debug_aranges
                0x000000f8       0x28 ./src/main_msc.o
 .debug_aranges
                0x00000120       0x48 ./src/msc_bot.o
 .debug_aranges
                0x00000168       0x30 ./src/msc_scsi.o
 .debug_aranges